******************************************************************************
                  TI ARM Linker PC v20.2.7                     
******************************************************************************
>> Linked Fri May  2 17:50:07 2025

OUTPUT FILE NAME:   <FinalProject.out>
ENTRY POINT SYMBOL: "_c_int00_noargs"  address: 00005339


MEMORY CONFIGURATION

         name            origin    length      used     unused   attr    fill
----------------------  --------  ---------  --------  --------  ----  --------
  FLASH                 00000000   00040000  00005780  0003a880  R  X
  SRAM                  20000000   00008000  00002460  00005ba0  RW X


SEGMENT ALLOCATION MAP

run origin  load origin   length   init length attrs members
----------  ----------- ---------- ----------- ----- -------
00000000    00000000    00005780   00005780    r-x
  00000000    00000000    0000026c   0000026c    r-- .intvecs
  0000026c    0000026c    00005330   00005330    r-x .text
  0000559c    0000559c    0000014c   0000014c    r-- .const
  000056e8    000056e8    00000098   00000098    r-- .cinit
20000000    20000000    00002468   00000000    rw-
  20000000    20000000    0000026c   00000000    rw- .vtable
  20000270    20000270    00001000   00000000    rw- .stack
  20001270    20001270    00001000   00000000    rw- .sysmem
  20002270    20002270    00000154   00000000    rw- .bss
  200023c8    200023c8    000000a0   00000000    rw- .data


SECTION ALLOCATION MAP

 output                                  attributes/
section   page    origin      length       input sections
--------  ----  ----------  ----------   ----------------
.intvecs   0    00000000    0000026c     
                  00000000    0000026c     tm4c123gh6pm_startup_ccs.obj (.intvecs)

.text      0    0000026c    00005330     
                  0000026c    00000c20     open_interface.obj (.text)
                  00000e8c    00000a4e     rtsv7M4_T_le_v4SPD16_eabi.lib : _printfi.c.obj (.text:__TI_printfi)
                  000018da    00000002                                   : _lock.c.obj (.text:_nop)
                  000018dc    000006e4     movement.obj (.text)
                  00001fc0    000006a0     objects.obj (.text)
                  00002660    000003b0     gui.obj (.text)
                  00002a10    000003ac     servo.obj (.text)
                  00002dbc    00000328     lcd.obj (.text)
                  000030e4    000002b8     uart.obj (.text)
                  0000339c    00000298     adc.obj (.text)
                  00003634    00000270     rtsv7M4_T_le_v4SPD16_eabi.lib : _printfi.c.obj (.text:_pconv_a)
                  000038a4    00000270     ping.obj (.text)
                  00003b14    00000248     Timer.obj (.text)
                  00003d5c    000001d0     rtsv7M4_T_le_v4SPD16_eabi.lib : _printfi.c.obj (.text:_pconv_g)
                  00003f2c    000001b6                                   : fd_add_t2.asm.obj (.text)
                  000040e2    00000002                                   : div0.asm.obj (.text)
                  000040e4    0000013c                                   : _printfi.c.obj (.text:_pconv_e)
                  00004220    00000136                                   : fd_div_t2.asm.obj (.text)
                  00004356    00000002     --HOLE-- [fill = 0]
                  00004358    00000124                                   : _printfi.c.obj (.text:fcvt)
                  0000447c    00000110                                   : s_scalbn.c.obj (.text:scalbn)
                  0000458c    00000100                                   : memory.c.obj (.text:aligned_alloc)
                  0000468c    000000fc                                   : fd_mul_t2.asm.obj (.text)
                  00004788    000000e4                                   : memory.c.obj (.text:free)
                  0000486c    000000e4     main.obj (.text)
                  00004950    000000b1     rtsv7M4_T_le_v4SPD16_eabi.lib : _printfi.c.obj (.text:_ltostr)
                  00004a01    00000001     --HOLE-- [fill = 0]
                  00004a02    0000009c                                   : memcpy_t2.asm.obj (.text)
                  00004a9e    00000096                                   : ull_div_t2.asm.obj (.text)
                  00004b34    00000086                                   : fd_cmp_t2.asm.obj (.text:__aeabi_cdcmple)
                  00004bba    00000086                                   : fd_cmp_t2.asm.obj (.text:__aeabi_cdrcmple)
                  00004c40    00000080     button.obj (.text)
                  00004cc0    0000007a     rtsv7M4_T_le_v4SPD16_eabi.lib : memset_t2.asm.obj (.text)
                  00004d3a    00000002     --HOLE-- [fill = 0]
                  00004d3c    00000070                                   : memory.c.obj (.text:split)
                  00004dac    0000006e                                   : _printfi.c.obj (.text:_mcpy)
                  00004e1a    0000006e                                   : fd_tos_t2.asm.obj (.text)
                  00004e88    00000068                                   : copy_decompress_lzss.c.obj (.text:decompress:lzss:__TI_decompress_lzss)
                  00004ef0    00000068     scan.obj (.text)
                  00004f58    00000064     rtsv7M4_T_le_v4SPD16_eabi.lib : s_frexp.c.obj (.text:frexp)
                  00004fbc    00000056                                   : _printfi.c.obj (.text:_pconv_f)
                  00005012    00000054                                   : _ltoa.c.obj (.text:__TI_ltoa)
                  00005066    00000052                                   : _printfi.c.obj (.text:_ecpy)
                  000050b8    0000004c                                   : atoi.c.obj (.text:atoi)
                  00005104    00000048                                   : fd_toi_t2.asm.obj (.text)
                  0000514c    00000044                                   : autoinit.c.obj (.text:__TI_auto_init_nobinit_nopinit:__TI_auto_init_nobinit_nopinit)
                  00005190    00000044                                   : fd_tou_t2.asm.obj (.text)
                  000051d4    00000040                                   : sprintf.c.obj (.text:sprintf)
                  00005214    00000040                                   : vsnprintf.c.obj (.text:vsnprintf)
                  00005254    0000003e                                   : _printfi.c.obj (.text:_fcpy)
                  00005292    00000002     --HOLE-- [fill = 0]
                  00005294    00000038                                   : memory.c.obj (.text:calloc)
                  000052cc    00000038                                   : fs_tod_t2.asm.obj (.text)
                  00005304    00000034     driverlib.lib : interrupt.obj (.text:IntRegister)
                  00005338    00000034     rtsv7M4_T_le_v4SPD16_eabi.lib : boot_cortex_m.c.obj (.text:_c_int00_noargs:_c_int00_noargs)
                  0000536c    00000030                                   : vsnprintf.c.obj (.text:_outs)
                  0000539c    0000002e                                   : i_tofd_t2.asm.obj (.text)
                  000053ca    00000002     --HOLE-- [fill = 0]
                  000053cc    00000028                                   : memory.c.obj (.text:free_list_insert)
                  000053f4    00000020                                   : u_tofd_t2.asm.obj (.text)
                  00005414    0000001c                                   : copy_zero_init.c.obj (.text:decompress:ZI:__TI_zero_init_nomemset:__TI_zero_init_nomemset)
                  00005430    0000001c                                   : memory.c.obj (.text:free_list_remove)
                  0000544c    0000001c                                   : memccpy.c.obj (.text:memccpy)
                  00005468    0000001a                                   : s_copysign.c.obj (.text:copysign)
                  00005482    00000018                                   : vsnprintf.c.obj (.text:_outc)
                  0000549a    00000018                                   : sprintf.c.obj (.text:_outs)
                  000054b2    00000018     open_interface.obj (.text:oi_parseInt)
                  000054ca    00000018     rtsv7M4_T_le_v4SPD16_eabi.lib : strcmp.c.obj (.text:strcmp)
                  000054e2    00000016                                   : strchr.c.obj (.text:strchr)
                  000054f8    00000014                                   : strcpy.c.obj (.text:strcpy)
                  0000550c    00000014                                   : strlen.c.obj (.text:strlen)
                  00005520    00000012                                   : wcslen.c.obj (.text:wcslen)
                  00005532    00000010     driverlib.lib : interrupt.obj (.text:IntMasterEnable)
                  00005542    00000010     lcd.obj (.text:lcd_clear)
                  00005552    0000000e     rtsv7M4_T_le_v4SPD16_eabi.lib : copy_decompress_none.c.obj (.text:decompress:none:__TI_decompress_none)
                  00005560    0000000c     driverlib.lib : cpu.obj (.text:CPUcpsie)
                  0000556c    0000000c     tm4c123gh6pm_startup_ccs.obj (.text)
                  00005578    0000000a     rtsv7M4_T_le_v4SPD16_eabi.lib : sprintf.c.obj (.text:_outc)
                  00005582    00000002     --HOLE-- [fill = 0]
                  00005584    00000008                                   : errno.c.obj (.text:__aeabi_errno_addr)
                  0000558c    00000008                                   : memory.c.obj (.text:malloc)
                  00005594    00000004                                   : pre_init.c.obj (.text:_system_pre_init)
                  00005598    00000004                                   : exit.c.obj (.text:abort:abort)

.const     0    0000559c    0000014c     
                  0000559c    00000101     rtsv7M4_T_le_v4SPD16_eabi.lib : ctype.c.obj (.const:.string:_ctypes_)
                  0000569d    00000003     --HOLE-- [fill = 0]
                  000056a0    00000028     gui.obj (.const)
                  000056c8    0000000f     open_interface.obj (.const:.string:$P$T0$3)
                  000056d7    00000001     --HOLE-- [fill = 0]
                  000056d8    00000008     scan.obj (.const)
                  000056e0    00000004     lcd.obj (.const:.string:lineAddress$1)
                  000056e4    00000004     lcd.obj (.const:.string:lineAddresses$2)

.cinit     0    000056e8    00000098     
                  000056e8    00000060     (.cinit..data.load) [load image, compression = lzss]
                  00005748    0000000c     (__TI_handler_table)
                  00005754    00000004     --HOLE-- [fill = 0]
                  00005758    00000008     (.cinit..bss.load) [load image, compression = zero_init]
                  00005760    00000008     (.cinit..vtable.load) [load image, compression = zero_init]
                  00005768    00000018     (__TI_cinit_table)

.init_array 
*          0    00000000    00000000     UNINITIALIZED

.vtable    0    20000000    0000026c     UNINITIALIZED
                  20000000    0000026c     driverlib.lib : interrupt.obj (.vtable)

.stack     0    20000270    00001000     UNINITIALIZED
                  20000270    00000004     rtsv7M4_T_le_v4SPD16_eabi.lib : boot_cortex_m.c.obj (.stack)
                  20000274    00000ffc     --HOLE--

.sysmem    0    20001270    00001000     UNINITIALIZED
                  20001270    00000010     rtsv7M4_T_le_v4SPD16_eabi.lib : memory.c.obj (.sysmem)
                  20001280    00000ff0     --HOLE--

.bss       0    20002270    00000154     UNINITIALIZED
                  20002270    00000078     (.common:objects)
                  200022e8    00000064     (.common:message)
                  2000234c    00000054     lcd.obj (.bss:lastbuffer$3)
                  200023a0    00000018     open_interface.obj (.bss:firmware$2)
                  200023b8    00000004     (.common:_timeout_ticks)
                  200023bc    00000004     (.common:numObjects)
                  200023c0    00000004     (.common:time_diff)

.data      0    200023c8    000000a0     UNINITIALIZED
                  200023c8    00000028     objects.obj (.data:finished)
                  200023f0    00000020     open_interface.obj (.data)
                  20002410    00000018     ping.obj (.data)
                  20002428    00000014     uart.obj (.data)
                  2000243c    00000004     rtsv7M4_T_le_v4SPD16_eabi.lib : errno.c.obj (.data)
                  20002440    0000000c     objects.obj (.data)
                  2000244c    00000009     servo.obj (.data)
                  20002455    00000001     Timer.obj (.data)
                  20002456    00000001     button.obj (.data)
                  20002457    00000001     movement.obj (.data)
                  20002458    00000008     rtsv7M4_T_le_v4SPD16_eabi.lib : _lock.c.obj (.data:$O1$$)
                  20002460    00000008                                   : memory.c.obj (.data:$O1$$)

__llvm_prf_cnts 
*          0    20000000    00000000     UNINITIALIZED

MODULE SUMMARY

       Module                         code    ro data   rw data
       ------                         ----    -------   -------
    .\
       open_interface.obj             3128    15        56     
       objects.obj                    1696    0         276    
       movement.obj                   1764    0         1      
       gui.obj                        944     40        0      
       servo.obj                      940     0         9      
       lcd.obj                        824     8         84     
       uart.obj                       696     0         20     
       adc.obj                        664     0         0      
       ping.obj                       624     0         28     
       tm4c123gh6pm_startup_ccs.obj   12      620       0      
       Timer.obj                      584     0         5      
       main.obj                       228     0         0      
       button.obj                     128     0         1      
       scan.obj                       104     8         0      
    +--+------------------------------+-------+---------+---------+
       Total:                         12336   691       480    
                                                               
    C:/ti/TivaWare_C_Series-2.2.0.295/driverlib/ccs/Debug/driverlib.lib
       interrupt.obj                  68      0         620    
       cpu.obj                        12      0         0      
    +--+------------------------------+-------+---------+---------+
       Total:                         80      0         620    
                                                               
    C:\ti\ccs1271\ccs\tools\compiler\ti-cgt-arm_20.2.7.LTS\lib\rtsv7M4_T_le_v4SPD16_eabi.lib
       _printfi.c.obj                 4851    0         0      
       memory.c.obj                   728     0         8      
       fd_add_t2.asm.obj              438     0         0      
       fd_div_t2.asm.obj              310     0         0      
       s_scalbn.c.obj                 272     0         0      
       fd_cmp_t2.asm.obj              268     0         0      
       ctype.c.obj                    0       257       0      
       fd_mul_t2.asm.obj              252     0         0      
       memcpy_t2.asm.obj              156     0         0      
       ull_div_t2.asm.obj             150     0         0      
       vsnprintf.c.obj                136     0         0      
       memset_t2.asm.obj              122     0         0      
       fd_tos_t2.asm.obj              110     0         0      
       copy_decompress_lzss.c.obj     104     0         0      
       s_frexp.c.obj                  100     0         0      
       sprintf.c.obj                  98      0         0      
       _ltoa.c.obj                    84      0         0      
       atoi.c.obj                     76      0         0      
       fd_toi_t2.asm.obj              72      0         0      
       autoinit.c.obj                 68      0         0      
       fd_tou_t2.asm.obj              68      0         0      
       fs_tod_t2.asm.obj              56      0         0      
       boot_cortex_m.c.obj            52      0         0      
       i_tofd_t2.asm.obj              46      0         0      
       u_tofd_t2.asm.obj              32      0         0      
       copy_zero_init.c.obj           28      0         0      
       memccpy.c.obj                  28      0         0      
       s_copysign.c.obj               26      0         0      
       strcmp.c.obj                   24      0         0      
       strchr.c.obj                   22      0         0      
       strcpy.c.obj                   20      0         0      
       strlen.c.obj                   20      0         0      
       wcslen.c.obj                   18      0         0      
       copy_decompress_none.c.obj     14      0         0      
       errno.c.obj                    8       0         4      
       _lock.c.obj                    2       0         8      
       exit.c.obj                     4       0         0      
       pre_init.c.obj                 4       0         0      
       div0.asm.obj                   2       0         0      
    +--+------------------------------+-------+---------+---------+
       Total:                         8869    257       20     
                                                               
       Heap:                          0       0         4096   
       Stack:                         0       0         4096   
       Linker Generated:              0       148       0      
    +--+------------------------------+-------+---------+---------+
       Grand Total:                   21285   1096      9312   


LINKER GENERATED COPY TABLES

__TI_cinit_table @ 00005768 records: 3, size/record: 8, table size: 24
	.data: load addr=000056e8, load size=00000060 bytes, run addr=200023c8, run size=000000a0 bytes, compression=lzss
	.bss: load addr=00005758, load size=00000008 bytes, run addr=20002270, run size=00000154 bytes, compression=zero_init
	.vtable: load addr=00005760, load size=00000008 bytes, run addr=20000000, run size=0000026c bytes, compression=zero_init


LINKER GENERATED HANDLER TABLE

__TI_handler_table @ 00005748 records: 3, size/record: 4, table size: 12
	index: 0, handler: __TI_zero_init
	index: 1, handler: __TI_decompress_lzss
	index: 2, handler: __TI_decompress_none


GLOBAL SYMBOLS: SORTED ALPHABETICALLY BY Name 

address   name                          
-------   ----                          
000056a4  ANGLE                         
000056b0  BOUNDARY                      
000056a8  BUMP                          
00005599  C$$EXIT                       
00005561  CPUcpsie                      
000056a0  DISTANCE                      
000056b4  END                           
000056b8  FAR_LEFT                      
000056c4  FAR_RIGHT                     
00000bc3  GPIOF_Handler                 
000056ac  HOLE                          
000056dc  IR                            
00005533  IntMasterEnable               
00005305  IntRegister                   
000056bc  LEFT                          
000056c0  RIGHT                         
0000556d  ResetISR                      
000056d8  SONAR                         
000039fd  TIMER3B_Handler               
00003217  UART1_Handler                 
20001270  __STACK_END                   
00001000  __STACK_SIZE                  
20000470  __STACK_TOP                   
00001000  __SYSMEM_SIZE                 
00005768  __TI_CINIT_Base               
00005780  __TI_CINIT_Limit              
00005748  __TI_Handler_Table_Base       
00005754  __TI_Handler_Table_Limit      
0000514d  __TI_auto_init_nobinit_nopinit
00004e89  __TI_decompress_lzss          
00005553  __TI_decompress_none          
00005013  __TI_ltoa                     
ffffffff  __TI_pprof_out_hndl           
00000e8d  __TI_printfi                  
ffffffff  __TI_prof_data_size           
ffffffff  __TI_prof_data_start          
00000000  __TI_static_base__            
00005415  __TI_zero_init_nomemset       
00004b35  __aeabi_cdcmpeq               
00004b35  __aeabi_cdcmple               
00004bbb  __aeabi_cdrcmple              
00004e1b  __aeabi_d2f                   
00005105  __aeabi_d2iz                  
00005191  __aeabi_d2uiz                 
00003f37  __aeabi_dadd                  
00004221  __aeabi_ddiv                  
0000468d  __aeabi_dmul                  
00003f2d  __aeabi_dsub                  
00005585  __aeabi_errno_addr            
000052cd  __aeabi_f2d                   
0000539d  __aeabi_i2d                   
000040e3  __aeabi_idiv0                 
000040e3  __aeabi_ldiv0                 
00004cc1  __aeabi_memclr                
00004cc1  __aeabi_memclr4               
00004cc1  __aeabi_memclr8               
00004a03  __aeabi_memcpy                
00004a03  __aeabi_memcpy4               
00004a03  __aeabi_memcpy8               
00004cc3  __aeabi_memset                
00004cc3  __aeabi_memset4               
00004cc3  __aeabi_memset8               
000053f5  __aeabi_ui2d                  
00004a9f  __aeabi_uldivmod              
ffffffff  __binit__                     
ffffffff  __c_args__                    
UNDEFED   __mpu_init                    
20000270  __stack                       
20000000  __start___llvm_prf_cnts       
20000000  __stop___llvm_prf_cnts        
00005339  _c_int00_noargs               
0000559c  _ctypes_                      
20002458  _lock                         
000018db  _nop                          
20002455  _running                      
20001270  _sys_memory                   
UNDEFED   _system_post_cinit            
00005595  _system_pre_init              
200023b8  _timeout_ticks                
2000245c  _unlock                       
00005599  abort                         
0000346b  adc_calibrate                 
0000339d  adc_init                      
0000343f  adc_read                      
0000458d  aligned_alloc                 
000050b9  atoi                          
ffffffff  binit                         
00001ec5  bump                          
00004c75  button_getButton              
00004c41  button_init                   
20002454  calibrated                    
00005295  calloc                        
00001fc1  change_parameters             
20002428  command_byte                  
2000242e  command_byte_BACKWARD         
20002434  command_byte_CHANGE           
20002432  command_byte_ESCAPE           
2000242d  command_byte_FORWARD          
20002429  command_byte_GO               
20002431  command_byte_HALT             
2000242f  command_byte_LEFT             
2000242c  command_byte_MANUAL           
20002433  command_byte_PRINT            
2000242b  command_byte_QUIT             
20002430  command_byte_RIGHT            
2000242a  command_byte_STOP             
20002435  command_byte_THRESHOLD        
20002438  command_flag                  
00005469  copysign                      
00005469  copysignl                     
20002420  current_time                  
20002448  degree_increment              
000023cd  detect_objects                
20002440  distance_threshold            
2000243c  errno                         
200023c8  finished                      
00004789  free                          
00004f59  frexp                         
00004f59  frexpl                        
20002414  g_end_time                    
20000000  g_pfnRAMVectors               
00000000  g_pfnVectors                  
20002410  g_start_time                  
20002418  g_state                       
0000097f  go_charge                     
00001d25  hazards                       
00001f0d  hole                          
2000241c  last_time                     
00005543  lcd_clear                     
00002f91  lcd_gotoLine                  
00002df9  lcd_init                      
00002ff7  lcd_printf                    
00002eb9  lcd_putc                      
00002ef1  lcd_puts                      
00002dbd  lcd_reverseNibble             
00002f0f  lcd_sendCommand               
00002f4d  lcd_sendNibble                
00002fb9  lcd_setCursorPos              
0000447d  ldexp                         
0000447d  ldexpl                        
0000486d  main                          
0000558d  malloc                        
0000458d  memalign                      
0000544d  memccpy                       
00004a03  memcpy                        
00004cc9  memset                        
200022e8  message                       
200023f0  motor_cal_factor_L            
200023f4  motor_cal_factor_R            
000019a7  move_backward                 
000018dd  move_forward                  
00001bb9  movement                      
200023bc  numObjects                    
20002270  objects                       
0000026d  oi_alloc                      
00000aa9  oi_checkFirmware              
000002c7  oi_close                      
00000279  oi_free                       
00000ded  oi_getMotorCalibrationLeft    
00000e01  oi_getMotorCalibrationRight   
000002b1  oi_init                       
00000289  oi_init_noupdate              
00000915  oi_loadSong                   
000054b3  oi_parseInt                   
0000032b  oi_parsePacket                
0000096b  oi_play_song                  
0000084b  oi_setLeds                    
00000db1  oi_setMotorCalibration        
0000088f  oi_setWheels                  
00000b51  oi_shutoff_init               
0000098d  oi_uartInit                   
00000a31  oi_uartReceive                
00000a77  oi_uartSendBuff               
00000a15  oi_uartSendChar               
00000a59  oi_uartSendStr                
000002d9  oi_update                     
20002426  overflow                      
00003a55  ping_getDistance              
000038a5  ping_init                     
00003969  ping_trigger                  
00002151  print_objects                 
0000447d  scalbn                        
0000447d  scalbnl                       
00004ef1  scan                          
00002b5d  servo_calibrate               
00002a11  servo_init                    
00002ac3  servo_move                    
000051d5  sprintf                       
000054e3  strchr                        
000054cb  strcmp                        
000054f9  strcpy                        
0000550d  strlen                        
200023c0  time_diff                     
00003c33  timer_getMicros               
00003bdb  timer_getMillis               
00003b15  timer_init                    
00003bb7  timer_pause                   
00003bc9  timer_resume                  
00003b8d  timer_stop                    
00003c8d  timer_waitMicros              
00003cbf  timer_waitMillis              
2000244c  true_0                        
20002450  true_180                      
00001b0b  turn_left                     
00001a6f  turn_right                    
000030e5  uart_init                     
000031f9  uart_receive_nonblocking      
000026ad  uart_sendBump                 
000031bf  uart_sendChar                 
00002661  uart_sendData                 
00002713  uart_sendHole                 
0000282d  uart_sendObject               
000031db  uart_sendStr                  
20002424  update_flag                   
00005215  vsnprintf                     
00005521  wcslen                        
20002457  wheels_on                     


GLOBAL SYMBOLS: SORTED BY Symbol Address 

address   name                          
-------   ----                          
00000000  __TI_static_base__            
00000000  g_pfnVectors                  
0000026d  oi_alloc                      
00000279  oi_free                       
00000289  oi_init_noupdate              
000002b1  oi_init                       
000002c7  oi_close                      
000002d9  oi_update                     
0000032b  oi_parsePacket                
0000084b  oi_setLeds                    
0000088f  oi_setWheels                  
00000915  oi_loadSong                   
0000096b  oi_play_song                  
0000097f  go_charge                     
0000098d  oi_uartInit                   
00000a15  oi_uartSendChar               
00000a31  oi_uartReceive                
00000a59  oi_uartSendStr                
00000a77  oi_uartSendBuff               
00000aa9  oi_checkFirmware              
00000b51  oi_shutoff_init               
00000bc3  GPIOF_Handler                 
00000db1  oi_setMotorCalibration        
00000ded  oi_getMotorCalibrationLeft    
00000e01  oi_getMotorCalibrationRight   
00000e8d  __TI_printfi                  
00001000  __STACK_SIZE                  
00001000  __SYSMEM_SIZE                 
000018db  _nop                          
000018dd  move_forward                  
000019a7  move_backward                 
00001a6f  turn_right                    
00001b0b  turn_left                     
00001bb9  movement                      
00001d25  hazards                       
00001ec5  bump                          
00001f0d  hole                          
00001fc1  change_parameters             
00002151  print_objects                 
000023cd  detect_objects                
00002661  uart_sendData                 
000026ad  uart_sendBump                 
00002713  uart_sendHole                 
0000282d  uart_sendObject               
00002a11  servo_init                    
00002ac3  servo_move                    
00002b5d  servo_calibrate               
00002dbd  lcd_reverseNibble             
00002df9  lcd_init                      
00002eb9  lcd_putc                      
00002ef1  lcd_puts                      
00002f0f  lcd_sendCommand               
00002f4d  lcd_sendNibble                
00002f91  lcd_gotoLine                  
00002fb9  lcd_setCursorPos              
00002ff7  lcd_printf                    
000030e5  uart_init                     
000031bf  uart_sendChar                 
000031db  uart_sendStr                  
000031f9  uart_receive_nonblocking      
00003217  UART1_Handler                 
0000339d  adc_init                      
0000343f  adc_read                      
0000346b  adc_calibrate                 
000038a5  ping_init                     
00003969  ping_trigger                  
000039fd  TIMER3B_Handler               
00003a55  ping_getDistance              
00003b15  timer_init                    
00003b8d  timer_stop                    
00003bb7  timer_pause                   
00003bc9  timer_resume                  
00003bdb  timer_getMillis               
00003c33  timer_getMicros               
00003c8d  timer_waitMicros              
00003cbf  timer_waitMillis              
00003f2d  __aeabi_dsub                  
00003f37  __aeabi_dadd                  
000040e3  __aeabi_idiv0                 
000040e3  __aeabi_ldiv0                 
00004221  __aeabi_ddiv                  
0000447d  ldexp                         
0000447d  ldexpl                        
0000447d  scalbn                        
0000447d  scalbnl                       
0000458d  aligned_alloc                 
0000458d  memalign                      
0000468d  __aeabi_dmul                  
00004789  free                          
0000486d  main                          
00004a03  __aeabi_memcpy                
00004a03  __aeabi_memcpy4               
00004a03  __aeabi_memcpy8               
00004a03  memcpy                        
00004a9f  __aeabi_uldivmod              
00004b35  __aeabi_cdcmpeq               
00004b35  __aeabi_cdcmple               
00004bbb  __aeabi_cdrcmple              
00004c41  button_init                   
00004c75  button_getButton              
00004cc1  __aeabi_memclr                
00004cc1  __aeabi_memclr4               
00004cc1  __aeabi_memclr8               
00004cc3  __aeabi_memset                
00004cc3  __aeabi_memset4               
00004cc3  __aeabi_memset8               
00004cc9  memset                        
00004e1b  __aeabi_d2f                   
00004e89  __TI_decompress_lzss          
00004ef1  scan                          
00004f59  frexp                         
00004f59  frexpl                        
00005013  __TI_ltoa                     
000050b9  atoi                          
00005105  __aeabi_d2iz                  
0000514d  __TI_auto_init_nobinit_nopinit
00005191  __aeabi_d2uiz                 
000051d5  sprintf                       
00005215  vsnprintf                     
00005295  calloc                        
000052cd  __aeabi_f2d                   
00005305  IntRegister                   
00005339  _c_int00_noargs               
0000539d  __aeabi_i2d                   
000053f5  __aeabi_ui2d                  
00005415  __TI_zero_init_nomemset       
0000544d  memccpy                       
00005469  copysign                      
00005469  copysignl                     
000054b3  oi_parseInt                   
000054cb  strcmp                        
000054e3  strchr                        
000054f9  strcpy                        
0000550d  strlen                        
00005521  wcslen                        
00005533  IntMasterEnable               
00005543  lcd_clear                     
00005553  __TI_decompress_none          
00005561  CPUcpsie                      
0000556d  ResetISR                      
00005585  __aeabi_errno_addr            
0000558d  malloc                        
00005595  _system_pre_init              
00005599  C$$EXIT                       
00005599  abort                         
0000559c  _ctypes_                      
000056a0  DISTANCE                      
000056a4  ANGLE                         
000056a8  BUMP                          
000056ac  HOLE                          
000056b0  BOUNDARY                      
000056b4  END                           
000056b8  FAR_LEFT                      
000056bc  LEFT                          
000056c0  RIGHT                         
000056c4  FAR_RIGHT                     
000056d8  SONAR                         
000056dc  IR                            
00005748  __TI_Handler_Table_Base       
00005754  __TI_Handler_Table_Limit      
00005768  __TI_CINIT_Base               
00005780  __TI_CINIT_Limit              
20000000  __start___llvm_prf_cnts       
20000000  __stop___llvm_prf_cnts        
20000000  g_pfnRAMVectors               
20000270  __stack                       
20000470  __STACK_TOP                   
20001270  __STACK_END                   
20001270  _sys_memory                   
20002270  objects                       
200022e8  message                       
200023b8  _timeout_ticks                
200023bc  numObjects                    
200023c0  time_diff                     
200023c8  finished                      
200023f0  motor_cal_factor_L            
200023f4  motor_cal_factor_R            
20002410  g_start_time                  
20002414  g_end_time                    
20002418  g_state                       
2000241c  last_time                     
20002420  current_time                  
20002424  update_flag                   
20002426  overflow                      
20002428  command_byte                  
20002429  command_byte_GO               
2000242a  command_byte_STOP             
2000242b  command_byte_QUIT             
2000242c  command_byte_MANUAL           
2000242d  command_byte_FORWARD          
2000242e  command_byte_BACKWARD         
2000242f  command_byte_LEFT             
20002430  command_byte_RIGHT            
20002431  command_byte_HALT             
20002432  command_byte_ESCAPE           
20002433  command_byte_PRINT            
20002434  command_byte_CHANGE           
20002435  command_byte_THRESHOLD        
20002438  command_flag                  
2000243c  errno                         
20002440  distance_threshold            
20002448  degree_increment              
2000244c  true_0                        
20002450  true_180                      
20002454  calibrated                    
20002455  _running                      
20002457  wheels_on                     
20002458  _lock                         
2000245c  _unlock                       
ffffffff  __TI_pprof_out_hndl           
ffffffff  __TI_prof_data_size           
ffffffff  __TI_prof_data_start          
ffffffff  __binit__                     
ffffffff  __c_args__                    
ffffffff  binit                         
UNDEFED   __mpu_init                    
UNDEFED   _system_post_cinit            

[217 symbols]
