<?xml version="1.0" encoding="ISO-8859-1" ?>
<link_info>
   <banner>TI ARM Linker PC v20.2.7.LTS</banner>
   <copyright>Copyright (c) 1996-2018 Texas Instruments Incorporated</copyright>
   <link_time>0x68154472</link_time>
   <link_errors>0x0</link_errors>
   <output_file>Final_Project.out</output_file>
   <entry_point>
      <name>_c_int00_noargs</name>
      <address>0x53c5</address>
   </entry_point>
   <input_file_list>
      <input_file id="fl-2">
         <path>.\</path>
         <kind>object</kind>
         <file>Timer.obj</file>
         <name>Timer.obj</name>
      </input_file>
      <input_file id="fl-3">
         <path>.\</path>
         <kind>object</kind>
         <file>adc.obj</file>
         <name>adc.obj</name>
      </input_file>
      <input_file id="fl-4">
         <path>.\</path>
         <kind>object</kind>
         <file>button.obj</file>
         <name>button.obj</name>
      </input_file>
      <input_file id="fl-5">
         <path>.\</path>
         <kind>object</kind>
         <file>gui.obj</file>
         <name>gui.obj</name>
      </input_file>
      <input_file id="fl-6">
         <path>.\</path>
         <kind>object</kind>
         <file>lcd.obj</file>
         <name>lcd.obj</name>
      </input_file>
      <input_file id="fl-7">
         <path>.\</path>
         <kind>object</kind>
         <file>main.obj</file>
         <name>main.obj</name>
      </input_file>
      <input_file id="fl-8">
         <path>.\</path>
         <kind>object</kind>
         <file>movement.obj</file>
         <name>movement.obj</name>
      </input_file>
      <input_file id="fl-9">
         <path>.\</path>
         <kind>object</kind>
         <file>music.obj</file>
         <name>music.obj</name>
      </input_file>
      <input_file id="fl-a">
         <path>.\</path>
         <kind>object</kind>
         <file>objects.obj</file>
         <name>objects.obj</name>
      </input_file>
      <input_file id="fl-b">
         <path>.\</path>
         <kind>object</kind>
         <file>open_interface.obj</file>
         <name>open_interface.obj</name>
      </input_file>
      <input_file id="fl-c">
         <path>.\</path>
         <kind>object</kind>
         <file>ping.obj</file>
         <name>ping.obj</name>
      </input_file>
      <input_file id="fl-d">
         <path>.\</path>
         <kind>object</kind>
         <file>scan.obj</file>
         <name>scan.obj</name>
      </input_file>
      <input_file id="fl-e">
         <path>.\</path>
         <kind>object</kind>
         <file>servo.obj</file>
         <name>servo.obj</name>
      </input_file>
      <input_file id="fl-f">
         <path>.\</path>
         <kind>object</kind>
         <file>tm4c123gh6pm_startup_ccs.obj</file>
         <name>tm4c123gh6pm_startup_ccs.obj</name>
      </input_file>
      <input_file id="fl-10">
         <path>.\</path>
         <kind>object</kind>
         <file>uart.obj</file>
         <name>uart.obj</name>
      </input_file>
      <input_file id="fl-15">
         <kind>object</kind>
         <file>&lt;internal&gt;</file>
         <name>&lt;internal&gt;</name>
      </input_file>
      <input_file id="fl-cb">
         <path>C:\ti\ccs1271\ccs\tools\compiler\ti-cgt-arm_20.2.7.LTS\lib\</path>
         <kind>archive</kind>
         <file>rtsv7M4_T_le_v4SPD16_eabi.lib</file>
         <name>sprintf.c.obj</name>
      </input_file>
      <input_file id="fl-cc">
         <path>C:\ti\ccs1271\ccs\tools\compiler\ti-cgt-arm_20.2.7.LTS\lib\</path>
         <kind>archive</kind>
         <file>rtsv7M4_T_le_v4SPD16_eabi.lib</file>
         <name>vsnprintf.c.obj</name>
      </input_file>
      <input_file id="fl-cd">
         <path>C:\ti\ccs1271\ccs\tools\compiler\ti-cgt-arm_20.2.7.LTS\lib\</path>
         <kind>archive</kind>
         <file>rtsv7M4_T_le_v4SPD16_eabi.lib</file>
         <name>fd_add_t2.asm.obj</name>
      </input_file>
      <input_file id="fl-ce">
         <path>C:\ti\ccs1271\ccs\tools\compiler\ti-cgt-arm_20.2.7.LTS\lib\</path>
         <kind>archive</kind>
         <file>rtsv7M4_T_le_v4SPD16_eabi.lib</file>
         <name>fd_cmp_t2.asm.obj</name>
      </input_file>
      <input_file id="fl-cf">
         <path>C:\ti\ccs1271\ccs\tools\compiler\ti-cgt-arm_20.2.7.LTS\lib\</path>
         <kind>archive</kind>
         <file>rtsv7M4_T_le_v4SPD16_eabi.lib</file>
         <name>fd_div_t2.asm.obj</name>
      </input_file>
      <input_file id="fl-d0">
         <path>C:\ti\ccs1271\ccs\tools\compiler\ti-cgt-arm_20.2.7.LTS\lib\</path>
         <kind>archive</kind>
         <file>rtsv7M4_T_le_v4SPD16_eabi.lib</file>
         <name>fd_mul_t2.asm.obj</name>
      </input_file>
      <input_file id="fl-d1">
         <path>C:\ti\ccs1271\ccs\tools\compiler\ti-cgt-arm_20.2.7.LTS\lib\</path>
         <kind>archive</kind>
         <file>rtsv7M4_T_le_v4SPD16_eabi.lib</file>
         <name>fd_toi_t2.asm.obj</name>
      </input_file>
      <input_file id="fl-d2">
         <path>C:\ti\ccs1271\ccs\tools\compiler\ti-cgt-arm_20.2.7.LTS\lib\</path>
         <kind>archive</kind>
         <file>rtsv7M4_T_le_v4SPD16_eabi.lib</file>
         <name>fd_tos_t2.asm.obj</name>
      </input_file>
      <input_file id="fl-d3">
         <path>C:\ti\ccs1271\ccs\tools\compiler\ti-cgt-arm_20.2.7.LTS\lib\</path>
         <kind>archive</kind>
         <file>rtsv7M4_T_le_v4SPD16_eabi.lib</file>
         <name>fd_tou_t2.asm.obj</name>
      </input_file>
      <input_file id="fl-d4">
         <path>C:\ti\ccs1271\ccs\tools\compiler\ti-cgt-arm_20.2.7.LTS\lib\</path>
         <kind>archive</kind>
         <file>rtsv7M4_T_le_v4SPD16_eabi.lib</file>
         <name>fs_tod_t2.asm.obj</name>
      </input_file>
      <input_file id="fl-d5">
         <path>C:\ti\ccs1271\ccs\tools\compiler\ti-cgt-arm_20.2.7.LTS\lib\</path>
         <kind>archive</kind>
         <file>rtsv7M4_T_le_v4SPD16_eabi.lib</file>
         <name>i_tofd_t2.asm.obj</name>
      </input_file>
      <input_file id="fl-d6">
         <path>C:\ti\ccs1271\ccs\tools\compiler\ti-cgt-arm_20.2.7.LTS\lib\</path>
         <kind>archive</kind>
         <file>rtsv7M4_T_le_v4SPD16_eabi.lib</file>
         <name>memcpy_t2.asm.obj</name>
      </input_file>
      <input_file id="fl-d7">
         <path>C:\ti\ccs1271\ccs\tools\compiler\ti-cgt-arm_20.2.7.LTS\lib\</path>
         <kind>archive</kind>
         <file>rtsv7M4_T_le_v4SPD16_eabi.lib</file>
         <name>u_tofd_t2.asm.obj</name>
      </input_file>
      <input_file id="fl-d8">
         <path>C:\ti\ccs1271\ccs\tools\compiler\ti-cgt-arm_20.2.7.LTS\lib\</path>
         <kind>archive</kind>
         <file>rtsv7M4_T_le_v4SPD16_eabi.lib</file>
         <name>memset_t2.asm.obj</name>
      </input_file>
      <input_file id="fl-d9">
         <path>C:\ti\ccs1271\ccs\tools\compiler\ti-cgt-arm_20.2.7.LTS\lib\</path>
         <kind>archive</kind>
         <file>rtsv7M4_T_le_v4SPD16_eabi.lib</file>
         <name>copy_zero_init.c.obj</name>
      </input_file>
      <input_file id="fl-da">
         <path>C:\ti\ccs1271\ccs\tools\compiler\ti-cgt-arm_20.2.7.LTS\lib\</path>
         <kind>archive</kind>
         <file>rtsv7M4_T_le_v4SPD16_eabi.lib</file>
         <name>copy_decompress_none.c.obj</name>
      </input_file>
      <input_file id="fl-db">
         <path>C:\ti\ccs1271\ccs\tools\compiler\ti-cgt-arm_20.2.7.LTS\lib\</path>
         <kind>archive</kind>
         <file>rtsv7M4_T_le_v4SPD16_eabi.lib</file>
         <name>copy_decompress_lzss.c.obj</name>
      </input_file>
      <input_file id="fl-dc">
         <path>C:\ti\ccs1271\ccs\tools\compiler\ti-cgt-arm_20.2.7.LTS\lib\</path>
         <kind>archive</kind>
         <file>rtsv7M4_T_le_v4SPD16_eabi.lib</file>
         <name>memory.c.obj</name>
      </input_file>
      <input_file id="fl-dd">
         <path>C:\ti\ccs1271\ccs\tools\compiler\ti-cgt-arm_20.2.7.LTS\lib\</path>
         <kind>archive</kind>
         <file>rtsv7M4_T_le_v4SPD16_eabi.lib</file>
         <name>strcmp.c.obj</name>
      </input_file>
      <input_file id="fl-de">
         <path>C:\ti\ccs1271\ccs\tools\compiler\ti-cgt-arm_20.2.7.LTS\lib\</path>
         <kind>archive</kind>
         <file>rtsv7M4_T_le_v4SPD16_eabi.lib</file>
         <name>strcpy.c.obj</name>
      </input_file>
      <input_file id="fl-df">
         <path>C:\ti\ccs1271\ccs\tools\compiler\ti-cgt-arm_20.2.7.LTS\lib\</path>
         <kind>archive</kind>
         <file>rtsv7M4_T_le_v4SPD16_eabi.lib</file>
         <name>boot_cortex_m.c.obj</name>
      </input_file>
      <input_file id="fl-e0">
         <path>C:\ti\ccs1271\ccs\tools\compiler\ti-cgt-arm_20.2.7.LTS\lib\</path>
         <kind>archive</kind>
         <file>rtsv7M4_T_le_v4SPD16_eabi.lib</file>
         <name>_printfi.c.obj</name>
      </input_file>
      <input_file id="fl-e1">
         <path>C:\ti\ccs1271\ccs\tools\compiler\ti-cgt-arm_20.2.7.LTS\lib\</path>
         <kind>archive</kind>
         <file>rtsv7M4_T_le_v4SPD16_eabi.lib</file>
         <name>ull_div_t2.asm.obj</name>
      </input_file>
      <input_file id="fl-e2">
         <path>C:\ti\ccs1271\ccs\tools\compiler\ti-cgt-arm_20.2.7.LTS\lib\</path>
         <kind>archive</kind>
         <file>rtsv7M4_T_le_v4SPD16_eabi.lib</file>
         <name>autoinit.c.obj</name>
      </input_file>
      <input_file id="fl-e3">
         <path>C:\ti\ccs1271\ccs\tools\compiler\ti-cgt-arm_20.2.7.LTS\lib\</path>
         <kind>archive</kind>
         <file>rtsv7M4_T_le_v4SPD16_eabi.lib</file>
         <name>pre_init.c.obj</name>
      </input_file>
      <input_file id="fl-e4">
         <path>C:\ti\ccs1271\ccs\tools\compiler\ti-cgt-arm_20.2.7.LTS\lib\</path>
         <kind>archive</kind>
         <file>rtsv7M4_T_le_v4SPD16_eabi.lib</file>
         <name>cpy_tbl.c.obj</name>
      </input_file>
      <input_file id="fl-e5">
         <path>C:\ti\ccs1271\ccs\tools\compiler\ti-cgt-arm_20.2.7.LTS\lib\</path>
         <kind>archive</kind>
         <file>rtsv7M4_T_le_v4SPD16_eabi.lib</file>
         <name>exit.c.obj</name>
      </input_file>
      <input_file id="fl-e6">
         <path>C:\ti\ccs1271\ccs\tools\compiler\ti-cgt-arm_20.2.7.LTS\lib\</path>
         <kind>archive</kind>
         <file>rtsv7M4_T_le_v4SPD16_eabi.lib</file>
         <name>_lock.c.obj</name>
      </input_file>
      <input_file id="fl-e7">
         <path>C:\ti\ccs1271\ccs\tools\compiler\ti-cgt-arm_20.2.7.LTS\lib\</path>
         <kind>archive</kind>
         <file>rtsv7M4_T_le_v4SPD16_eabi.lib</file>
         <name>_ltoa.c.obj</name>
      </input_file>
      <input_file id="fl-e8">
         <path>C:\ti\ccs1271\ccs\tools\compiler\ti-cgt-arm_20.2.7.LTS\lib\</path>
         <kind>archive</kind>
         <file>rtsv7M4_T_le_v4SPD16_eabi.lib</file>
         <name>args_main.c.obj</name>
      </input_file>
      <input_file id="fl-e9">
         <path>C:\ti\ccs1271\ccs\tools\compiler\ti-cgt-arm_20.2.7.LTS\lib\</path>
         <kind>archive</kind>
         <file>rtsv7M4_T_le_v4SPD16_eabi.lib</file>
         <name>atoi.c.obj</name>
      </input_file>
      <input_file id="fl-ea">
         <path>C:\ti\ccs1271\ccs\tools\compiler\ti-cgt-arm_20.2.7.LTS\lib\</path>
         <kind>archive</kind>
         <file>rtsv7M4_T_le_v4SPD16_eabi.lib</file>
         <name>ctype.c.obj</name>
      </input_file>
      <input_file id="fl-eb">
         <path>C:\ti\ccs1271\ccs\tools\compiler\ti-cgt-arm_20.2.7.LTS\lib\</path>
         <kind>archive</kind>
         <file>rtsv7M4_T_le_v4SPD16_eabi.lib</file>
         <name>memccpy.c.obj</name>
      </input_file>
      <input_file id="fl-ec">
         <path>C:\ti\ccs1271\ccs\tools\compiler\ti-cgt-arm_20.2.7.LTS\lib\</path>
         <kind>archive</kind>
         <file>rtsv7M4_T_le_v4SPD16_eabi.lib</file>
         <name>strchr.c.obj</name>
      </input_file>
      <input_file id="fl-ed">
         <path>C:\ti\ccs1271\ccs\tools\compiler\ti-cgt-arm_20.2.7.LTS\lib\</path>
         <kind>archive</kind>
         <file>rtsv7M4_T_le_v4SPD16_eabi.lib</file>
         <name>strlen.c.obj</name>
      </input_file>
      <input_file id="fl-ee">
         <path>C:\ti\ccs1271\ccs\tools\compiler\ti-cgt-arm_20.2.7.LTS\lib\</path>
         <kind>archive</kind>
         <file>rtsv7M4_T_le_v4SPD16_eabi.lib</file>
         <name>errno.c.obj</name>
      </input_file>
      <input_file id="fl-ef">
         <path>C:\ti\ccs1271\ccs\tools\compiler\ti-cgt-arm_20.2.7.LTS\lib\</path>
         <kind>archive</kind>
         <file>rtsv7M4_T_le_v4SPD16_eabi.lib</file>
         <name>wcslen.c.obj</name>
      </input_file>
      <input_file id="fl-f0">
         <path>C:\ti\ccs1271\ccs\tools\compiler\ti-cgt-arm_20.2.7.LTS\lib\</path>
         <kind>archive</kind>
         <file>rtsv7M4_T_le_v4SPD16_eabi.lib</file>
         <name>s_frexp.c.obj</name>
      </input_file>
      <input_file id="fl-f1">
         <path>C:\ti\ccs1271\ccs\tools\compiler\ti-cgt-arm_20.2.7.LTS\lib\</path>
         <kind>archive</kind>
         <file>rtsv7M4_T_le_v4SPD16_eabi.lib</file>
         <name>s_scalbn.c.obj</name>
      </input_file>
      <input_file id="fl-f2">
         <path>C:\ti\ccs1271\ccs\tools\compiler\ti-cgt-arm_20.2.7.LTS\lib\</path>
         <kind>archive</kind>
         <file>rtsv7M4_T_le_v4SPD16_eabi.lib</file>
         <name>div0.asm.obj</name>
      </input_file>
      <input_file id="fl-f3">
         <path>C:\ti\ccs1271\ccs\tools\compiler\ti-cgt-arm_20.2.7.LTS\lib\</path>
         <kind>archive</kind>
         <file>rtsv7M4_T_le_v4SPD16_eabi.lib</file>
         <name>s_copysign.c.obj</name>
      </input_file>
      <input_file id="fl-f4">
         <path>C:\ti\TivaWare_C_Series-2.2.0.295\driverlib\ccs\Debug\</path>
         <kind>archive</kind>
         <file>driverlib.lib</file>
         <name>interrupt.obj</name>
      </input_file>
      <input_file id="fl-f5">
         <path>C:\ti\TivaWare_C_Series-2.2.0.295\driverlib\ccs\Debug\</path>
         <kind>archive</kind>
         <file>driverlib.lib</file>
         <name>cpu.obj</name>
      </input_file>
   </input_file_list>
   <object_component_list>
      <object_component id="oc-12">
         <name>.intvecs</name>
         <load_address>0x0</load_address>
         <run_address>0x0</run_address>
         <size>0x26c</size>
         <input_file_ref idref="fl-f"/>
      </object_component>
      <object_component id="oc-107">
         <name>.text</name>
         <load_address>0x26c</load_address>
         <run_address>0x26c</run_address>
         <size>0xc20</size>
         <input_file_ref idref="fl-b"/>
      </object_component>
      <object_component id="oc-273">
         <name>.text:__TI_printfi</name>
         <load_address>0xe8c</load_address>
         <run_address>0xe8c</run_address>
         <size>0xa4e</size>
         <input_file_ref idref="fl-e0"/>
      </object_component>
      <object_component id="oc-305">
         <name>.text:_nop</name>
         <load_address>0x18da</load_address>
         <run_address>0x18da</run_address>
         <size>0x2</size>
         <input_file_ref idref="fl-e6"/>
      </object_component>
      <object_component id="oc-113">
         <name>.text</name>
         <load_address>0x18dc</load_address>
         <run_address>0x18dc</run_address>
         <size>0x6e4</size>
         <input_file_ref idref="fl-8"/>
      </object_component>
      <object_component id="oc-119">
         <name>.text</name>
         <load_address>0x1fc0</load_address>
         <run_address>0x1fc0</run_address>
         <size>0x6a0</size>
         <input_file_ref idref="fl-a"/>
      </object_component>
      <object_component id="oc-218">
         <name>.text</name>
         <load_address>0x2660</load_address>
         <run_address>0x2660</run_address>
         <size>0x3b0</size>
         <input_file_ref idref="fl-5"/>
      </object_component>
      <object_component id="oc-fb">
         <name>.text</name>
         <load_address>0x2a10</load_address>
         <run_address>0x2a10</run_address>
         <size>0x3ac</size>
         <input_file_ref idref="fl-e"/>
      </object_component>
      <object_component id="oc-dd">
         <name>.text</name>
         <load_address>0x2dbc</load_address>
         <run_address>0x2dbc</run_address>
         <size>0x328</size>
         <input_file_ref idref="fl-6"/>
      </object_component>
      <object_component id="oc-e9">
         <name>.text</name>
         <load_address>0x30e4</load_address>
         <run_address>0x30e4</run_address>
         <size>0x2b8</size>
         <input_file_ref idref="fl-10"/>
      </object_component>
      <object_component id="oc-ef">
         <name>.text</name>
         <load_address>0x339c</load_address>
         <run_address>0x339c</run_address>
         <size>0x298</size>
         <input_file_ref idref="fl-3"/>
      </object_component>
      <object_component id="oc-356">
         <name>.text:_pconv_a</name>
         <load_address>0x3634</load_address>
         <run_address>0x3634</run_address>
         <size>0x270</size>
         <input_file_ref idref="fl-e0"/>
      </object_component>
      <object_component id="oc-f5">
         <name>.text</name>
         <load_address>0x38a4</load_address>
         <run_address>0x38a4</run_address>
         <size>0x270</size>
         <input_file_ref idref="fl-c"/>
      </object_component>
      <object_component id="oc-d7">
         <name>.text</name>
         <load_address>0x3b14</load_address>
         <run_address>0x3b14</run_address>
         <size>0x248</size>
         <input_file_ref idref="fl-2"/>
      </object_component>
      <object_component id="oc-344">
         <name>.text:_pconv_g</name>
         <load_address>0x3d5c</load_address>
         <run_address>0x3d5c</run_address>
         <size>0x1d0</size>
         <input_file_ref idref="fl-e0"/>
      </object_component>
      <object_component id="oc-1d4">
         <name>.text</name>
         <load_address>0x3f2c</load_address>
         <run_address>0x3f2c</run_address>
         <size>0x1b6</size>
         <input_file_ref idref="fl-cd"/>
      </object_component>
      <object_component id="oc-40f">
         <name>.text</name>
         <load_address>0x40e2</load_address>
         <run_address>0x40e2</run_address>
         <size>0x2</size>
         <input_file_ref idref="fl-f2"/>
      </object_component>
      <object_component id="oc-350">
         <name>.text:_pconv_e</name>
         <load_address>0x40e4</load_address>
         <run_address>0x40e4</run_address>
         <size>0x13c</size>
         <input_file_ref idref="fl-e0"/>
      </object_component>
      <object_component id="oc-1be">
         <name>.text</name>
         <load_address>0x4220</load_address>
         <run_address>0x4220</run_address>
         <size>0x136</size>
         <input_file_ref idref="fl-cf"/>
      </object_component>
      <object_component id="oc-3c4">
         <name>.text:fcvt</name>
         <load_address>0x4358</load_address>
         <run_address>0x4358</run_address>
         <size>0x124</size>
         <input_file_ref idref="fl-e0"/>
      </object_component>
      <object_component id="oc-3d8">
         <name>.text:scalbn</name>
         <load_address>0x447c</load_address>
         <run_address>0x447c</run_address>
         <size>0x110</size>
         <input_file_ref idref="fl-f1"/>
      </object_component>
      <object_component id="oc-387">
         <name>.text:aligned_alloc</name>
         <load_address>0x458c</load_address>
         <run_address>0x458c</run_address>
         <size>0x100</size>
         <input_file_ref idref="fl-dc"/>
      </object_component>
      <object_component id="oc-1b9">
         <name>.text</name>
         <load_address>0x468c</load_address>
         <run_address>0x468c</run_address>
         <size>0xfc</size>
         <input_file_ref idref="fl-d0"/>
      </object_component>
      <object_component id="oc-a2">
         <name>.text</name>
         <load_address>0x4788</load_address>
         <run_address>0x4788</run_address>
         <size>0xf0</size>
         <input_file_ref idref="fl-7"/>
      </object_component>
      <object_component id="oc-1ef">
         <name>.text:free</name>
         <load_address>0x4878</load_address>
         <run_address>0x4878</run_address>
         <size>0xe4</size>
         <input_file_ref idref="fl-dc"/>
      </object_component>
      <object_component id="oc-33e">
         <name>.text:_ltostr</name>
         <load_address>0x495c</load_address>
         <run_address>0x495c</run_address>
         <size>0xb1</size>
         <input_file_ref idref="fl-e0"/>
      </object_component>
      <object_component id="oc-3e">
         <name>.text</name>
         <load_address>0x4a0e</load_address>
         <run_address>0x4a0e</run_address>
         <size>0x9c</size>
         <input_file_ref idref="fl-d6"/>
      </object_component>
      <object_component id="oc-3ab">
         <name>.text</name>
         <load_address>0x4aaa</load_address>
         <run_address>0x4aaa</run_address>
         <size>0x96</size>
         <input_file_ref idref="fl-e1"/>
      </object_component>
      <object_component id="oc-213">
         <name>.text:__aeabi_cdcmple</name>
         <load_address>0x4b40</load_address>
         <run_address>0x4b40</run_address>
         <size>0x86</size>
         <input_file_ref idref="fl-ce"/>
      </object_component>
      <object_component id="oc-21e">
         <name>.text:__aeabi_cdrcmple</name>
         <load_address>0x4bc6</load_address>
         <run_address>0x4bc6</run_address>
         <size>0x86</size>
         <input_file_ref idref="fl-ce"/>
      </object_component>
      <object_component id="oc-e3">
         <name>.text</name>
         <load_address>0x4c4c</load_address>
         <run_address>0x4c4c</run_address>
         <size>0x80</size>
         <input_file_ref idref="fl-4"/>
      </object_component>
      <object_component id="oc-10d">
         <name>.text</name>
         <load_address>0x4ccc</load_address>
         <run_address>0x4ccc</run_address>
         <size>0x80</size>
         <input_file_ref idref="fl-9"/>
      </object_component>
      <object_component id="oc-96">
         <name>.text</name>
         <load_address>0x4d4c</load_address>
         <run_address>0x4d4c</run_address>
         <size>0x7a</size>
         <input_file_ref idref="fl-d8"/>
      </object_component>
      <object_component id="oc-3ff">
         <name>.text:split</name>
         <load_address>0x4dc8</load_address>
         <run_address>0x4dc8</run_address>
         <size>0x70</size>
         <input_file_ref idref="fl-dc"/>
      </object_component>
      <object_component id="oc-3bd">
         <name>.text:_mcpy</name>
         <load_address>0x4e38</load_address>
         <run_address>0x4e38</run_address>
         <size>0x6e</size>
         <input_file_ref idref="fl-e0"/>
      </object_component>
      <object_component id="oc-1c3">
         <name>.text</name>
         <load_address>0x4ea6</load_address>
         <run_address>0x4ea6</run_address>
         <size>0x6e</size>
         <input_file_ref idref="fl-d2"/>
      </object_component>
      <object_component id="oc-15">
         <name>.text:decompress:lzss:__TI_decompress_lzss</name>
         <load_address>0x4f14</load_address>
         <run_address>0x4f14</run_address>
         <size>0x68</size>
         <input_file_ref idref="fl-db"/>
      </object_component>
      <object_component id="oc-101">
         <name>.text</name>
         <load_address>0x4f7c</load_address>
         <run_address>0x4f7c</run_address>
         <size>0x68</size>
         <input_file_ref idref="fl-d"/>
      </object_component>
      <object_component id="oc-3d2">
         <name>.text:frexp</name>
         <load_address>0x4fe4</load_address>
         <run_address>0x4fe4</run_address>
         <size>0x64</size>
         <input_file_ref idref="fl-f0"/>
      </object_component>
      <object_component id="oc-34a">
         <name>.text:_pconv_f</name>
         <load_address>0x5048</load_address>
         <run_address>0x5048</run_address>
         <size>0x56</size>
         <input_file_ref idref="fl-e0"/>
      </object_component>
      <object_component id="oc-3b1">
         <name>.text:__TI_ltoa</name>
         <load_address>0x509e</load_address>
         <run_address>0x509e</run_address>
         <size>0x54</size>
         <input_file_ref idref="fl-e7"/>
      </object_component>
      <object_component id="oc-3b7">
         <name>.text:_ecpy</name>
         <load_address>0x50f2</load_address>
         <run_address>0x50f2</run_address>
         <size>0x52</size>
         <input_file_ref idref="fl-e0"/>
      </object_component>
      <object_component id="oc-338">
         <name>.text:atoi</name>
         <load_address>0x5144</load_address>
         <run_address>0x5144</run_address>
         <size>0x4c</size>
         <input_file_ref idref="fl-e9"/>
      </object_component>
      <object_component id="oc-1de">
         <name>.text</name>
         <load_address>0x5190</load_address>
         <run_address>0x5190</run_address>
         <size>0x48</size>
         <input_file_ref idref="fl-d1"/>
      </object_component>
      <object_component id="oc-136">
         <name>.text:__TI_auto_init_nobinit_nopinit:__TI_auto_init_nobinit_nopinit</name>
         <load_address>0x51d8</load_address>
         <run_address>0x51d8</run_address>
         <size>0x44</size>
         <input_file_ref idref="fl-e2"/>
      </object_component>
      <object_component id="oc-1b4">
         <name>.text</name>
         <load_address>0x521c</load_address>
         <run_address>0x521c</run_address>
         <size>0x44</size>
         <input_file_ref idref="fl-d3"/>
      </object_component>
      <object_component id="oc-1a7">
         <name>.text:sprintf</name>
         <load_address>0x5260</load_address>
         <run_address>0x5260</run_address>
         <size>0x40</size>
         <input_file_ref idref="fl-cb"/>
      </object_component>
      <object_component id="oc-17c">
         <name>.text:vsnprintf</name>
         <load_address>0x52a0</load_address>
         <run_address>0x52a0</run_address>
         <size>0x40</size>
         <input_file_ref idref="fl-cc"/>
      </object_component>
      <object_component id="oc-3ca">
         <name>.text:_fcpy</name>
         <load_address>0x52e0</load_address>
         <run_address>0x52e0</run_address>
         <size>0x3e</size>
         <input_file_ref idref="fl-e0"/>
      </object_component>
      <object_component id="oc-1e9">
         <name>.text:calloc</name>
         <load_address>0x5320</load_address>
         <run_address>0x5320</run_address>
         <size>0x38</size>
         <input_file_ref idref="fl-dc"/>
      </object_component>
      <object_component id="oc-1d9">
         <name>.text</name>
         <load_address>0x5358</load_address>
         <run_address>0x5358</run_address>
         <size>0x38</size>
         <input_file_ref idref="fl-d4"/>
      </object_component>
      <object_component id="oc-16a">
         <name>.text:IntRegister</name>
         <load_address>0x5390</load_address>
         <run_address>0x5390</run_address>
         <size>0x34</size>
         <input_file_ref idref="fl-f4"/>
      </object_component>
      <object_component id="oc-5c">
         <name>.text:_c_int00_noargs:_c_int00_noargs</name>
         <load_address>0x53c4</load_address>
         <run_address>0x53c4</run_address>
         <size>0x34</size>
         <input_file_ref idref="fl-df"/>
      </object_component>
      <object_component id="oc-279">
         <name>.text:_outs</name>
         <load_address>0x53f8</load_address>
         <run_address>0x53f8</run_address>
         <size>0x30</size>
         <input_file_ref idref="fl-cc"/>
      </object_component>
      <object_component id="oc-1cf">
         <name>.text</name>
         <load_address>0x5428</load_address>
         <run_address>0x5428</run_address>
         <size>0x2e</size>
         <input_file_ref idref="fl-d5"/>
      </object_component>
      <object_component id="oc-2d7">
         <name>.text:free_list_insert</name>
         <load_address>0x5458</load_address>
         <run_address>0x5458</run_address>
         <size>0x28</size>
         <input_file_ref idref="fl-dc"/>
      </object_component>
      <object_component id="oc-1af">
         <name>.text</name>
         <load_address>0x5480</load_address>
         <run_address>0x5480</run_address>
         <size>0x20</size>
         <input_file_ref idref="fl-d7"/>
      </object_component>
      <object_component id="oc-4a">
         <name>.text:decompress:ZI:__TI_zero_init_nomemset:__TI_zero_init_nomemset</name>
         <load_address>0x54a0</load_address>
         <run_address>0x54a0</run_address>
         <size>0x1c</size>
         <input_file_ref idref="fl-d9"/>
      </object_component>
      <object_component id="oc-2d1">
         <name>.text:free_list_remove</name>
         <load_address>0x54bc</load_address>
         <run_address>0x54bc</run_address>
         <size>0x1c</size>
         <input_file_ref idref="fl-dc"/>
      </object_component>
      <object_component id="oc-35c">
         <name>.text:memccpy</name>
         <load_address>0x54d8</load_address>
         <run_address>0x54d8</run_address>
         <size>0x1c</size>
         <input_file_ref idref="fl-eb"/>
      </object_component>
      <object_component id="oc-422">
         <name>.text:copysign</name>
         <load_address>0x54f4</load_address>
         <run_address>0x54f4</run_address>
         <size>0x1a</size>
         <input_file_ref idref="fl-f3"/>
      </object_component>
      <object_component id="oc-27f">
         <name>.text:_outc</name>
         <load_address>0x550e</load_address>
         <run_address>0x550e</run_address>
         <size>0x18</size>
         <input_file_ref idref="fl-cc"/>
      </object_component>
      <object_component id="oc-2a5">
         <name>.text:_outs</name>
         <load_address>0x5526</load_address>
         <run_address>0x5526</run_address>
         <size>0x18</size>
         <input_file_ref idref="fl-cb"/>
      </object_component>
      <object_component id="oc-1f5">
         <name>.text:oi_parseInt</name>
         <load_address>0x553e</load_address>
         <run_address>0x553e</run_address>
         <size>0x18</size>
         <input_file_ref idref="fl-b"/>
      </object_component>
      <object_component id="oc-182">
         <name>.text:strcmp</name>
         <load_address>0x5556</load_address>
         <run_address>0x5556</run_address>
         <size>0x18</size>
         <input_file_ref idref="fl-dd"/>
      </object_component>
      <object_component id="oc-3de">
         <name>.text:strchr</name>
         <load_address>0x556e</load_address>
         <run_address>0x556e</run_address>
         <size>0x16</size>
         <input_file_ref idref="fl-ec"/>
      </object_component>
      <object_component id="oc-188">
         <name>.text:strcpy</name>
         <load_address>0x5584</load_address>
         <run_address>0x5584</run_address>
         <size>0x14</size>
         <input_file_ref idref="fl-de"/>
      </object_component>
      <object_component id="oc-332">
         <name>.text:strlen</name>
         <load_address>0x5598</load_address>
         <run_address>0x5598</run_address>
         <size>0x14</size>
         <input_file_ref idref="fl-ed"/>
      </object_component>
      <object_component id="oc-362">
         <name>.text:wcslen</name>
         <load_address>0x55ac</load_address>
         <run_address>0x55ac</run_address>
         <size>0x12</size>
         <input_file_ref idref="fl-ef"/>
      </object_component>
      <object_component id="oc-19a">
         <name>.text:IntMasterEnable</name>
         <load_address>0x55be</load_address>
         <run_address>0x55be</run_address>
         <size>0x10</size>
         <input_file_ref idref="fl-f4"/>
      </object_component>
      <object_component id="oc-175">
         <name>.text:lcd_clear</name>
         <load_address>0x55ce</load_address>
         <run_address>0x55ce</run_address>
         <size>0x10</size>
         <input_file_ref idref="fl-6"/>
      </object_component>
      <object_component id="oc-1b">
         <name>.text:decompress:none:__TI_decompress_none</name>
         <load_address>0x55de</load_address>
         <run_address>0x55de</run_address>
         <size>0xe</size>
         <input_file_ref idref="fl-da"/>
      </object_component>
      <object_component id="oc-29c">
         <name>.text:CPUcpsie</name>
         <load_address>0x55ec</load_address>
         <run_address>0x55ec</run_address>
         <size>0xc</size>
         <input_file_ref idref="fl-f5"/>
      </object_component>
      <object_component id="oc-2a">
         <name>.text</name>
         <load_address>0x55f8</load_address>
         <run_address>0x55f8</run_address>
         <size>0xc</size>
         <input_file_ref idref="fl-f"/>
      </object_component>
      <object_component id="oc-2ab">
         <name>.text:_outc</name>
         <load_address>0x5604</load_address>
         <run_address>0x5604</run_address>
         <size>0xa</size>
         <input_file_ref idref="fl-cb"/>
      </object_component>
      <object_component id="oc-368">
         <name>.text:__aeabi_errno_addr</name>
         <load_address>0x5610</load_address>
         <run_address>0x5610</run_address>
         <size>0x8</size>
         <input_file_ref idref="fl-ee"/>
      </object_component>
      <object_component id="oc-2ca">
         <name>.text:malloc</name>
         <load_address>0x5618</load_address>
         <run_address>0x5618</run_address>
         <size>0x8</size>
         <input_file_ref idref="fl-dc"/>
      </object_component>
      <object_component id="oc-9c">
         <name>.text:_system_pre_init</name>
         <load_address>0x5620</load_address>
         <run_address>0x5620</run_address>
         <size>0x4</size>
         <input_file_ref idref="fl-e3"/>
      </object_component>
      <object_component id="oc-12a">
         <name>.text:abort:abort</name>
         <load_address>0x5624</load_address>
         <run_address>0x5624</run_address>
         <size>0x4</size>
         <input_file_ref idref="fl-e5"/>
      </object_component>
      <object_component id="oc-3a6">
         <name>.const:.string:_ctypes_</name>
         <load_address>0x5628</load_address>
         <run_address>0x5628</run_address>
         <size>0x101</size>
         <input_file_ref idref="fl-ea"/>
      </object_component>
      <object_component id="oc-223">
         <name>.const</name>
         <load_address>0x572c</load_address>
         <run_address>0x572c</run_address>
         <size>0x28</size>
         <input_file_ref idref="fl-5"/>
      </object_component>
      <object_component id="oc-205">
         <name>.const:.string:$P$T0$1</name>
         <load_address>0x5754</load_address>
         <run_address>0x5754</run_address>
         <size>0x10</size>
         <input_file_ref idref="fl-9"/>
      </object_component>
      <object_component id="oc-208">
         <name>.const:.string:$P$T1$2</name>
         <load_address>0x5764</load_address>
         <run_address>0x5764</run_address>
         <size>0x10</size>
         <input_file_ref idref="fl-9"/>
      </object_component>
      <object_component id="oc-20b">
         <name>.const:.string:$P$T2$3</name>
         <load_address>0x5774</load_address>
         <run_address>0x5774</run_address>
         <size>0x10</size>
         <input_file_ref idref="fl-9"/>
      </object_component>
      <object_component id="oc-20e">
         <name>.const:.string:$P$T3$4</name>
         <load_address>0x5784</load_address>
         <run_address>0x5784</run_address>
         <size>0x10</size>
         <input_file_ref idref="fl-9"/>
      </object_component>
      <object_component id="oc-1ff">
         <name>.const:.string:$P$T0$3</name>
         <load_address>0x5794</load_address>
         <run_address>0x5794</run_address>
         <size>0xf</size>
         <input_file_ref idref="fl-b"/>
      </object_component>
      <object_component id="oc-11f">
         <name>.const</name>
         <load_address>0x57a4</load_address>
         <run_address>0x57a4</run_address>
         <size>0x8</size>
         <input_file_ref idref="fl-d"/>
      </object_component>
      <object_component id="oc-18e">
         <name>.const:.string:lineAddress$1</name>
         <load_address>0x57ac</load_address>
         <run_address>0x57ac</run_address>
         <size>0x4</size>
         <input_file_ref idref="fl-6"/>
      </object_component>
      <object_component id="oc-18f">
         <name>.const:.string:lineAddresses$2</name>
         <load_address>0x57b0</load_address>
         <run_address>0x57b0</run_address>
         <size>0x4</size>
         <input_file_ref idref="fl-6"/>
      </object_component>
      <object_component id="oc-47c">
         <name>.cinit..data.load</name>
         <load_address>0x57b8</load_address>
         <run_address>0x57b8</run_address>
         <size>0x60</size>
      </object_component>
      <object_component id="oc-479">
         <name>__TI_handler_table</name>
         <load_address>0x5818</load_address>
         <run_address>0x5818</run_address>
         <size>0xc</size>
      </object_component>
      <object_component id="oc-47d">
         <name>.cinit..bss.load</name>
         <load_address>0x5828</load_address>
         <run_address>0x5828</run_address>
         <size>0x8</size>
      </object_component>
      <object_component id="oc-47b">
         <name>.cinit..vtable.load</name>
         <load_address>0x5830</load_address>
         <run_address>0x5830</run_address>
         <size>0x8</size>
      </object_component>
      <object_component id="oc-47a">
         <name>__TI_cinit_table</name>
         <load_address>0x5838</load_address>
         <run_address>0x5838</run_address>
         <size>0x18</size>
      </object_component>
      <object_component id="oc-267">
         <name>.vtable</name>
         <uninitialized>true</uninitialized>
         <run_address>0x20000000</run_address>
         <size>0x26c</size>
         <input_file_ref idref="fl-f4"/>
      </object_component>
      <object_component id="oc-170">
         <name>.data</name>
         <load_address>0x20002455</load_address>
         <run_address>0x20002455</run_address>
         <size>0x1</size>
         <input_file_ref idref="fl-2"/>
      </object_component>
      <object_component id="oc-198">
         <name>.data</name>
         <load_address>0x20002456</load_address>
         <run_address>0x20002456</run_address>
         <size>0x1</size>
         <input_file_ref idref="fl-4"/>
      </object_component>
      <object_component id="oc-226">
         <name>.data</name>
         <load_address>0x20002457</load_address>
         <run_address>0x20002457</run_address>
         <size>0x1</size>
         <input_file_ref idref="fl-8"/>
      </object_component>
      <object_component id="oc-122">
         <name>.data</name>
         <load_address>0x20002440</load_address>
         <run_address>0x20002440</run_address>
         <size>0xc</size>
         <input_file_ref idref="fl-a"/>
      </object_component>
      <object_component id="oc-22e">
         <name>.data:finished</name>
         <load_address>0x200023c8</load_address>
         <run_address>0x200023c8</run_address>
         <size>0x28</size>
         <input_file_ref idref="fl-a"/>
      </object_component>
      <object_component id="oc-1fc">
         <name>.data</name>
         <load_address>0x200023f0</load_address>
         <run_address>0x200023f0</run_address>
         <size>0x20</size>
         <input_file_ref idref="fl-b"/>
      </object_component>
      <object_component id="oc-1c8">
         <name>.data</name>
         <load_address>0x20002410</load_address>
         <run_address>0x20002410</run_address>
         <size>0x18</size>
         <input_file_ref idref="fl-c"/>
      </object_component>
      <object_component id="oc-1e3">
         <name>.data</name>
         <load_address>0x2000244c</load_address>
         <run_address>0x2000244c</run_address>
         <size>0x9</size>
         <input_file_ref idref="fl-e"/>
      </object_component>
      <object_component id="oc-125">
         <name>.data</name>
         <load_address>0x20002428</load_address>
         <run_address>0x20002428</run_address>
         <size>0x14</size>
         <input_file_ref idref="fl-10"/>
      </object_component>
      <object_component id="oc-38e">
         <name>.data:$O1$$</name>
         <load_address>0x20002460</load_address>
         <run_address>0x20002460</run_address>
         <size>0x8</size>
         <input_file_ref idref="fl-dc"/>
      </object_component>
      <object_component id="oc-24b">
         <name>.data:$O1$$</name>
         <load_address>0x20002458</load_address>
         <run_address>0x20002458</run_address>
         <size>0x8</size>
         <input_file_ref idref="fl-e6"/>
      </object_component>
      <object_component id="oc-3ee">
         <name>.data</name>
         <load_address>0x2000243c</load_address>
         <run_address>0x2000243c</run_address>
         <size>0x4</size>
         <input_file_ref idref="fl-ee"/>
      </object_component>
      <object_component id="oc-190">
         <name>.bss:lastbuffer$3</name>
         <uninitialized>true</uninitialized>
         <run_address>0x2000234c</run_address>
         <size>0x54</size>
         <input_file_ref idref="fl-6"/>
      </object_component>
      <object_component id="oc-202">
         <name>.bss:firmware$2</name>
         <uninitialized>true</uninitialized>
         <run_address>0x200023a0</run_address>
         <size>0x18</size>
         <input_file_ref idref="fl-b"/>
      </object_component>
      <object_component id="oc-173">
         <name>.common:_timeout_ticks</name>
         <uninitialized>true</uninitialized>
         <run_address>0x200023b8</run_address>
         <size>0x4</size>
      </object_component>
      <object_component id="oc-22b">
         <name>.common:message</name>
         <uninitialized>true</uninitialized>
         <run_address>0x200022e8</run_address>
         <size>0x64</size>
      </object_component>
      <object_component id="oc-232">
         <name>.common:numObjects</name>
         <uninitialized>true</uninitialized>
         <run_address>0x200023bc</run_address>
         <size>0x4</size>
      </object_component>
      <object_component id="oc-231">
         <name>.common:objects</name>
         <uninitialized>true</uninitialized>
         <run_address>0x20002270</run_address>
         <size>0x78</size>
      </object_component>
      <object_component id="oc-1cb">
         <name>.common:time_diff</name>
         <uninitialized>true</uninitialized>
         <run_address>0x200023c0</run_address>
         <size>0x4</size>
      </object_component>
      <object_component id="oc-24">
         <name>.sysmem</name>
         <uninitialized>true</uninitialized>
         <run_address>0x20001270</run_address>
         <size>0x10</size>
         <input_file_ref idref="fl-dc"/>
      </object_component>
      <object_component id="oc-480">
         <name>.sysmem</name>
         <uninitialized>true</uninitialized>
         <run_address>0x20001270</run_address>
         <size>0x0</size>
      </object_component>
      <object_component id="oc-27">
         <name>.stack</name>
         <uninitialized>true</uninitialized>
         <run_address>0x20000270</run_address>
         <size>0x4</size>
         <input_file_ref idref="fl-df"/>
      </object_component>
      <object_component id="oc-47f">
         <name>.stack</name>
         <uninitialized>true</uninitialized>
         <run_address>0x20000270</run_address>
         <size>0x0</size>
      </object_component>
      <object_component id="oc-c5">
         <name>.debug_info</name>
         <load_address>0x0</load_address>
         <run_address>0x0</run_address>
         <size>0x2ba</size>
         <input_file_ref idref="fl-2"/>
      </object_component>
      <object_component id="oc-171">
         <name>.debug_info</name>
         <load_address>0x2ba</load_address>
         <run_address>0x2ba</run_address>
         <size>0xc8</size>
         <input_file_ref idref="fl-2"/>
      </object_component>
      <object_component id="oc-d8">
         <name>.debug_info</name>
         <load_address>0x382</load_address>
         <run_address>0x382</run_address>
         <size>0x510</size>
         <input_file_ref idref="fl-2"/>
      </object_component>
      <object_component id="oc-77">
         <name>.debug_info</name>
         <load_address>0x892</load_address>
         <run_address>0x892</run_address>
         <size>0x26b</size>
         <input_file_ref idref="fl-2"/>
      </object_component>
      <object_component id="oc-39">
         <name>.debug_info</name>
         <load_address>0xafd</load_address>
         <run_address>0xafd</run_address>
         <size>0x84</size>
         <input_file_ref idref="fl-2"/>
      </object_component>
      <object_component id="oc-c0">
         <name>.debug_info</name>
         <load_address>0xb81</load_address>
         <run_address>0xb81</run_address>
         <size>0x2a4</size>
         <input_file_ref idref="fl-2"/>
      </object_component>
      <object_component id="oc-7c">
         <name>.debug_info</name>
         <load_address>0xe25</load_address>
         <run_address>0xe25</run_address>
         <size>0xbb</size>
         <input_file_ref idref="fl-2"/>
      </object_component>
      <object_component id="oc-1ae">
         <name>.debug_info</name>
         <load_address>0xee0</load_address>
         <run_address>0xee0</run_address>
         <size>0x36a</size>
         <input_file_ref idref="fl-3"/>
      </object_component>
      <object_component id="oc-f2">
         <name>.debug_info</name>
         <load_address>0x124a</load_address>
         <run_address>0x124a</run_address>
         <size>0x35a</size>
         <input_file_ref idref="fl-3"/>
      </object_component>
      <object_component id="oc-297">
         <name>.debug_info</name>
         <load_address>0x15a4</load_address>
         <run_address>0x15a4</run_address>
         <size>0xcc</size>
         <input_file_ref idref="fl-3"/>
      </object_component>
      <object_component id="oc-193">
         <name>.debug_info</name>
         <load_address>0x1670</load_address>
         <run_address>0x1670</run_address>
         <size>0x2c</size>
         <input_file_ref idref="fl-3"/>
      </object_component>
      <object_component id="oc-242">
         <name>.debug_info</name>
         <load_address>0x169c</load_address>
         <run_address>0x169c</run_address>
         <size>0x35</size>
         <input_file_ref idref="fl-3"/>
      </object_component>
      <object_component id="oc-e4">
         <name>.debug_info</name>
         <load_address>0x16d1</load_address>
         <run_address>0x16d1</run_address>
         <size>0x17d</size>
         <input_file_ref idref="fl-4"/>
      </object_component>
      <object_component id="oc-2f0">
         <name>.debug_info</name>
         <load_address>0x184e</load_address>
         <run_address>0x184e</run_address>
         <size>0x2e4</size>
         <input_file_ref idref="fl-5"/>
      </object_component>
      <object_component id="oc-224">
         <name>.debug_info</name>
         <load_address>0x1b32</load_address>
         <run_address>0x1b32</run_address>
         <size>0x1c3</size>
         <input_file_ref idref="fl-5"/>
      </object_component>
      <object_component id="oc-219">
         <name>.debug_info</name>
         <load_address>0x1cf5</load_address>
         <run_address>0x1cf5</run_address>
         <size>0x545</size>
         <input_file_ref idref="fl-5"/>
      </object_component>
      <object_component id="oc-192">
         <name>.debug_info</name>
         <load_address>0x223a</load_address>
         <run_address>0x223a</run_address>
         <size>0x388</size>
         <input_file_ref idref="fl-6"/>
      </object_component>
      <object_component id="oc-177">
         <name>.debug_info</name>
         <load_address>0x25c2</load_address>
         <run_address>0x25c2</run_address>
         <size>0x11d</size>
         <input_file_ref idref="fl-6"/>
      </object_component>
      <object_component id="oc-e1">
         <name>.debug_info</name>
         <load_address>0x26df</load_address>
         <run_address>0x26df</run_address>
         <size>0x8a9</size>
         <input_file_ref idref="fl-6"/>
      </object_component>
      <object_component id="oc-129">
         <name>.debug_info</name>
         <load_address>0x2f88</load_address>
         <run_address>0x2f88</run_address>
         <size>0x57e</size>
         <input_file_ref idref="fl-7"/>
      </object_component>
      <object_component id="oc-a3">
         <name>.debug_info</name>
         <load_address>0x3506</load_address>
         <run_address>0x3506</run_address>
         <size>0x25e</size>
         <input_file_ref idref="fl-7"/>
      </object_component>
      <object_component id="oc-23d">
         <name>.debug_info</name>
         <load_address>0x3764</load_address>
         <run_address>0x3764</run_address>
         <size>0x5aa</size>
         <input_file_ref idref="fl-7"/>
      </object_component>
      <object_component id="oc-22a">
         <name>.debug_info</name>
         <load_address>0x3d0e</load_address>
         <run_address>0x3d0e</run_address>
         <size>0x502</size>
         <input_file_ref idref="fl-8"/>
      </object_component>
      <object_component id="oc-227">
         <name>.debug_info</name>
         <load_address>0x4210</load_address>
         <run_address>0x4210</run_address>
         <size>0xcd</size>
         <input_file_ref idref="fl-8"/>
      </object_component>
      <object_component id="oc-114">
         <name>.debug_info</name>
         <load_address>0x42dd</load_address>
         <run_address>0x42dd</run_address>
         <size>0xdb0</size>
         <input_file_ref idref="fl-8"/>
      </object_component>
      <object_component id="oc-212">
         <name>.debug_info</name>
         <load_address>0x508d</load_address>
         <run_address>0x508d</run_address>
         <size>0x30f</size>
         <input_file_ref idref="fl-9"/>
      </object_component>
      <object_component id="oc-206">
         <name>.debug_info</name>
         <load_address>0x539c</load_address>
         <run_address>0x539c</run_address>
         <size>0xc5</size>
         <input_file_ref idref="fl-9"/>
      </object_component>
      <object_component id="oc-209">
         <name>.debug_info</name>
         <load_address>0x5461</load_address>
         <run_address>0x5461</run_address>
         <size>0xc5</size>
         <input_file_ref idref="fl-9"/>
      </object_component>
      <object_component id="oc-20c">
         <name>.debug_info</name>
         <load_address>0x5526</load_address>
         <run_address>0x5526</run_address>
         <size>0xc5</size>
         <input_file_ref idref="fl-9"/>
      </object_component>
      <object_component id="oc-20f">
         <name>.debug_info</name>
         <load_address>0x55eb</load_address>
         <run_address>0x55eb</run_address>
         <size>0xc5</size>
         <input_file_ref idref="fl-9"/>
      </object_component>
      <object_component id="oc-110">
         <name>.debug_info</name>
         <load_address>0x56b0</load_address>
         <run_address>0x56b0</run_address>
         <size>0x31c</size>
         <input_file_ref idref="fl-9"/>
      </object_component>
      <object_component id="oc-22c">
         <name>.debug_info</name>
         <load_address>0x59cc</load_address>
         <run_address>0x59cc</run_address>
         <size>0x4a9</size>
         <input_file_ref idref="fl-a"/>
      </object_component>
      <object_component id="oc-123">
         <name>.debug_info</name>
         <load_address>0x5e75</load_address>
         <run_address>0x5e75</run_address>
         <size>0x10f</size>
         <input_file_ref idref="fl-a"/>
      </object_component>
      <object_component id="oc-22f">
         <name>.debug_info</name>
         <load_address>0x5f84</load_address>
         <run_address>0x5f84</run_address>
         <size>0xca</size>
         <input_file_ref idref="fl-a"/>
      </object_component>
      <object_component id="oc-11a">
         <name>.debug_info</name>
         <load_address>0x604e</load_address>
         <run_address>0x604e</run_address>
         <size>0x7da</size>
         <input_file_ref idref="fl-a"/>
      </object_component>
      <object_component id="oc-2fa">
         <name>.debug_info</name>
         <load_address>0x6828</load_address>
         <run_address>0x6828</run_address>
         <size>0x72</size>
         <input_file_ref idref="fl-a"/>
      </object_component>
      <object_component id="oc-204">
         <name>.debug_info</name>
         <load_address>0x689a</load_address>
         <run_address>0x689a</run_address>
         <size>0x405</size>
         <input_file_ref idref="fl-b"/>
      </object_component>
      <object_component id="oc-1fd">
         <name>.debug_info</name>
         <load_address>0x6c9f</load_address>
         <run_address>0x6c9f</run_address>
         <size>0x11a</size>
         <input_file_ref idref="fl-b"/>
      </object_component>
      <object_component id="oc-200">
         <name>.debug_info</name>
         <load_address>0x6db9</load_address>
         <run_address>0x6db9</run_address>
         <size>0xcf</size>
         <input_file_ref idref="fl-b"/>
      </object_component>
      <object_component id="oc-1f6">
         <name>.debug_info</name>
         <load_address>0x6e88</load_address>
         <run_address>0x6e88</run_address>
         <size>0x147</size>
         <input_file_ref idref="fl-b"/>
      </object_component>
      <object_component id="oc-108">
         <name>.debug_info</name>
         <load_address>0x6fcf</load_address>
         <run_address>0x6fcf</run_address>
         <size>0x1991</size>
         <input_file_ref idref="fl-b"/>
      </object_component>
      <object_component id="oc-1a1">
         <name>.debug_info</name>
         <load_address>0x8960</load_address>
         <run_address>0x8960</run_address>
         <size>0x8b</size>
         <input_file_ref idref="fl-b"/>
      </object_component>
      <object_component id="oc-1cc">
         <name>.debug_info</name>
         <load_address>0x89eb</load_address>
         <run_address>0x89eb</run_address>
         <size>0x351</size>
         <input_file_ref idref="fl-c"/>
      </object_component>
      <object_component id="oc-1c9">
         <name>.debug_info</name>
         <load_address>0x8d3c</load_address>
         <run_address>0x8d3c</run_address>
         <size>0x1a7</size>
         <input_file_ref idref="fl-c"/>
      </object_component>
      <object_component id="oc-f6">
         <name>.debug_info</name>
         <load_address>0x8ee3</load_address>
         <run_address>0x8ee3</run_address>
         <size>0x2ee</size>
         <input_file_ref idref="fl-c"/>
      </object_component>
      <object_component id="oc-2be">
         <name>.debug_info</name>
         <load_address>0x91d1</load_address>
         <run_address>0x91d1</run_address>
         <size>0x44</size>
         <input_file_ref idref="fl-c"/>
      </object_component>
      <object_component id="oc-236">
         <name>.debug_info</name>
         <load_address>0x9215</load_address>
         <run_address>0x9215</run_address>
         <size>0x2d6</size>
         <input_file_ref idref="fl-d"/>
      </object_component>
      <object_component id="oc-120">
         <name>.debug_info</name>
         <load_address>0x94eb</load_address>
         <run_address>0x94eb</run_address>
         <size>0xd6</size>
         <input_file_ref idref="fl-d"/>
      </object_component>
      <object_component id="oc-102">
         <name>.debug_info</name>
         <load_address>0x95c1</load_address>
         <run_address>0x95c1</run_address>
         <size>0x1bd</size>
         <input_file_ref idref="fl-d"/>
      </object_component>
      <object_component id="oc-1e7">
         <name>.debug_info</name>
         <load_address>0x977e</load_address>
         <run_address>0x977e</run_address>
         <size>0x38e</size>
         <input_file_ref idref="fl-e"/>
      </object_component>
      <object_component id="oc-1e4">
         <name>.debug_info</name>
         <load_address>0x9b0c</load_address>
         <run_address>0x9b0c</run_address>
         <size>0x10a</size>
         <input_file_ref idref="fl-e"/>
      </object_component>
      <object_component id="oc-fc">
         <name>.debug_info</name>
         <load_address>0x9c16</load_address>
         <run_address>0x9c16</run_address>
         <size>0x506</size>
         <input_file_ref idref="fl-e"/>
      </object_component>
      <object_component id="oc-32">
         <name>.debug_info</name>
         <load_address>0xa11c</load_address>
         <run_address>0xa11c</run_address>
         <size>0x2a4</size>
         <input_file_ref idref="fl-f"/>
      </object_component>
      <object_component id="oc-13">
         <name>.debug_info</name>
         <load_address>0xa3c0</load_address>
         <run_address>0xa3c0</run_address>
         <size>0xe3</size>
         <input_file_ref idref="fl-f"/>
      </object_component>
      <object_component id="oc-2c">
         <name>.debug_info</name>
         <load_address>0xa4a3</load_address>
         <run_address>0xa4a3</run_address>
         <size>0x25f</size>
         <input_file_ref idref="fl-f"/>
      </object_component>
      <object_component id="oc-1a6">
         <name>.debug_info</name>
         <load_address>0xa702</load_address>
         <run_address>0xa702</run_address>
         <size>0x2c6</size>
         <input_file_ref idref="fl-10"/>
      </object_component>
      <object_component id="oc-126">
         <name>.debug_info</name>
         <load_address>0xa9c8</load_address>
         <run_address>0xa9c8</run_address>
         <size>0x3b3</size>
         <input_file_ref idref="fl-10"/>
      </object_component>
      <object_component id="oc-ed">
         <name>.debug_info</name>
         <load_address>0xad7b</load_address>
         <run_address>0xad7b</run_address>
         <size>0x33e</size>
         <input_file_ref idref="fl-10"/>
      </object_component>
      <object_component id="oc-2b2">
         <name>.debug_info</name>
         <load_address>0xb0b9</load_address>
         <run_address>0xb0b9</run_address>
         <size>0x333</size>
         <input_file_ref idref="fl-cb"/>
      </object_component>
      <object_component id="oc-1a9">
         <name>.debug_info</name>
         <load_address>0xb3ec</load_address>
         <run_address>0xb3ec</run_address>
         <size>0x1d1</size>
         <input_file_ref idref="fl-cb"/>
      </object_component>
      <object_component id="oc-2a7">
         <name>.debug_info</name>
         <load_address>0xb5bd</load_address>
         <run_address>0xb5bd</run_address>
         <size>0x18d</size>
         <input_file_ref idref="fl-cb"/>
      </object_component>
      <object_component id="oc-2ad">
         <name>.debug_info</name>
         <load_address>0xb74a</load_address>
         <run_address>0xb74a</run_address>
         <size>0x16d</size>
         <input_file_ref idref="fl-cb"/>
      </object_component>
      <object_component id="oc-287">
         <name>.debug_info</name>
         <load_address>0xb8b7</load_address>
         <run_address>0xb8b7</run_address>
         <size>0x2c</size>
         <input_file_ref idref="fl-cb"/>
      </object_component>
      <object_component id="oc-286">
         <name>.debug_info</name>
         <load_address>0xb8e3</load_address>
         <run_address>0xb8e3</run_address>
         <size>0x340</size>
         <input_file_ref idref="fl-cc"/>
      </object_component>
      <object_component id="oc-17d">
         <name>.debug_info</name>
         <load_address>0xbc23</load_address>
         <run_address>0xbc23</run_address>
         <size>0x208</size>
         <input_file_ref idref="fl-cc"/>
      </object_component>
      <object_component id="oc-27a">
         <name>.debug_info</name>
         <load_address>0xbe2b</load_address>
         <run_address>0xbe2b</run_address>
         <size>0x1c6</size>
         <input_file_ref idref="fl-cc"/>
      </object_component>
      <object_component id="oc-280">
         <name>.debug_info</name>
         <load_address>0xbff1</load_address>
         <run_address>0xbff1</run_address>
         <size>0x179</size>
         <input_file_ref idref="fl-cc"/>
      </object_component>
      <object_component id="oc-28c">
         <name>.debug_info</name>
         <load_address>0xc16a</load_address>
         <run_address>0xc16a</run_address>
         <size>0x69</size>
         <input_file_ref idref="fl-cc"/>
      </object_component>
      <object_component id="oc-1d5">
         <name>.debug_info</name>
         <load_address>0xc1d3</load_address>
         <run_address>0xc1d3</run_address>
         <size>0x14c</size>
         <input_file_ref idref="fl-cd"/>
      </object_component>
      <object_component id="oc-215">
         <name>.debug_info</name>
         <load_address>0xc31f</load_address>
         <run_address>0xc31f</run_address>
         <size>0x128</size>
         <input_file_ref idref="fl-ce"/>
      </object_component>
      <object_component id="oc-21f">
         <name>.debug_info</name>
         <load_address>0xc447</load_address>
         <run_address>0xc447</run_address>
         <size>0x12a</size>
         <input_file_ref idref="fl-ce"/>
      </object_component>
      <object_component id="oc-1c1">
         <name>.debug_info</name>
         <load_address>0xc571</load_address>
         <run_address>0xc571</run_address>
         <size>0x13a</size>
         <input_file_ref idref="fl-cf"/>
      </object_component>
      <object_component id="oc-1ba">
         <name>.debug_info</name>
         <load_address>0xc6ab</load_address>
         <run_address>0xc6ab</run_address>
         <size>0x13a</size>
         <input_file_ref idref="fl-d0"/>
      </object_component>
      <object_component id="oc-1df">
         <name>.debug_info</name>
         <load_address>0xc7e5</load_address>
         <run_address>0xc7e5</run_address>
         <size>0x12e</size>
         <input_file_ref idref="fl-d1"/>
      </object_component>
      <object_component id="oc-1c4">
         <name>.debug_info</name>
         <load_address>0xc913</load_address>
         <run_address>0xc913</run_address>
         <size>0x13e</size>
         <input_file_ref idref="fl-d2"/>
      </object_component>
      <object_component id="oc-1b5">
         <name>.debug_info</name>
         <load_address>0xca51</load_address>
         <run_address>0xca51</run_address>
         <size>0x139</size>
         <input_file_ref idref="fl-d3"/>
      </object_component>
      <object_component id="oc-1da">
         <name>.debug_info</name>
         <load_address>0xcb8a</load_address>
         <run_address>0xcb8a</run_address>
         <size>0x12c</size>
         <input_file_ref idref="fl-d4"/>
      </object_component>
      <object_component id="oc-1d2">
         <name>.debug_info</name>
         <load_address>0xccb6</load_address>
         <run_address>0xccb6</run_address>
         <size>0x12c</size>
         <input_file_ref idref="fl-d5"/>
      </object_component>
      <object_component id="oc-3f">
         <name>.debug_info</name>
         <load_address>0xcde2</load_address>
         <run_address>0xcde2</run_address>
         <size>0x119</size>
         <input_file_ref idref="fl-d6"/>
      </object_component>
      <object_component id="oc-1b0">
         <name>.debug_info</name>
         <load_address>0xcefb</load_address>
         <run_address>0xcefb</run_address>
         <size>0x12e</size>
         <input_file_ref idref="fl-d7"/>
      </object_component>
      <object_component id="oc-99">
         <name>.debug_info</name>
         <load_address>0xd029</load_address>
         <run_address>0xd029</run_address>
         <size>0x147</size>
         <input_file_ref idref="fl-d8"/>
      </object_component>
      <object_component id="oc-95">
         <name>.debug_info</name>
         <load_address>0xd170</load_address>
         <run_address>0xd170</run_address>
         <size>0x2d4</size>
         <input_file_ref idref="fl-d9"/>
      </object_component>
      <object_component id="oc-4c">
         <name>.debug_info</name>
         <load_address>0xd444</load_address>
         <run_address>0xd444</run_address>
         <size>0x1d2</size>
         <input_file_ref idref="fl-d9"/>
      </object_component>
      <object_component id="oc-90">
         <name>.debug_info</name>
         <load_address>0xd616</load_address>
         <run_address>0xd616</run_address>
         <size>0x46</size>
         <input_file_ref idref="fl-d9"/>
      </object_component>
      <object_component id="oc-ce">
         <name>.debug_info</name>
         <load_address>0xd65c</load_address>
         <run_address>0xd65c</run_address>
         <size>0x2c</size>
         <input_file_ref idref="fl-d9"/>
      </object_component>
      <object_component id="oc-49">
         <name>.debug_info</name>
         <load_address>0xd688</load_address>
         <run_address>0xd688</run_address>
         <size>0x2a8</size>
         <input_file_ref idref="fl-da"/>
      </object_component>
      <object_component id="oc-1d">
         <name>.debug_info</name>
         <load_address>0xd930</load_address>
         <run_address>0xd930</run_address>
         <size>0x1ea</size>
         <input_file_ref idref="fl-da"/>
      </object_component>
      <object_component id="oc-44">
         <name>.debug_info</name>
         <load_address>0xdb1a</load_address>
         <run_address>0xdb1a</run_address>
         <size>0x46</size>
         <input_file_ref idref="fl-da"/>
      </object_component>
      <object_component id="oc-88">
         <name>.debug_info</name>
         <load_address>0xdb60</load_address>
         <run_address>0xdb60</run_address>
         <size>0x2c</size>
         <input_file_ref idref="fl-da"/>
      </object_component>
      <object_component id="oc-86">
         <name>.debug_info</name>
         <load_address>0xdb8c</load_address>
         <run_address>0xdb8c</run_address>
         <size>0x29e</size>
         <input_file_ref idref="fl-db"/>
      </object_component>
      <object_component id="oc-18">
         <name>.debug_info</name>
         <load_address>0xde2a</load_address>
         <run_address>0xde2a</run_address>
         <size>0x250</size>
         <input_file_ref idref="fl-db"/>
      </object_component>
      <object_component id="oc-34">
         <name>.debug_info</name>
         <load_address>0xe07a</load_address>
         <run_address>0xe07a</run_address>
         <size>0x60</size>
         <input_file_ref idref="fl-db"/>
      </object_component>
      <object_component id="oc-c7">
         <name>.debug_info</name>
         <load_address>0xe0da</load_address>
         <run_address>0xe0da</run_address>
         <size>0x46</size>
         <input_file_ref idref="fl-db"/>
      </object_component>
      <object_component id="oc-81">
         <name>.debug_info</name>
         <load_address>0xe120</load_address>
         <run_address>0xe120</run_address>
         <size>0x39</size>
         <input_file_ref idref="fl-db"/>
      </object_component>
      <object_component id="oc-70">
         <name>.debug_info</name>
         <load_address>0xe159</load_address>
         <run_address>0xe159</run_address>
         <size>0x3b2</size>
         <input_file_ref idref="fl-dc"/>
      </object_component>
      <object_component id="oc-25">
         <name>.debug_info</name>
         <load_address>0xe50b</load_address>
         <run_address>0xe50b</run_address>
         <size>0x10c</size>
         <input_file_ref idref="fl-dc"/>
      </object_component>
      <object_component id="oc-38f">
         <name>.debug_info</name>
         <load_address>0xe617</load_address>
         <run_address>0xe617</run_address>
         <size>0x13f</size>
         <input_file_ref idref="fl-dc"/>
      </object_component>
      <object_component id="oc-2cb">
         <name>.debug_info</name>
         <load_address>0xe756</load_address>
         <run_address>0xe756</run_address>
         <size>0x168</size>
         <input_file_ref idref="fl-dc"/>
      </object_component>
      <object_component id="oc-2d3">
         <name>.debug_info</name>
         <load_address>0xe8be</load_address>
         <run_address>0xe8be</run_address>
         <size>0x18e</size>
         <input_file_ref idref="fl-dc"/>
      </object_component>
      <object_component id="oc-2d9">
         <name>.debug_info</name>
         <load_address>0xea4c</load_address>
         <run_address>0xea4c</run_address>
         <size>0x19f</size>
         <input_file_ref idref="fl-dc"/>
      </object_component>
      <object_component id="oc-1f0">
         <name>.debug_info</name>
         <load_address>0xebeb</load_address>
         <run_address>0xebeb</run_address>
         <size>0x203</size>
         <input_file_ref idref="fl-dc"/>
      </object_component>
      <object_component id="oc-400">
         <name>.debug_info</name>
         <load_address>0xedee</load_address>
         <run_address>0xedee</run_address>
         <size>0x1db</size>
         <input_file_ref idref="fl-dc"/>
      </object_component>
      <object_component id="oc-1ea">
         <name>.debug_info</name>
         <load_address>0xefc9</load_address>
         <run_address>0xefc9</run_address>
         <size>0x1a5</size>
         <input_file_ref idref="fl-dc"/>
      </object_component>
      <object_component id="oc-388">
         <name>.debug_info</name>
         <load_address>0xf16e</load_address>
         <run_address>0xf16e</run_address>
         <size>0x299</size>
         <input_file_ref idref="fl-dc"/>
      </object_component>
      <object_component id="oc-bb">
         <name>.debug_info</name>
         <load_address>0xf407</load_address>
         <run_address>0xf407</run_address>
         <size>0xb2</size>
         <input_file_ref idref="fl-dc"/>
      </object_component>
      <object_component id="oc-b6">
         <name>.debug_info</name>
         <load_address>0xf4b9</load_address>
         <run_address>0xf4b9</run_address>
         <size>0x2c</size>
         <input_file_ref idref="fl-dc"/>
      </object_component>
      <object_component id="oc-292">
         <name>.debug_info</name>
         <load_address>0xf4e5</load_address>
         <run_address>0xf4e5</run_address>
         <size>0x28a</size>
         <input_file_ref idref="fl-dd"/>
      </object_component>
      <object_component id="oc-183">
         <name>.debug_info</name>
         <load_address>0xf76f</load_address>
         <run_address>0xf76f</run_address>
         <size>0x273</size>
         <input_file_ref idref="fl-dd"/>
      </object_component>
      <object_component id="oc-294">
         <name>.debug_info</name>
         <load_address>0xf9e2</load_address>
         <run_address>0xf9e2</run_address>
         <size>0x2a4</size>
         <input_file_ref idref="fl-de"/>
      </object_component>
      <object_component id="oc-18a">
         <name>.debug_info</name>
         <load_address>0xfc86</load_address>
         <run_address>0xfc86</run_address>
         <size>0x24d</size>
         <input_file_ref idref="fl-de"/>
      </object_component>
      <object_component id="oc-28">
         <name>.debug_info</name>
         <load_address>0xfed3</load_address>
         <run_address>0xfed3</run_address>
         <size>0x10b</size>
         <input_file_ref idref="fl-df"/>
      </object_component>
      <object_component id="oc-5f">
         <name>.debug_info</name>
         <load_address>0xffde</load_address>
         <run_address>0xffde</run_address>
         <size>0x1a9</size>
         <input_file_ref idref="fl-df"/>
      </object_component>
      <object_component id="oc-36f">
         <name>.debug_info</name>
         <load_address>0x10187</load_address>
         <run_address>0x10187</run_address>
         <size>0x590</size>
         <input_file_ref idref="fl-e0"/>
      </object_component>
      <object_component id="oc-340">
         <name>.debug_info</name>
         <load_address>0x10717</load_address>
         <run_address>0x10717</run_address>
         <size>0x21e</size>
         <input_file_ref idref="fl-e0"/>
      </object_component>
      <object_component id="oc-3b9">
         <name>.debug_info</name>
         <load_address>0x10935</load_address>
         <run_address>0x10935</run_address>
         <size>0x1b3</size>
         <input_file_ref idref="fl-e0"/>
      </object_component>
      <object_component id="oc-3bf">
         <name>.debug_info</name>
         <load_address>0x10ae8</load_address>
         <run_address>0x10ae8</run_address>
         <size>0x21b</size>
         <input_file_ref idref="fl-e0"/>
      </object_component>
      <object_component id="oc-346">
         <name>.debug_info</name>
         <load_address>0x10d03</load_address>
         <run_address>0x10d03</run_address>
         <size>0x3c0</size>
         <input_file_ref idref="fl-e0"/>
      </object_component>
      <object_component id="oc-3c6">
         <name>.debug_info</name>
         <load_address>0x110c3</load_address>
         <run_address>0x110c3</run_address>
         <size>0x30a</size>
         <input_file_ref idref="fl-e0"/>
      </object_component>
      <object_component id="oc-3cc">
         <name>.debug_info</name>
         <load_address>0x113cd</load_address>
         <run_address>0x113cd</run_address>
         <size>0x215</size>
         <input_file_ref idref="fl-e0"/>
      </object_component>
      <object_component id="oc-34c">
         <name>.debug_info</name>
         <load_address>0x115e2</load_address>
         <run_address>0x115e2</run_address>
         <size>0x215</size>
         <input_file_ref idref="fl-e0"/>
      </object_component>
      <object_component id="oc-352">
         <name>.debug_info</name>
         <load_address>0x117f7</load_address>
         <run_address>0x117f7</run_address>
         <size>0x304</size>
         <input_file_ref idref="fl-e0"/>
      </object_component>
      <object_component id="oc-358">
         <name>.debug_info</name>
         <load_address>0x11afb</load_address>
         <run_address>0x11afb</run_address>
         <size>0x4b5</size>
         <input_file_ref idref="fl-e0"/>
      </object_component>
      <object_component id="oc-275">
         <name>.debug_info</name>
         <load_address>0x11fb0</load_address>
         <run_address>0x11fb0</run_address>
         <size>0x5f4</size>
         <input_file_ref idref="fl-e0"/>
      </object_component>
      <object_component id="oc-370">
         <name>.debug_info</name>
         <load_address>0x125a4</load_address>
         <run_address>0x125a4</run_address>
         <size>0x86</size>
         <input_file_ref idref="fl-e0"/>
      </object_component>
      <object_component id="oc-3f5">
         <name>.debug_info</name>
         <load_address>0x1262a</load_address>
         <run_address>0x1262a</run_address>
         <size>0x39</size>
         <input_file_ref idref="fl-e0"/>
      </object_component>
      <object_component id="oc-439">
         <name>.debug_info</name>
         <load_address>0x12663</load_address>
         <run_address>0x12663</run_address>
         <size>0xb6</size>
         <input_file_ref idref="fl-e0"/>
      </object_component>
      <object_component id="oc-3fa">
         <name>.debug_info</name>
         <load_address>0x12719</load_address>
         <run_address>0x12719</run_address>
         <size>0x46</size>
         <input_file_ref idref="fl-e0"/>
      </object_component>
      <object_component id="oc-375">
         <name>.debug_info</name>
         <load_address>0x1275f</load_address>
         <run_address>0x1275f</run_address>
         <size>0x46</size>
         <input_file_ref idref="fl-e0"/>
      </object_component>
      <object_component id="oc-3ad">
         <name>.debug_info</name>
         <load_address>0x127a5</load_address>
         <run_address>0x127a5</run_address>
         <size>0x134</size>
         <input_file_ref idref="fl-e1"/>
      </object_component>
      <object_component id="oc-252">
         <name>.debug_info</name>
         <load_address>0x128d9</load_address>
         <run_address>0x128d9</run_address>
         <size>0x4b3</size>
         <input_file_ref idref="fl-e2"/>
      </object_component>
      <object_component id="oc-137">
         <name>.debug_info</name>
         <load_address>0x12d8c</load_address>
         <run_address>0x12d8c</run_address>
         <size>0x1a6</size>
         <input_file_ref idref="fl-e2"/>
      </object_component>
      <object_component id="oc-313">
         <name>.debug_info</name>
         <load_address>0x12f32</load_address>
         <run_address>0x12f32</run_address>
         <size>0x39</size>
         <input_file_ref idref="fl-e2"/>
      </object_component>
      <object_component id="oc-398">
         <name>.debug_info</name>
         <load_address>0x12f6b</load_address>
         <run_address>0x12f6b</run_address>
         <size>0x39</size>
         <input_file_ref idref="fl-e2"/>
      </object_component>
      <object_component id="oc-318">
         <name>.debug_info</name>
         <load_address>0x12fa4</load_address>
         <run_address>0x12fa4</run_address>
         <size>0x39</size>
         <input_file_ref idref="fl-e2"/>
      </object_component>
      <object_component id="oc-31d">
         <name>.debug_info</name>
         <load_address>0x12fdd</load_address>
         <run_address>0x12fdd</run_address>
         <size>0xcd</size>
         <input_file_ref idref="fl-e2"/>
      </object_component>
[...]
      <symbol id="sm-397">
         <name>oi_loadSong</name>
         <value>0x915</value>
         <object_component_ref idref="oc-107"/>
      </symbol>
      <symbol id="sm-398">
         <name>oi_play_song</name>
         <value>0x96b</value>
         <object_component_ref idref="oc-107"/>
      </symbol>
      <symbol id="sm-399">
         <name>oi_parsePacket</name>
         <value>0x32b</value>
         <object_component_ref idref="oc-107"/>
      </symbol>
      <symbol id="sm-39a">
         <name>oi_setLeds</name>
         <value>0x84b</value>
         <object_component_ref idref="oc-107"/>
      </symbol>
      <symbol id="sm-39b">
         <name>oi_init</name>
         <value>0x2b1</value>
         <object_component_ref idref="oc-107"/>
      </symbol>
      <symbol id="sm-39c">
         <name>oi_update</name>
         <value>0x2d9</value>
         <object_component_ref idref="oc-107"/>
      </symbol>
      <symbol id="sm-39d">
         <name>oi_uartInit</name>
         <value>0x98d</value>
         <object_component_ref idref="oc-107"/>
      </symbol>
      <symbol id="sm-3e1">
         <name>time_diff</name>
         <value>0x200023c0</value>
      </symbol>
      <symbol id="sm-3e2">
         <name>last_time</name>
         <value>0x2000241c</value>
         <object_component_ref idref="oc-1c8"/>
      </symbol>
      <symbol id="sm-3e3">
         <name>update_flag</name>
         <value>0x20002424</value>
         <object_component_ref idref="oc-1c8"/>
      </symbol>
      <symbol id="sm-3e4">
         <name>g_end_time</name>
         <value>0x20002414</value>
         <object_component_ref idref="oc-1c8"/>
      </symbol>
      <symbol id="sm-3e5">
         <name>TIMER3B_Handler</name>
         <value>0x39fd</value>
         <object_component_ref idref="oc-f5"/>
      </symbol>
      <symbol id="sm-3e6">
         <name>ping_init</name>
         <value>0x38a5</value>
         <object_component_ref idref="oc-f5"/>
      </symbol>
      <symbol id="sm-3e7">
         <name>g_state</name>
         <value>0x20002418</value>
         <object_component_ref idref="oc-1c8"/>
      </symbol>
      <symbol id="sm-3e8">
         <name>current_time</name>
         <value>0x20002420</value>
         <object_component_ref idref="oc-1c8"/>
      </symbol>
      <symbol id="sm-3e9">
         <name>g_start_time</name>
         <value>0x20002410</value>
         <object_component_ref idref="oc-1c8"/>
      </symbol>
      <symbol id="sm-3ea">
         <name>ping_getDistance</name>
         <value>0x3a55</value>
         <object_component_ref idref="oc-f5"/>
      </symbol>
      <symbol id="sm-3eb">
         <name>overflow</name>
         <value>0x20002426</value>
         <object_component_ref idref="oc-1c8"/>
      </symbol>
      <symbol id="sm-3ec">
         <name>ping_trigger</name>
         <value>0x3969</value>
         <object_component_ref idref="oc-f5"/>
      </symbol>
      <symbol id="sm-407">
         <name>scan</name>
         <value>0x4f7d</value>
         <object_component_ref idref="oc-101"/>
      </symbol>
      <symbol id="sm-408">
         <name>SONAR</name>
         <value>0x57a4</value>
         <object_component_ref idref="oc-11f"/>
      </symbol>
      <symbol id="sm-409">
         <name>IR</name>
         <value>0x57a8</value>
         <object_component_ref idref="oc-11f"/>
      </symbol>
      <symbol id="sm-44b">
         <name>servo_move</name>
         <value>0x2ac3</value>
         <object_component_ref idref="oc-fb"/>
      </symbol>
      <symbol id="sm-44c">
         <name>servo_init</name>
         <value>0x2a11</value>
         <object_component_ref idref="oc-fb"/>
      </symbol>
      <symbol id="sm-44d">
         <name>true_0</name>
         <value>0x2000244c</value>
         <object_component_ref idref="oc-1e3"/>
      </symbol>
      <symbol id="sm-44e">
         <name>calibrated</name>
         <value>0x20002454</value>
         <object_component_ref idref="oc-1e3"/>
      </symbol>
      <symbol id="sm-44f">
         <name>true_180</name>
         <value>0x20002450</value>
         <object_component_ref idref="oc-1e3"/>
      </symbol>
      <symbol id="sm-450">
         <name>servo_calibrate</name>
         <value>0x2b5d</value>
         <object_component_ref idref="oc-fb"/>
      </symbol>
      <symbol id="sm-46c">
         <name>ResetISR</name>
         <value>0x55f9</value>
         <object_component_ref idref="oc-2a"/>
      </symbol>
      <symbol id="sm-46d">
         <name>g_pfnVectors</name>
         <value>0x0</value>
         <object_component_ref idref="oc-12"/>
      </symbol>
      <symbol id="sm-4c5">
         <name>UART1_Handler</name>
         <value>0x3217</value>
         <object_component_ref idref="oc-e9"/>
      </symbol>
      <symbol id="sm-4c6">
         <name>command_byte</name>
         <value>0x20002428</value>
         <object_component_ref idref="oc-125"/>
      </symbol>
      <symbol id="sm-4c7">
         <name>command_byte_HALT</name>
         <value>0x20002431</value>
         <object_component_ref idref="oc-125"/>
      </symbol>
      <symbol id="sm-4c8">
         <name>command_byte_QUIT</name>
         <value>0x2000242b</value>
         <object_component_ref idref="oc-125"/>
      </symbol>
      <symbol id="sm-4c9">
         <name>command_byte_FORWARD</name>
         <value>0x2000242d</value>
         <object_component_ref idref="oc-125"/>
      </symbol>
      <symbol id="sm-4ca">
         <name>command_byte_BACKWARD</name>
         <value>0x2000242e</value>
         <object_component_ref idref="oc-125"/>
      </symbol>
      <symbol id="sm-4cb">
         <name>uart_sendChar</name>
         <value>0x31bf</value>
         <object_component_ref idref="oc-e9"/>
      </symbol>
      <symbol id="sm-4cc">
         <name>command_byte_MANUAL</name>
         <value>0x2000242c</value>
         <object_component_ref idref="oc-125"/>
      </symbol>
      <symbol id="sm-4cd">
         <name>command_byte_GO</name>
         <value>0x20002429</value>
         <object_component_ref idref="oc-125"/>
      </symbol>
      <symbol id="sm-4ce">
         <name>command_byte_STOP</name>
         <value>0x2000242a</value>
         <object_component_ref idref="oc-125"/>
      </symbol>
      <symbol id="sm-4cf">
         <name>command_byte_RIGHT</name>
         <value>0x20002430</value>
         <object_component_ref idref="oc-125"/>
      </symbol>
      <symbol id="sm-4d0">
         <name>command_byte_ESCAPE</name>
         <value>0x20002432</value>
         <object_component_ref idref="oc-125"/>
      </symbol>
      <symbol id="sm-4d1">
         <name>uart_init</name>
         <value>0x30e5</value>
         <object_component_ref idref="oc-e9"/>
      </symbol>
      <symbol id="sm-4d2">
         <name>command_byte_PRINT</name>
         <value>0x20002433</value>
         <object_component_ref idref="oc-125"/>
      </symbol>
      <symbol id="sm-4d3">
         <name>command_flag</name>
         <value>0x20002438</value>
         <object_component_ref idref="oc-125"/>
      </symbol>
      <symbol id="sm-4d4">
         <name>command_byte_THRESHOLD</name>
         <value>0x20002435</value>
         <object_component_ref idref="oc-125"/>
      </symbol>
      <symbol id="sm-4d5">
         <name>command_byte_LEFT</name>
         <value>0x2000242f</value>
         <object_component_ref idref="oc-125"/>
      </symbol>
      <symbol id="sm-4d6">
         <name>uart_receive_nonblocking</name>
         <value>0x31f9</value>
         <object_component_ref idref="oc-e9"/>
      </symbol>
      <symbol id="sm-4d7">
         <name>command_byte_CHANGE</name>
         <value>0x20002434</value>
         <object_component_ref idref="oc-125"/>
      </symbol>
      <symbol id="sm-4d8">
         <name>uart_sendStr</name>
         <value>0x31db</value>
         <object_component_ref idref="oc-e9"/>
      </symbol>
      <symbol id="sm-4ff">
         <name>sprintf</name>
         <value>0x5261</value>
         <object_component_ref idref="oc-1a7"/>
      </symbol>
      <symbol id="sm-529">
         <name>vsnprintf</name>
         <value>0x52a1</value>
         <object_component_ref idref="oc-17c"/>
      </symbol>
      <symbol id="sm-540">
         <name>__aeabi_dsub</name>
         <value>0x3f2d</value>
         <object_component_ref idref="oc-1d4"/>
      </symbol>
      <symbol id="sm-541">
         <name>__aeabi_dadd</name>
         <value>0x3f37</value>
         <object_component_ref idref="oc-1d4"/>
      </symbol>
      <symbol id="sm-563">
         <name>__aeabi_cdcmpeq</name>
         <value>0x4b41</value>
         <object_component_ref idref="oc-213"/>
      </symbol>
      <symbol id="sm-564">
         <name>__aeabi_cdcmple</name>
         <value>0x4b41</value>
         <object_component_ref idref="oc-213"/>
      </symbol>
      <symbol id="sm-565">
         <name>__aeabi_cdrcmple</name>
         <value>0x4bc7</value>
         <object_component_ref idref="oc-21e"/>
      </symbol>
      <symbol id="sm-579">
         <name>__aeabi_ddiv</name>
         <value>0x4221</value>
         <object_component_ref idref="oc-1be"/>
      </symbol>
      <symbol id="sm-584">
         <name>__aeabi_dmul</name>
         <value>0x468d</value>
         <object_component_ref idref="oc-1b9"/>
      </symbol>
      <symbol id="sm-58e">
         <name>__aeabi_d2iz</name>
         <value>0x5191</value>
         <object_component_ref idref="oc-1de"/>
      </symbol>
      <symbol id="sm-59a">
         <name>__aeabi_d2f</name>
         <value>0x4ea7</value>
         <object_component_ref idref="oc-1c3"/>
      </symbol>
      <symbol id="sm-5a4">
         <name>__aeabi_d2uiz</name>
         <value>0x521d</value>
         <object_component_ref idref="oc-1b4"/>
      </symbol>
      <symbol id="sm-5af">
         <name>__aeabi_f2d</name>
         <value>0x5359</value>
         <object_component_ref idref="oc-1d9"/>
      </symbol>
      <symbol id="sm-5b9">
         <name>__aeabi_i2d</name>
         <value>0x5429</value>
         <object_component_ref idref="oc-1cf"/>
      </symbol>
      <symbol id="sm-5d4">
         <name>memcpy</name>
         <value>0x4a0f</value>
         <object_component_ref idref="oc-3e"/>
      </symbol>
      <symbol id="sm-5d5">
         <name>__aeabi_memcpy</name>
         <value>0x4a0f</value>
         <object_component_ref idref="oc-3e"/>
      </symbol>
      <symbol id="sm-5d6">
         <name>__aeabi_memcpy8</name>
         <value>0x4a0f</value>
         <object_component_ref idref="oc-3e"/>
      </symbol>
      <symbol id="sm-5d7">
         <name>__aeabi_memcpy4</name>
         <value>0x4a0f</value>
         <object_component_ref idref="oc-3e"/>
      </symbol>
      <symbol id="sm-5e1">
         <name>__aeabi_ui2d</name>
         <value>0x5481</value>
         <object_component_ref idref="oc-1af"/>
      </symbol>
      <symbol id="sm-5f0">
         <name>__aeabi_memset</name>
         <value>0x4d4f</value>
         <object_component_ref idref="oc-96"/>
      </symbol>
      <symbol id="sm-5f1">
         <name>memset</name>
         <value>0x4d55</value>
         <object_component_ref idref="oc-96"/>
      </symbol>
      <symbol id="sm-5f2">
         <name>__aeabi_memset8</name>
         <value>0x4d4f</value>
         <object_component_ref idref="oc-96"/>
      </symbol>
      <symbol id="sm-5f3">
         <name>__aeabi_memset4</name>
         <value>0x4d4f</value>
         <object_component_ref idref="oc-96"/>
      </symbol>
      <symbol id="sm-5f4">
         <name>__aeabi_memclr8</name>
         <value>0x4d4d</value>
         <object_component_ref idref="oc-96"/>
      </symbol>
      <symbol id="sm-5f5">
         <name>__aeabi_memclr4</name>
         <value>0x4d4d</value>
         <object_component_ref idref="oc-96"/>
      </symbol>
      <symbol id="sm-5f6">
         <name>__aeabi_memclr</name>
         <value>0x4d4d</value>
         <object_component_ref idref="oc-96"/>
      </symbol>
      <symbol id="sm-60f">
         <name>__TI_zero_init_nomemset</name>
         <value>0x54a1</value>
         <object_component_ref idref="oc-4a"/>
      </symbol>
      <symbol id="sm-626">
         <name>__TI_decompress_none</name>
         <value>0x55df</value>
         <object_component_ref idref="oc-1b"/>
      </symbol>
      <symbol id="sm-649">
         <name>__TI_decompress_lzss</name>
         <value>0x4f15</value>
         <object_component_ref idref="oc-15"/>
      </symbol>
      <symbol id="sm-6de">
         <name>_sys_memory</name>
         <value>0x20001270</value>
         <object_component_ref idref="oc-24"/>
      </symbol>
      <symbol id="sm-6df">
         <name>free</name>
         <value>0x4879</value>
         <object_component_ref idref="oc-1ef"/>
      </symbol>
      <symbol id="sm-6e0">
         <name>memalign</name>
         <value>0x458d</value>
         <object_component_ref idref="oc-387"/>
      </symbol>
      <symbol id="sm-6e1">
         <name>calloc</name>
         <value>0x5321</value>
         <object_component_ref idref="oc-1e9"/>
      </symbol>
      <symbol id="sm-6e2">
         <name>malloc</name>
         <value>0x5619</value>
         <object_component_ref idref="oc-2ca"/>
      </symbol>
      <symbol id="sm-6e3">
         <name>aligned_alloc</name>
         <value>0x458d</value>
         <object_component_ref idref="oc-387"/>
      </symbol>
      <symbol id="sm-6f2">
         <name>strcmp</name>
         <value>0x5557</value>
         <object_component_ref idref="oc-182"/>
      </symbol>
      <symbol id="sm-700">
         <name>strcpy</name>
         <value>0x5585</value>
         <object_component_ref idref="oc-188"/>
      </symbol>
      <symbol id="sm-713">
         <name>__stack</name>
         <value>0x20000270</value>
         <object_component_ref idref="oc-27"/>
      </symbol>
      <symbol id="sm-714">
         <name>_c_int00_noargs</name>
         <value>0x53c5</value>
         <object_component_ref idref="oc-5c"/>
      </symbol>
      <symbol id="sm-879">
         <name>__TI_printfi</name>
         <value>0xe8d</value>
         <object_component_ref idref="oc-273"/>
      </symbol>
      <symbol id="sm-886">
         <name>__aeabi_uldivmod</name>
         <value>0x4aab</value>
         <object_component_ref idref="oc-3ab"/>
      </symbol>
      <symbol id="sm-8ae">
         <name>__TI_auto_init_nobinit_nopinit</name>
         <value>0x51d9</value>
         <object_component_ref idref="oc-136"/>
      </symbol>
      <symbol id="sm-8b8">
         <name>_system_pre_init</name>
         <value>0x5621</value>
         <object_component_ref idref="oc-9c"/>
      </symbol>
      <symbol id="sm-8c4">
         <name>C$$EXIT</name>
         <value>0x5625</value>
         <object_component_ref idref="oc-12a"/>
      </symbol>
      <symbol id="sm-8c5">
         <name>abort</name>
         <value>0x5625</value>
         <object_component_ref idref="oc-12a"/>
      </symbol>
      <symbol id="sm-8da">
         <name>_nop</name>
         <value>0x18db</value>
         <object_component_ref idref="oc-305"/>
      </symbol>
      <symbol id="sm-8db">
         <name>_lock</name>
         <value>0x20002458</value>
         <object_component_ref idref="oc-24b"/>
      </symbol>
      <symbol id="sm-8dc">
         <name>_unlock</name>
         <value>0x2000245c</value>
         <object_component_ref idref="oc-24b"/>
      </symbol>
      <symbol id="sm-8eb">
         <name>__TI_ltoa</name>
         <value>0x509f</value>
         <object_component_ref idref="oc-3b1"/>
      </symbol>
      <symbol id="sm-902">
         <name>atoi</name>
         <value>0x5145</value>
         <object_component_ref idref="oc-338"/>
      </symbol>
      <symbol id="sm-90d">
         <name>_ctypes_</name>
         <value>0x5628</value>
         <object_component_ref idref="oc-3a6"/>
      </symbol>
      <symbol id="sm-91d">
         <name>memccpy</name>
         <value>0x54d9</value>
         <object_component_ref idref="oc-35c"/>
      </symbol>
      <symbol id="sm-92d">
         <name>strchr</name>
         <value>0x556f</value>
         <object_component_ref idref="oc-3de"/>
      </symbol>
      <symbol id="sm-93b">
         <name>strlen</name>
         <value>0x5599</value>
         <object_component_ref idref="oc-332"/>
      </symbol>
      <symbol id="sm-951">
         <name>__aeabi_errno_addr</name>
         <value>0x5611</value>
         <object_component_ref idref="oc-368"/>
      </symbol>
      <symbol id="sm-952">
         <name>errno</name>
         <value>0x2000243c</value>
         <object_component_ref idref="oc-3ee"/>
      </symbol>
      <symbol id="sm-96b">
         <name>wcslen</name>
         <value>0x55ad</value>
         <object_component_ref idref="oc-362"/>
      </symbol>
      <symbol id="sm-98b">
         <name>frexpl</name>
         <value>0x4fe5</value>
         <object_component_ref idref="oc-3d2"/>
      </symbol>
      <symbol id="sm-98c">
         <name>frexp</name>
         <value>0x4fe5</value>
         <object_component_ref idref="oc-3d2"/>
      </symbol>
      <symbol id="sm-9a9">
         <name>scalbn</name>
         <value>0x447d</value>
         <object_component_ref idref="oc-3d8"/>
      </symbol>
      <symbol id="sm-9aa">
         <name>scalbnl</name>
         <value>0x447d</value>
         <object_component_ref idref="oc-3d8"/>
      </symbol>
      <symbol id="sm-9ab">
         <name>ldexpl</name>
         <value>0x447d</value>
         <object_component_ref idref="oc-3d8"/>
      </symbol>
      <symbol id="sm-9ac">
         <name>ldexp</name>
         <value>0x447d</value>
         <object_component_ref idref="oc-3d8"/>
      </symbol>
      <symbol id="sm-9b6">
         <name>__aeabi_idiv0</name>
         <value>0x40e3</value>
         <object_component_ref idref="oc-40f"/>
      </symbol>
      <symbol id="sm-9b7">
         <name>__aeabi_ldiv0</name>
         <value>0x40e3</value>
         <object_component_ref idref="oc-40f"/>
      </symbol>
      <symbol id="sm-9c1">
         <name>copysign</name>
         <value>0x54f5</value>
         <object_component_ref idref="oc-422"/>
      </symbol>
      <symbol id="sm-9c2">
         <name>copysignl</name>
         <value>0x54f5</value>
         <object_component_ref idref="oc-422"/>
      </symbol>
      <symbol id="sm-9f1">
         <name>IntRegister</name>
         <value>0x5391</value>
         <object_component_ref idref="oc-16a"/>
      </symbol>
      <symbol id="sm-9f2">
         <name>g_pfnRAMVectors</name>
         <value>0x20000000</value>
         <object_component_ref idref="oc-267"/>
      </symbol>
      <symbol id="sm-9f3">
         <name>IntMasterEnable</name>
         <value>0x55bf</value>
         <object_component_ref idref="oc-19a"/>
      </symbol>
      <symbol id="sm-9fd">
         <name>CPUcpsie</name>
         <value>0x55ed</value>
         <object_component_ref idref="oc-29c"/>
      </symbol>
      <symbol id="sm-9fe">
         <name>__TI_static_base__</name>
         <value>0x0</value>
      </symbol>
      <symbol id="sm-a01">
         <name>__mpu_init</name>
         <value>0x0</value>
      </symbol>
      <symbol id="sm-a02">
         <name>_system_post_cinit</name>
         <value>0x0</value>
      </symbol>
   </symbol_table>
   <title>Link successful</title>
</link_info>
