******************************************************************************
                  TI ARM Linker PC v20.2.7                     
******************************************************************************
>> Linked Thu May  1 13:01:25 2025

OUTPUT FILE NAME:   <Final_Project.out>
ENTRY POINT SYMBOL: "_c_int00_noargs"  address: 000051dd


MEMORY CONFIGURATION

         name            origin    length      used     unused   attr    fill
----------------------  --------  ---------  --------  --------  ----  --------
  FLASH                 00000000   00040000  00005624  0003a9dc  R  X
  SRAM                  20000000   00008000  00002460  00005ba0  RW X


SEGMENT ALLOCATION MAP

run origin  load origin   length   init length attrs members
----------  ----------- ---------- ----------- ----- -------
00000000    00000000    00005628   00005628    r-x
  00000000    00000000    0000026c   0000026c    r-- .intvecs
  0000026c    0000026c    000051d4   000051d4    r-x .text
  00005440    00005440    0000014c   0000014c    r-- .const
  00005590    00005590    00000098   00000098    r-- .cinit
20000000    20000000    00002468   00000000    rw-
  20000000    20000000    0000026c   00000000    rw- .vtable
  20000270    20000270    00001000   00000000    rw- .stack
  20001270    20001270    00001000   00000000    rw- .sysmem
  20002270    20002270    00000154   00000000    rw- .bss
  200023c8    200023c8    000000a0   00000000    rw- .data


SECTION ALLOCATION MAP

 output                                  attributes/
section   page    origin      length       input sections
--------  ----  ----------  ----------   ----------------
.intvecs   0    00000000    0000026c     
                  00000000    0000026c     tm4c123gh6pm_startup_ccs.obj (.intvecs)

.text      0    0000026c    000051d4     
                  0000026c    00000c20     open_interface.obj (.text)
                  00000e8c    00000a4e     rtsv7M4_T_le_v4SPD16_eabi.lib : _printfi.c.obj (.text:__TI_printfi)
                  000018da    00000002                                   : _lock.c.obj (.text:_nop)
                  000018dc    000006a8     objects.obj (.text)
                  00001f84    00000598     movement.obj (.text)
                  0000251c    000003ac     servo.obj (.text)
                  000028c8    00000398     gui.obj (.text)
                  00002c60    00000328     lcd.obj (.text)
                  00002f88    000002b8     uart.obj (.text)
                  00003240    00000298     adc.obj (.text)
                  000034d8    00000270     rtsv7M4_T_le_v4SPD16_eabi.lib : _printfi.c.obj (.text:_pconv_a)
                  00003748    00000270     ping.obj (.text)
                  000039b8    00000248     Timer.obj (.text)
                  00003c00    000001d0     rtsv7M4_T_le_v4SPD16_eabi.lib : _printfi.c.obj (.text:_pconv_g)
                  00003dd0    000001b6                                   : fd_add_t2.asm.obj (.text)
                  00003f86    00000002                                   : div0.asm.obj (.text)
                  00003f88    0000013c                                   : _printfi.c.obj (.text:_pconv_e)
                  000040c4    00000136                                   : fd_div_t2.asm.obj (.text)
                  000041fa    00000002     --HOLE-- [fill = 0]
                  000041fc    00000124                                   : _printfi.c.obj (.text:fcvt)
                  00004320    00000110                                   : s_scalbn.c.obj (.text:scalbn)
                  00004430    00000100                                   : memory.c.obj (.text:aligned_alloc)
                  00004530    000000fc                                   : fd_mul_t2.asm.obj (.text)
                  0000462c    000000e4                                   : memory.c.obj (.text:free)
                  00004710    000000e4     main.obj (.text)
                  000047f4    000000b1     rtsv7M4_T_le_v4SPD16_eabi.lib : _printfi.c.obj (.text:_ltostr)
                  000048a5    00000001     --HOLE-- [fill = 0]
                  000048a6    0000009c                                   : memcpy_t2.asm.obj (.text)
                  00004942    00000096                                   : ull_div_t2.asm.obj (.text)
                  000049d8    00000086                                   : fd_cmp_t2.asm.obj (.text:__aeabi_cdcmple)
                  00004a5e    00000086                                   : fd_cmp_t2.asm.obj (.text:__aeabi_cdrcmple)
                  00004ae4    00000080     button.obj (.text)
                  00004b64    0000007a     rtsv7M4_T_le_v4SPD16_eabi.lib : memset_t2.asm.obj (.text)
                  00004bde    00000002     --HOLE-- [fill = 0]
                  00004be0    00000070                                   : memory.c.obj (.text:split)
                  00004c50    0000006e                                   : _printfi.c.obj (.text:_mcpy)
                  00004cbe    0000006e                                   : fd_tos_t2.asm.obj (.text)
                  00004d2c    00000068                                   : copy_decompress_lzss.c.obj (.text:decompress:lzss:__TI_decompress_lzss)
                  00004d94    00000068     scan.obj (.text)
                  00004dfc    00000064     rtsv7M4_T_le_v4SPD16_eabi.lib : s_frexp.c.obj (.text:frexp)
                  00004e60    00000056                                   : _printfi.c.obj (.text:_pconv_f)
                  00004eb6    00000054                                   : _ltoa.c.obj (.text:__TI_ltoa)
                  00004f0a    00000052                                   : _printfi.c.obj (.text:_ecpy)
                  00004f5c    0000004c                                   : atoi.c.obj (.text:atoi)
                  00004fa8    00000048                                   : fd_toi_t2.asm.obj (.text)
                  00004ff0    00000044                                   : autoinit.c.obj (.text:__TI_auto_init_nobinit_nopinit:__TI_auto_init_nobinit_nopinit)
                  00005034    00000044                                   : fd_tou_t2.asm.obj (.text)
                  00005078    00000040                                   : sprintf.c.obj (.text:sprintf)
                  000050b8    00000040                                   : vsnprintf.c.obj (.text:vsnprintf)
                  000050f8    0000003e                                   : _printfi.c.obj (.text:_fcpy)
                  00005136    00000002     --HOLE-- [fill = 0]
                  00005138    00000038                                   : memory.c.obj (.text:calloc)
                  00005170    00000038                                   : fs_tod_t2.asm.obj (.text)
                  000051a8    00000034     driverlib.lib : interrupt.obj (.text:IntRegister)
                  000051dc    00000034     rtsv7M4_T_le_v4SPD16_eabi.lib : boot_cortex_m.c.obj (.text:_c_int00_noargs:_c_int00_noargs)
                  00005210    00000030                                   : vsnprintf.c.obj (.text:_outs)
                  00005240    0000002e                                   : i_tofd_t2.asm.obj (.text)
                  0000526e    00000002     --HOLE-- [fill = 0]
                  00005270    00000028                                   : memory.c.obj (.text:free_list_insert)
                  00005298    00000020                                   : u_tofd_t2.asm.obj (.text)
                  000052b8    0000001c                                   : copy_zero_init.c.obj (.text:decompress:ZI:__TI_zero_init_nomemset:__TI_zero_init_nomemset)
                  000052d4    0000001c                                   : memory.c.obj (.text:free_list_remove)
                  000052f0    0000001c                                   : memccpy.c.obj (.text:memccpy)
                  0000530c    0000001a                                   : s_copysign.c.obj (.text:copysign)
                  00005326    00000018                                   : vsnprintf.c.obj (.text:_outc)
                  0000533e    00000018                                   : sprintf.c.obj (.text:_outs)
                  00005356    00000018     open_interface.obj (.text:oi_parseInt)
                  0000536e    00000018     rtsv7M4_T_le_v4SPD16_eabi.lib : strcmp.c.obj (.text:strcmp)
                  00005386    00000016                                   : strchr.c.obj (.text:strchr)
                  0000539c    00000014                                   : strcpy.c.obj (.text:strcpy)
                  000053b0    00000014                                   : strlen.c.obj (.text:strlen)
                  000053c4    00000012                                   : wcslen.c.obj (.text:wcslen)
                  000053d6    00000010     driverlib.lib : interrupt.obj (.text:IntMasterEnable)
                  000053e6    00000010     lcd.obj (.text:lcd_clear)
                  000053f6    0000000e     rtsv7M4_T_le_v4SPD16_eabi.lib : copy_decompress_none.c.obj (.text:decompress:none:__TI_decompress_none)
                  00005404    0000000c     driverlib.lib : cpu.obj (.text:CPUcpsie)
                  00005410    0000000c     tm4c123gh6pm_startup_ccs.obj (.text)
                  0000541c    0000000a     rtsv7M4_T_le_v4SPD16_eabi.lib : sprintf.c.obj (.text:_outc)
                  00005426    00000002     --HOLE-- [fill = 0]
                  00005428    00000008                                   : errno.c.obj (.text:__aeabi_errno_addr)
                  00005430    00000008                                   : memory.c.obj (.text:malloc)
                  00005438    00000004                                   : pre_init.c.obj (.text:_system_pre_init)
                  0000543c    00000004                                   : exit.c.obj (.text:abort:abort)

.const     0    00005440    0000014c     
                  00005440    00000101     rtsv7M4_T_le_v4SPD16_eabi.lib : ctype.c.obj (.const:.string:_ctypes_)
                  00005541    00000003     --HOLE-- [fill = 0]
                  00005544    00000028     gui.obj (.const)
                  0000556c    0000000f     open_interface.obj (.const:.string:$P$T0$3)
                  0000557b    00000001     --HOLE-- [fill = 0]
                  0000557c    00000008     scan.obj (.const)
                  00005584    00000004     lcd.obj (.const:.string:lineAddress$1)
                  00005588    00000004     lcd.obj (.const:.string:lineAddresses$2)

.cinit     0    00005590    00000098     
                  00005590    00000060     (.cinit..data.load) [load image, compression = lzss]
                  000055f0    0000000c     (__TI_handler_table)
                  000055fc    00000004     --HOLE-- [fill = 0]
                  00005600    00000008     (.cinit..bss.load) [load image, compression = zero_init]
                  00005608    00000008     (.cinit..vtable.load) [load image, compression = zero_init]
                  00005610    00000018     (__TI_cinit_table)

.init_array 
*          0    00000000    00000000     UNINITIALIZED

.vtable    0    20000000    0000026c     UNINITIALIZED
                  20000000    0000026c     driverlib.lib : interrupt.obj (.vtable)

.stack     0    20000270    00001000     UNINITIALIZED
                  20000270    00000004     rtsv7M4_T_le_v4SPD16_eabi.lib : boot_cortex_m.c.obj (.stack)
                  20000274    00000ffc     --HOLE--

.sysmem    0    20001270    00001000     UNINITIALIZED
                  20001270    00000010     rtsv7M4_T_le_v4SPD16_eabi.lib : memory.c.obj (.sysmem)
                  20001280    00000ff0     --HOLE--

.bss       0    20002270    00000154     UNINITIALIZED
                  20002270    00000078     (.common:objects)
                  200022e8    00000064     (.common:message)
                  2000234c    00000054     lcd.obj (.bss:lastbuffer$3)
                  200023a0    00000018     open_interface.obj (.bss:firmware$2)
                  200023b8    00000004     (.common:_timeout_ticks)
                  200023bc    00000004     (.common:numObjects)
                  200023c0    00000004     (.common:time_diff)

.data      0    200023c8    000000a0     UNINITIALIZED
                  200023c8    00000028     objects.obj (.data:finished)
                  200023f0    00000020     open_interface.obj (.data)
                  20002410    00000018     ping.obj (.data)
                  20002428    00000014     uart.obj (.data)
                  2000243c    00000004     rtsv7M4_T_le_v4SPD16_eabi.lib : errno.c.obj (.data)
                  20002440    0000000c     objects.obj (.data)
                  2000244c    00000009     servo.obj (.data)
                  20002455    00000001     Timer.obj (.data)
                  20002456    00000001     button.obj (.data)
                  20002457    00000001     --HOLE--
                  20002458    00000008     rtsv7M4_T_le_v4SPD16_eabi.lib : _lock.c.obj (.data:$O1$$)
                  20002460    00000008                                   : memory.c.obj (.data:$O1$$)

__llvm_prf_cnts 
*          0    20000000    00000000     UNINITIALIZED

MODULE SUMMARY

       Module                         code    ro data   rw data
       ------                         ----    -------   -------
    .\
       open_interface.obj             3128    15        56     
       objects.obj                    1704    0         276    
       movement.obj                   1432    0         0      
       gui.obj                        920     40        0      
       servo.obj                      940     0         9      
       lcd.obj                        824     8         84     
       uart.obj                       696     0         20     
       adc.obj                        664     0         0      
       ping.obj                       624     0         28     
       tm4c123gh6pm_startup_ccs.obj   12      620       0      
       Timer.obj                      584     0         5      
       main.obj                       228     0         0      
       button.obj                     128     0         1      
       scan.obj                       104     8         0      
    +--+------------------------------+-------+---------+---------+
       Total:                         11988   691       479    
                                                               
    C:/ti/TivaWare_C_Series-2.2.0.295/driverlib/ccs/Debug/driverlib.lib
       interrupt.obj                  68      0         620    
       cpu.obj                        12      0         0      
    +--+------------------------------+-------+---------+---------+
       Total:                         80      0         620    
                                                               
    C:\ti\ccs1271\ccs\tools\compiler\ti-cgt-arm_20.2.7.LTS\lib\rtsv7M4_T_le_v4SPD16_eabi.lib
       _printfi.c.obj                 4851    0         0      
       memory.c.obj                   728     0         8      
       fd_add_t2.asm.obj              438     0         0      
       fd_div_t2.asm.obj              310     0         0      
       s_scalbn.c.obj                 272     0         0      
       fd_cmp_t2.asm.obj              268     0         0      
       ctype.c.obj                    0       257       0      
       fd_mul_t2.asm.obj              252     0         0      
       memcpy_t2.asm.obj              156     0         0      
       ull_div_t2.asm.obj             150     0         0      
       vsnprintf.c.obj                136     0         0      
       memset_t2.asm.obj              122     0         0      
       fd_tos_t2.asm.obj              110     0         0      
       copy_decompress_lzss.c.obj     104     0         0      
       s_frexp.c.obj                  100     0         0      
       sprintf.c.obj                  98      0         0      
       _ltoa.c.obj                    84      0         0      
       atoi.c.obj                     76      0         0      
       fd_toi_t2.asm.obj              72      0         0      
       autoinit.c.obj                 68      0         0      
       fd_tou_t2.asm.obj              68      0         0      
       fs_tod_t2.asm.obj              56      0         0      
       boot_cortex_m.c.obj            52      0         0      
       i_tofd_t2.asm.obj              46      0         0      
       u_tofd_t2.asm.obj              32      0         0      
       copy_zero_init.c.obj           28      0         0      
       memccpy.c.obj                  28      0         0      
       s_copysign.c.obj               26      0         0      
       strcmp.c.obj                   24      0         0      
       strchr.c.obj                   22      0         0      
       strcpy.c.obj                   20      0         0      
       strlen.c.obj                   20      0         0      
       wcslen.c.obj                   18      0         0      
       copy_decompress_none.c.obj     14      0         0      
       errno.c.obj                    8       0         4      
       _lock.c.obj                    2       0         8      
       exit.c.obj                     4       0         0      
       pre_init.c.obj                 4       0         0      
       div0.asm.obj                   2       0         0      
    +--+------------------------------+-------+---------+---------+
       Total:                         8869    257       20     
                                                               
       Heap:                          0       0         4096   
       Stack:                         0       0         4096   
       Linker Generated:              0       148       0      
    +--+------------------------------+-------+---------+---------+
       Grand Total:                   20937   1096      9311   


LINKER GENERATED COPY TABLES

__TI_cinit_table @ 00005610 records: 3, size/record: 8, table size: 24
	.data: load addr=00005590, load size=00000060 bytes, run addr=200023c8, run size=000000a0 bytes, compression=lzss
	.bss: load addr=00005600, load size=00000008 bytes, run addr=20002270, run size=00000154 bytes, compression=zero_init
	.vtable: load addr=00005608, load size=00000008 bytes, run addr=20000000, run size=0000026c bytes, compression=zero_init


LINKER GENERATED HANDLER TABLE

__TI_handler_table @ 000055f0 records: 3, size/record: 4, table size: 12
	index: 0, handler: __TI_zero_init
	index: 1, handler: __TI_decompress_lzss
	index: 2, handler: __TI_decompress_none


GLOBAL SYMBOLS: SORTED ALPHABETICALLY BY Name 

address   name                          
-------   ----                          
00005548  ANGLE                         
00005554  BOUNDARY                      
0000554c  BUMP                          
0000543d  C$$EXIT                       
00005405  CPUcpsie                      
00005544  DISTANCE                      
00005558  END                           
0000555c  FAR_LEFT                      
00005568  FAR_RIGHT                     
00000bc3  GPIOF_Handler                 
00005550  HOLE                          
00005580  IR                            
000053d7  IntMasterEnable               
000051a9  IntRegister                   
00005560  LEFT                          
00005564  RIGHT                         
00005411  ResetISR                      
0000557c  SONAR                         
000038a1  TIMER3B_Handler               
000030bb  UART1_Handler                 
20001270  __STACK_END                   
00001000  __STACK_SIZE                  
20000470  __STACK_TOP                   
00001000  __SYSMEM_SIZE                 
00005610  __TI_CINIT_Base               
00005628  __TI_CINIT_Limit              
000055f0  __TI_Handler_Table_Base       
000055fc  __TI_Handler_Table_Limit      
00004ff1  __TI_auto_init_nobinit_nopinit
00004d2d  __TI_decompress_lzss          
000053f7  __TI_decompress_none          
00004eb7  __TI_ltoa                     
ffffffff  __TI_pprof_out_hndl           
00000e8d  __TI_printfi                  
ffffffff  __TI_prof_data_size           
ffffffff  __TI_prof_data_start          
00000000  __TI_static_base__            
000052b9  __TI_zero_init_nomemset       
000049d9  __aeabi_cdcmpeq               
000049d9  __aeabi_cdcmple               
00004a5f  __aeabi_cdrcmple              
00004cbf  __aeabi_d2f                   
00004fa9  __aeabi_d2iz                  
00005035  __aeabi_d2uiz                 
00003ddb  __aeabi_dadd                  
000040c5  __aeabi_ddiv                  
00004531  __aeabi_dmul                  
00003dd1  __aeabi_dsub                  
00005429  __aeabi_errno_addr            
00005171  __aeabi_f2d                   
00005241  __aeabi_i2d                   
00003f87  __aeabi_idiv0                 
00003f87  __aeabi_ldiv0                 
00004b65  __aeabi_memclr                
00004b65  __aeabi_memclr4               
00004b65  __aeabi_memclr8               
000048a7  __aeabi_memcpy                
000048a7  __aeabi_memcpy4               
000048a7  __aeabi_memcpy8               
00004b67  __aeabi_memset                
00004b67  __aeabi_memset4               
00004b67  __aeabi_memset8               
00005299  __aeabi_ui2d                  
00004943  __aeabi_uldivmod              
ffffffff  __binit__                     
ffffffff  __c_args__                    
UNDEFED   __mpu_init                    
20000270  __stack                       
20000000  __start___llvm_prf_cnts       
20000000  __stop___llvm_prf_cnts        
000051dd  _c_int00_noargs               
00005440  _ctypes_                      
20002458  _lock                         
000018db  _nop                          
20002455  _running                      
20001270  _sys_memory                   
UNDEFED   _system_post_cinit            
00005439  _system_pre_init              
200023b8  _timeout_ticks                
2000245c  _unlock                       
0000543d  abort                         
0000330f  adc_calibrate                 
00003241  adc_init                      
000032e3  adc_read                      
00004431  aligned_alloc                 
00004f5d  atoi                          
ffffffff  binit                         
00002427  bump                          
00004b19  button_getButton              
00004ae5  button_init                   
20002454  calibrated                    
00005139  calloc                        
000018dd  change_parameters             
20002428  command_byte                  
2000242e  command_byte_BACKWARD         
20002434  command_byte_CHANGE           
20002432  command_byte_ESCAPE           
2000242d  command_byte_FORWARD          
20002429  command_byte_GO               
20002431  command_byte_HALT             
2000242f  command_byte_LEFT             
2000242c  command_byte_MANUAL           
20002433  command_byte_PRINT            
2000242b  command_byte_QUIT             
20002430  command_byte_RIGHT            
2000242a  command_byte_STOP             
20002435  command_byte_THRESHOLD        
20002438  command_flag                  
0000530d  copysign                      
0000530d  copysignl                     
20002420  current_time                  
20002448  degree_increment              
00001ce9  detect_objects                
20002440  distance_threshold            
2000243c  errno                         
200023c8  finished                      
0000462d  free                          
00004dfd  frexp                         
00004dfd  frexpl                        
20002414  g_end_time                    
20000000  g_pfnRAMVectors               
00000000  g_pfnVectors                  
20002410  g_start_time                  
20002418  g_state                       
0000097f  go_charge                     
000022d9  hazards                       
00002467  hole                          
2000241c  last_time                     
000053e7  lcd_clear                     
00002e35  lcd_gotoLine                  
00002c9d  lcd_init                      
00002e9b  lcd_printf                    
00002d5d  lcd_putc                      
00002d95  lcd_puts                      
00002c61  lcd_reverseNibble             
00002db3  lcd_sendCommand               
00002df1  lcd_sendNibble                
00002e5d  lcd_setCursorPos              
00004321  ldexp                         
00004321  ldexpl                        
00004711  main                          
00005431  malloc                        
00004431  memalign                      
000052f1  memccpy                       
000048a7  memcpy                        
00004b6d  memset                        
200022e8  message                       
200023f0  motor_cal_factor_L            
200023f4  motor_cal_factor_R            
00002049  move_backward                 
00001f85  move_forward                  
00002231  movement                      
200023bc  numObjects                    
20002270  objects                       
0000026d  oi_alloc                      
00000aa9  oi_checkFirmware              
000002c7  oi_close                      
00000279  oi_free                       
00000ded  oi_getMotorCalibrationLeft    
00000e01  oi_getMotorCalibrationRight   
000002b1  oi_init                       
00000289  oi_init_noupdate              
00000915  oi_loadSong                   
00005357  oi_parseInt                   
0000032b  oi_parsePacket                
0000096b  oi_play_song                  
0000084b  oi_setLeds                    
00000db1  oi_setMotorCalibration        
0000088f  oi_setWheels                  
00000b51  oi_shutoff_init               
0000098d  oi_uartInit                   
00000a31  oi_uartReceive                
00000a77  oi_uartSendBuff               
00000a15  oi_uartSendChar               
00000a59  oi_uartSendStr                
000002d9  oi_update                     
20002426  overflow                      
000038f9  ping_getDistance              
00003749  ping_init                     
0000380d  ping_trigger                  
00001a6d  print_objects                 
00004321  scalbn                        
00004321  scalbnl                       
00004d95  scan                          
00002669  servo_calibrate               
0000251d  servo_init                    
000025cf  servo_move                    
00005079  sprintf                       
00005387  strchr                        
0000536f  strcmp                        
0000539d  strcpy                        
000053b1  strlen                        
200023c0  time_diff                     
00003ad7  timer_getMicros               
00003a7f  timer_getMillis               
000039b9  timer_init                    
00003a5b  timer_pause                   
00003a6d  timer_resume                  
00003a31  timer_stop                    
00003b31  timer_waitMicros              
00003b63  timer_waitMillis              
2000244c  true_0                        
20002450  true_180                      
0000219f  turn_left                     
0000210d  turn_right                    
00002f89  uart_init                     
0000309d  uart_receive_nonblocking      
00003063  uart_sendChar                 
000028c9  uart_sendData                 
00002963  uart_sendHole                 
00002a7d  uart_sendObject               
0000307f  uart_sendStr                  
20002424  update_flag                   
000050b9  vsnprintf                     
000053c5  wcslen                        


GLOBAL SYMBOLS: SORTED BY Symbol Address 

address   name                          
-------   ----                          
00000000  __TI_static_base__            
00000000  g_pfnVectors                  
0000026d  oi_alloc                      
00000279  oi_free                       
00000289  oi_init_noupdate              
000002b1  oi_init                       
000002c7  oi_close                      
000002d9  oi_update                     
0000032b  oi_parsePacket                
0000084b  oi_setLeds                    
0000088f  oi_setWheels                  
00000915  oi_loadSong                   
0000096b  oi_play_song                  
0000097f  go_charge                     
0000098d  oi_uartInit                   
00000a15  oi_uartSendChar               
00000a31  oi_uartReceive                
00000a59  oi_uartSendStr                
00000a77  oi_uartSendBuff               
00000aa9  oi_checkFirmware              
00000b51  oi_shutoff_init               
00000bc3  GPIOF_Handler                 
00000db1  oi_setMotorCalibration        
00000ded  oi_getMotorCalibrationLeft    
00000e01  oi_getMotorCalibrationRight   
00000e8d  __TI_printfi                  
00001000  __STACK_SIZE                  
00001000  __SYSMEM_SIZE                 
000018db  _nop                          
000018dd  change_parameters             
00001a6d  print_objects                 
00001ce9  detect_objects                
00001f85  move_forward                  
00002049  move_backward                 
0000210d  turn_right                    
0000219f  turn_left                     
00002231  movement                      
000022d9  hazards                       
00002427  bump                          
00002467  hole                          
0000251d  servo_init                    
000025cf  servo_move                    
00002669  servo_calibrate               
000028c9  uart_sendData                 
00002963  uart_sendHole                 
00002a7d  uart_sendObject               
00002c61  lcd_reverseNibble             
00002c9d  lcd_init                      
00002d5d  lcd_putc                      
00002d95  lcd_puts                      
00002db3  lcd_sendCommand               
00002df1  lcd_sendNibble                
00002e35  lcd_gotoLine                  
00002e5d  lcd_setCursorPos              
00002e9b  lcd_printf                    
00002f89  uart_init                     
00003063  uart_sendChar                 
0000307f  uart_sendStr                  
0000309d  uart_receive_nonblocking      
000030bb  UART1_Handler                 
00003241  adc_init                      
000032e3  adc_read                      
0000330f  adc_calibrate                 
00003749  ping_init                     
0000380d  ping_trigger                  
000038a1  TIMER3B_Handler               
000038f9  ping_getDistance              
000039b9  timer_init                    
00003a31  timer_stop                    
00003a5b  timer_pause                   
00003a6d  timer_resume                  
00003a7f  timer_getMillis               
00003ad7  timer_getMicros               
00003b31  timer_waitMicros              
00003b63  timer_waitMillis              
00003dd1  __aeabi_dsub                  
00003ddb  __aeabi_dadd                  
00003f87  __aeabi_idiv0                 
00003f87  __aeabi_ldiv0                 
000040c5  __aeabi_ddiv                  
00004321  ldexp                         
00004321  ldexpl                        
00004321  scalbn                        
00004321  scalbnl                       
00004431  aligned_alloc                 
00004431  memalign                      
00004531  __aeabi_dmul                  
0000462d  free                          
00004711  main                          
000048a7  __aeabi_memcpy                
000048a7  __aeabi_memcpy4               
000048a7  __aeabi_memcpy8               
000048a7  memcpy                        
00004943  __aeabi_uldivmod              
000049d9  __aeabi_cdcmpeq               
000049d9  __aeabi_cdcmple               
00004a5f  __aeabi_cdrcmple              
00004ae5  button_init                   
00004b19  button_getButton              
00004b65  __aeabi_memclr                
00004b65  __aeabi_memclr4               
00004b65  __aeabi_memclr8               
00004b67  __aeabi_memset                
00004b67  __aeabi_memset4               
00004b67  __aeabi_memset8               
00004b6d  memset                        
00004cbf  __aeabi_d2f                   
00004d2d  __TI_decompress_lzss          
00004d95  scan                          
00004dfd  frexp                         
00004dfd  frexpl                        
00004eb7  __TI_ltoa                     
00004f5d  atoi                          
00004fa9  __aeabi_d2iz                  
00004ff1  __TI_auto_init_nobinit_nopinit
00005035  __aeabi_d2uiz                 
00005079  sprintf                       
000050b9  vsnprintf                     
00005139  calloc                        
00005171  __aeabi_f2d                   
000051a9  IntRegister                   
000051dd  _c_int00_noargs               
00005241  __aeabi_i2d                   
00005299  __aeabi_ui2d                  
000052b9  __TI_zero_init_nomemset       
000052f1  memccpy                       
0000530d  copysign                      
0000530d  copysignl                     
00005357  oi_parseInt                   
0000536f  strcmp                        
00005387  strchr                        
0000539d  strcpy                        
000053b1  strlen                        
000053c5  wcslen                        
000053d7  IntMasterEnable               
000053e7  lcd_clear                     
000053f7  __TI_decompress_none          
00005405  CPUcpsie                      
00005411  ResetISR                      
00005429  __aeabi_errno_addr            
00005431  malloc                        
00005439  _system_pre_init              
0000543d  C$$EXIT                       
0000543d  abort                         
00005440  _ctypes_                      
00005544  DISTANCE                      
00005548  ANGLE                         
0000554c  BUMP                          
00005550  HOLE                          
00005554  BOUNDARY                      
00005558  END                           
0000555c  FAR_LEFT                      
00005560  LEFT                          
00005564  RIGHT                         
00005568  FAR_RIGHT                     
0000557c  SONAR                         
00005580  IR                            
000055f0  __TI_Handler_Table_Base       
000055fc  __TI_Handler_Table_Limit      
00005610  __TI_CINIT_Base               
00005628  __TI_CINIT_Limit              
20000000  __start___llvm_prf_cnts       
20000000  __stop___llvm_prf_cnts        
20000000  g_pfnRAMVectors               
20000270  __stack                       
20000470  __STACK_TOP                   
20001270  __STACK_END                   
20001270  _sys_memory                   
20002270  objects                       
200022e8  message                       
200023b8  _timeout_ticks                
200023bc  numObjects                    
200023c0  time_diff                     
200023c8  finished                      
200023f0  motor_cal_factor_L            
200023f4  motor_cal_factor_R            
20002410  g_start_time                  
20002414  g_end_time                    
20002418  g_state                       
2000241c  last_time                     
20002420  current_time                  
20002424  update_flag                   
20002426  overflow                      
20002428  command_byte                  
20002429  command_byte_GO               
2000242a  command_byte_STOP             
2000242b  command_byte_QUIT             
2000242c  command_byte_MANUAL           
2000242d  command_byte_FORWARD          
2000242e  command_byte_BACKWARD         
2000242f  command_byte_LEFT             
20002430  command_byte_RIGHT            
20002431  command_byte_HALT             
20002432  command_byte_ESCAPE           
20002433  command_byte_PRINT            
20002434  command_byte_CHANGE           
20002435  command_byte_THRESHOLD        
20002438  command_flag                  
2000243c  errno                         
20002440  distance_threshold            
20002448  degree_increment              
2000244c  true_0                        
20002450  true_180                      
20002454  calibrated                    
20002455  _running                      
20002458  _lock                         
2000245c  _unlock                       
ffffffff  __TI_pprof_out_hndl           
ffffffff  __TI_prof_data_size           
ffffffff  __TI_prof_data_start          
ffffffff  __binit__                     
ffffffff  __c_args__                    
ffffffff  binit                         
UNDEFED   __mpu_init                    
UNDEFED   _system_post_cinit            

[215 symbols]
