******************************************************************************
                  TI ARM Linker PC v20.2.7                     
******************************************************************************
>> Linked Tue Apr 29 13:42:07 2025

OUTPUT FILE NAME:   <FinalProject.out>
ENTRY POINT SYMBOL: "_c_int00_noargs"  address: 00005201


MEMORY CONFIGURATION

         name            origin    length      used     unused   attr    fill
----------------------  --------  ---------  --------  --------  ----  --------
  FLASH                 00000000   00040000  00005648  0003a9b8  R  X
  SRAM                  20000000   00008000  00002460  00005ba0  RW X


SEGMENT ALLOCATION MAP

run origin  load origin   length   init length attrs members
----------  ----------- ---------- ----------- ----- -------
00000000    00000000    00005648   00005648    r-x
  00000000    00000000    0000026c   0000026c    r-- .intvecs
  0000026c    0000026c    000051f8   000051f8    r-x .text
  00005464    00005464    0000014c   0000014c    r-- .const
  000055b0    000055b0    00000098   00000098    r-- .cinit
20000000    20000000    00002468   00000000    rw-
  20000000    20000000    0000026c   00000000    rw- .vtable
  20000270    20000270    00001000   00000000    rw- .stack
  20001270    20001270    00001000   00000000    rw- .sysmem
  20002270    20002270    00000154   00000000    rw- .bss
  200023c8    200023c8    000000a0   00000000    rw- .data


SECTION ALLOCATION MAP

 output                                  attributes/
section   page    origin      length       input sections
--------  ----  ----------  ----------   ----------------
.intvecs   0    00000000    0000026c     
                  00000000    0000026c     tm4c123gh6pm_startup_ccs.obj (.intvecs)

.text      0    0000026c    000051f8     
                  0000026c    00000c20     open_interface.obj (.text)
                  00000e8c    00000a4e     rtsv7M4_T_le_v4SPD16_eabi.lib : _printfi.c.obj (.text:__TI_printfi)
                  000018da    00000002                                   : _lock.c.obj (.text:_nop)
                  000018dc    000006ac     objects.obj (.text)
                  00001f88    000005b8     movement.obj (.text)
                  00002540    000003ac     servo.obj (.text)
                  000028ec    00000398     gui.obj (.text)
                  00002c84    00000328     lcd.obj (.text)
                  00002fac    000002b8     uart.obj (.text)
                  00003264    00000298     adc.obj (.text)
                  000034fc    00000270     rtsv7M4_T_le_v4SPD16_eabi.lib : _printfi.c.obj (.text:_pconv_a)
                  0000376c    00000270     ping.obj (.text)
                  000039dc    00000248     Timer.obj (.text)
                  00003c24    000001d0     rtsv7M4_T_le_v4SPD16_eabi.lib : _printfi.c.obj (.text:_pconv_g)
                  00003df4    000001b6                                   : fd_add_t2.asm.obj (.text)
                  00003faa    00000002                                   : div0.asm.obj (.text)
                  00003fac    0000013c                                   : _printfi.c.obj (.text:_pconv_e)
                  000040e8    00000136                                   : fd_div_t2.asm.obj (.text)
                  0000421e    00000002     --HOLE-- [fill = 0]
                  00004220    00000124                                   : _printfi.c.obj (.text:fcvt)
                  00004344    00000110                                   : s_scalbn.c.obj (.text:scalbn)
                  00004454    00000100                                   : memory.c.obj (.text:aligned_alloc)
                  00004554    000000fc                                   : fd_mul_t2.asm.obj (.text)
                  00004650    000000e4                                   : memory.c.obj (.text:free)
                  00004734    000000e4     main.obj (.text)
                  00004818    000000b1     rtsv7M4_T_le_v4SPD16_eabi.lib : _printfi.c.obj (.text:_ltostr)
                  000048c9    00000001     --HOLE-- [fill = 0]
                  000048ca    0000009c                                   : memcpy_t2.asm.obj (.text)
                  00004966    00000096                                   : ull_div_t2.asm.obj (.text)
                  000049fc    00000086                                   : fd_cmp_t2.asm.obj (.text:__aeabi_cdcmple)
                  00004a82    00000086                                   : fd_cmp_t2.asm.obj (.text:__aeabi_cdrcmple)
                  00004b08    00000080     button.obj (.text)
                  00004b88    0000007a     rtsv7M4_T_le_v4SPD16_eabi.lib : memset_t2.asm.obj (.text)
                  00004c02    00000002     --HOLE-- [fill = 0]
                  00004c04    00000070                                   : memory.c.obj (.text:split)
                  00004c74    0000006e                                   : _printfi.c.obj (.text:_mcpy)
                  00004ce2    0000006e                                   : fd_tos_t2.asm.obj (.text)
                  00004d50    00000068                                   : copy_decompress_lzss.c.obj (.text:decompress:lzss:__TI_decompress_lzss)
                  00004db8    00000068     scan.obj (.text)
                  00004e20    00000064     rtsv7M4_T_le_v4SPD16_eabi.lib : s_frexp.c.obj (.text:frexp)
                  00004e84    00000056                                   : _printfi.c.obj (.text:_pconv_f)
                  00004eda    00000054                                   : _ltoa.c.obj (.text:__TI_ltoa)
                  00004f2e    00000052                                   : _printfi.c.obj (.text:_ecpy)
                  00004f80    0000004c                                   : atoi.c.obj (.text:atoi)
                  00004fcc    00000048                                   : fd_toi_t2.asm.obj (.text)
                  00005014    00000044                                   : autoinit.c.obj (.text:__TI_auto_init_nobinit_nopinit:__TI_auto_init_nobinit_nopinit)
                  00005058    00000044                                   : fd_tou_t2.asm.obj (.text)
                  0000509c    00000040                                   : sprintf.c.obj (.text:sprintf)
                  000050dc    00000040                                   : vsnprintf.c.obj (.text:vsnprintf)
                  0000511c    0000003e                                   : _printfi.c.obj (.text:_fcpy)
                  0000515a    00000002     --HOLE-- [fill = 0]
                  0000515c    00000038                                   : memory.c.obj (.text:calloc)
                  00005194    00000038                                   : fs_tod_t2.asm.obj (.text)
                  000051cc    00000034     driverlib.lib : interrupt.obj (.text:IntRegister)
                  00005200    00000034     rtsv7M4_T_le_v4SPD16_eabi.lib : boot_cortex_m.c.obj (.text:_c_int00_noargs:_c_int00_noargs)
                  00005234    00000030                                   : vsnprintf.c.obj (.text:_outs)
                  00005264    0000002e                                   : i_tofd_t2.asm.obj (.text)
                  00005292    00000002     --HOLE-- [fill = 0]
                  00005294    00000028                                   : memory.c.obj (.text:free_list_insert)
                  000052bc    00000020                                   : u_tofd_t2.asm.obj (.text)
                  000052dc    0000001c                                   : copy_zero_init.c.obj (.text:decompress:ZI:__TI_zero_init_nomemset:__TI_zero_init_nomemset)
                  000052f8    0000001c                                   : memory.c.obj (.text:free_list_remove)
                  00005314    0000001c                                   : memccpy.c.obj (.text:memccpy)
                  00005330    0000001a                                   : s_copysign.c.obj (.text:copysign)
                  0000534a    00000018                                   : vsnprintf.c.obj (.text:_outc)
                  00005362    00000018                                   : sprintf.c.obj (.text:_outs)
                  0000537a    00000018     open_interface.obj (.text:oi_parseInt)
                  00005392    00000018     rtsv7M4_T_le_v4SPD16_eabi.lib : strcmp.c.obj (.text:strcmp)
                  000053aa    00000016                                   : strchr.c.obj (.text:strchr)
                  000053c0    00000014                                   : strcpy.c.obj (.text:strcpy)
                  000053d4    00000014                                   : strlen.c.obj (.text:strlen)
                  000053e8    00000012                                   : wcslen.c.obj (.text:wcslen)
                  000053fa    00000010     driverlib.lib : interrupt.obj (.text:IntMasterEnable)
                  0000540a    00000010     lcd.obj (.text:lcd_clear)
                  0000541a    0000000e     rtsv7M4_T_le_v4SPD16_eabi.lib : copy_decompress_none.c.obj (.text:decompress:none:__TI_decompress_none)
                  00005428    0000000c     driverlib.lib : cpu.obj (.text:CPUcpsie)
                  00005434    0000000c     tm4c123gh6pm_startup_ccs.obj (.text)
                  00005440    0000000a     rtsv7M4_T_le_v4SPD16_eabi.lib : sprintf.c.obj (.text:_outc)
                  0000544a    00000002     --HOLE-- [fill = 0]
                  0000544c    00000008                                   : errno.c.obj (.text:__aeabi_errno_addr)
                  00005454    00000008                                   : memory.c.obj (.text:malloc)
                  0000545c    00000004                                   : pre_init.c.obj (.text:_system_pre_init)
                  00005460    00000004                                   : exit.c.obj (.text:abort:abort)

.const     0    00005464    0000014c     
                  00005464    00000101     rtsv7M4_T_le_v4SPD16_eabi.lib : ctype.c.obj (.const:.string:_ctypes_)
                  00005565    00000003     --HOLE-- [fill = 0]
                  00005568    00000028     gui.obj (.const)
                  00005590    0000000f     open_interface.obj (.const:.string:$P$T0$3)
                  0000559f    00000001     --HOLE-- [fill = 0]
                  000055a0    00000008     scan.obj (.const)
                  000055a8    00000004     lcd.obj (.const:.string:lineAddress$1)
                  000055ac    00000004     lcd.obj (.const:.string:lineAddresses$2)

.cinit     0    000055b0    00000098     
                  000055b0    00000060     (.cinit..data.load) [load image, compression = lzss]
                  00005610    0000000c     (__TI_handler_table)
                  0000561c    00000004     --HOLE-- [fill = 0]
                  00005620    00000008     (.cinit..bss.load) [load image, compression = zero_init]
                  00005628    00000008     (.cinit..vtable.load) [load image, compression = zero_init]
                  00005630    00000018     (__TI_cinit_table)

.init_array 
*          0    00000000    00000000     UNINITIALIZED

.vtable    0    20000000    0000026c     UNINITIALIZED
                  20000000    0000026c     driverlib.lib : interrupt.obj (.vtable)

.stack     0    20000270    00001000     UNINITIALIZED
                  20000270    00000004     rtsv7M4_T_le_v4SPD16_eabi.lib : boot_cortex_m.c.obj (.stack)
                  20000274    00000ffc     --HOLE--

.sysmem    0    20001270    00001000     UNINITIALIZED
                  20001270    00000010     rtsv7M4_T_le_v4SPD16_eabi.lib : memory.c.obj (.sysmem)
                  20001280    00000ff0     --HOLE--

.bss       0    20002270    00000154     UNINITIALIZED
                  20002270    00000078     (.common:objects)
                  200022e8    00000064     (.common:message)
                  2000234c    00000054     lcd.obj (.bss:lastbuffer$3)
                  200023a0    00000018     open_interface.obj (.bss:firmware$2)
                  200023b8    00000004     (.common:_timeout_ticks)
                  200023bc    00000004     (.common:numObjects)
                  200023c0    00000004     (.common:time_diff)

.data      0    200023c8    000000a0     UNINITIALIZED
                  200023c8    00000028     objects.obj (.data:finished)
                  200023f0    00000020     open_interface.obj (.data)
                  20002410    00000018     ping.obj (.data)
                  20002428    00000014     uart.obj (.data)
                  2000243c    00000004     rtsv7M4_T_le_v4SPD16_eabi.lib : errno.c.obj (.data)
                  20002440    0000000c     objects.obj (.data)
                  2000244c    00000009     servo.obj (.data)
                  20002455    00000001     Timer.obj (.data)
                  20002456    00000001     button.obj (.data)
                  20002457    00000001     --HOLE--
                  20002458    00000008     rtsv7M4_T_le_v4SPD16_eabi.lib : _lock.c.obj (.data:$O1$$)
                  20002460    00000008                                   : memory.c.obj (.data:$O1$$)

__llvm_prf_cnts 
*          0    20000000    00000000     UNINITIALIZED

MODULE SUMMARY

       Module                         code    ro data   rw data
       ------                         ----    -------   -------
    .\
       open_interface.obj             3128    15        56     
       objects.obj                    1708    0         276    
       movement.obj                   1464    0         0      
       gui.obj                        920     40        0      
       servo.obj                      940     0         9      
       lcd.obj                        824     8         84     
       uart.obj                       696     0         20     
       adc.obj                        664     0         0      
       ping.obj                       624     0         28     
       tm4c123gh6pm_startup_ccs.obj   12      620       0      
       Timer.obj                      584     0         5      
       main.obj                       228     0         0      
       button.obj                     128     0         1      
       scan.obj                       104     8         0      
    +--+------------------------------+-------+---------+---------+
       Total:                         12024   691       479    
                                                               
    C:/ti/TivaWare_C_Series-2.2.0.295/driverlib/ccs/Debug/driverlib.lib
       interrupt.obj                  68      0         620    
       cpu.obj                        12      0         0      
    +--+------------------------------+-------+---------+---------+
       Total:                         80      0         620    
                                                               
    C:\ti\ccs1271\ccs\tools\compiler\ti-cgt-arm_20.2.7.LTS\lib\rtsv7M4_T_le_v4SPD16_eabi.lib
       _printfi.c.obj                 4851    0         0      
       memory.c.obj                   728     0         8      
       fd_add_t2.asm.obj              438     0         0      
       fd_div_t2.asm.obj              310     0         0      
       s_scalbn.c.obj                 272     0         0      
       fd_cmp_t2.asm.obj              268     0         0      
       ctype.c.obj                    0       257       0      
       fd_mul_t2.asm.obj              252     0         0      
       memcpy_t2.asm.obj              156     0         0      
       ull_div_t2.asm.obj             150     0         0      
       vsnprintf.c.obj                136     0         0      
       memset_t2.asm.obj              122     0         0      
       fd_tos_t2.asm.obj              110     0         0      
       copy_decompress_lzss.c.obj     104     0         0      
       s_frexp.c.obj                  100     0         0      
       sprintf.c.obj                  98      0         0      
       _ltoa.c.obj                    84      0         0      
       atoi.c.obj                     76      0         0      
       fd_toi_t2.asm.obj              72      0         0      
       autoinit.c.obj                 68      0         0      
       fd_tou_t2.asm.obj              68      0         0      
       fs_tod_t2.asm.obj              56      0         0      
       boot_cortex_m.c.obj            52      0         0      
       i_tofd_t2.asm.obj              46      0         0      
       u_tofd_t2.asm.obj              32      0         0      
       copy_zero_init.c.obj           28      0         0      
       memccpy.c.obj                  28      0         0      
       s_copysign.c.obj               26      0         0      
       strcmp.c.obj                   24      0         0      
       strchr.c.obj                   22      0         0      
       strcpy.c.obj                   20      0         0      
       strlen.c.obj                   20      0         0      
       wcslen.c.obj                   18      0         0      
       copy_decompress_none.c.obj     14      0         0      
       errno.c.obj                    8       0         4      
       _lock.c.obj                    2       0         8      
       exit.c.obj                     4       0         0      
       pre_init.c.obj                 4       0         0      
       div0.asm.obj                   2       0         0      
    +--+------------------------------+-------+---------+---------+
       Total:                         8869    257       20     
                                                               
       Heap:                          0       0         4096   
       Stack:                         0       0         4096   
       Linker Generated:              0       148       0      
    +--+------------------------------+-------+---------+---------+
       Grand Total:                   20973   1096      9311   


LINKER GENERATED COPY TABLES

__TI_cinit_table @ 00005630 records: 3, size/record: 8, table size: 24
	.data: load addr=000055b0, load size=00000060 bytes, run addr=200023c8, run size=000000a0 bytes, compression=lzss
	.bss: load addr=00005620, load size=00000008 bytes, run addr=20002270, run size=00000154 bytes, compression=zero_init
	.vtable: load addr=00005628, load size=00000008 bytes, run addr=20000000, run size=0000026c bytes, compression=zero_init


LINKER GENERATED HANDLER TABLE

__TI_handler_table @ 00005610 records: 3, size/record: 4, table size: 12
	index: 0, handler: __TI_zero_init
	index: 1, handler: __TI_decompress_lzss
	index: 2, handler: __TI_decompress_none


GLOBAL SYMBOLS: SORTED ALPHABETICALLY BY Name 

address   name                          
-------   ----                          
0000556c  ANGLE                         
00005578  BOUNDARY                      
00005570  BUMP                          
00005461  C$$EXIT                       
00005429  CPUcpsie                      
00005568  DISTANCE                      
0000557c  END                           
00005580  FAR_LEFT                      
0000558c  FAR_RIGHT                     
00000bc3  GPIOF_Handler                 
00005574  HOLE                          
000055a4  IR                            
000053fb  IntMasterEnable               
000051cd  IntRegister                   
00005584  LEFT                          
00005588  RIGHT                         
00005435  ResetISR                      
000055a0  SONAR                         
000038c5  TIMER3B_Handler               
000030df  UART1_Handler                 
20001270  __STACK_END                   
00001000  __STACK_SIZE                  
20000470  __STACK_TOP                   
00001000  __SYSMEM_SIZE                 
00005630  __TI_CINIT_Base               
00005648  __TI_CINIT_Limit              
00005610  __TI_Handler_Table_Base       
0000561c  __TI_Handler_Table_Limit      
00005015  __TI_auto_init_nobinit_nopinit
00004d51  __TI_decompress_lzss          
0000541b  __TI_decompress_none          
00004edb  __TI_ltoa                     
ffffffff  __TI_pprof_out_hndl           
00000e8d  __TI_printfi                  
ffffffff  __TI_prof_data_size           
ffffffff  __TI_prof_data_start          
00000000  __TI_static_base__            
000052dd  __TI_zero_init_nomemset       
000049fd  __aeabi_cdcmpeq               
000049fd  __aeabi_cdcmple               
00004a83  __aeabi_cdrcmple              
00004ce3  __aeabi_d2f                   
00004fcd  __aeabi_d2iz                  
00005059  __aeabi_d2uiz                 
00003dff  __aeabi_dadd                  
000040e9  __aeabi_ddiv                  
00004555  __aeabi_dmul                  
00003df5  __aeabi_dsub                  
0000544d  __aeabi_errno_addr            
00005195  __aeabi_f2d                   
00005265  __aeabi_i2d                   
00003fab  __aeabi_idiv0                 
00003fab  __aeabi_ldiv0                 
00004b89  __aeabi_memclr                
00004b89  __aeabi_memclr4               
00004b89  __aeabi_memclr8               
000048cb  __aeabi_memcpy                
000048cb  __aeabi_memcpy4               
000048cb  __aeabi_memcpy8               
00004b8b  __aeabi_memset                
00004b8b  __aeabi_memset4               
00004b8b  __aeabi_memset8               
000052bd  __aeabi_ui2d                  
00004967  __aeabi_uldivmod              
ffffffff  __binit__                     
ffffffff  __c_args__                    
UNDEFED   __mpu_init                    
20000270  __stack                       
20000000  __start___llvm_prf_cnts       
20000000  __stop___llvm_prf_cnts        
00005201  _c_int00_noargs               
00005464  _ctypes_                      
20002458  _lock                         
000018db  _nop                          
20002455  _running                      
20001270  _sys_memory                   
UNDEFED   _system_post_cinit            
0000545d  _system_pre_init              
200023b8  _timeout_ticks                
2000245c  _unlock                       
00005461  abort                         
00003333  adc_calibrate                 
00003265  adc_init                      
00003307  adc_read                      
00004455  aligned_alloc                 
00004f81  atoi                          
ffffffff  binit                         
0000244b  bump                          
00004b3d  button_getButton              
00004b09  button_init                   
20002454  calibrated                    
0000515d  calloc                        
000018dd  change_parameters             
20002428  command_byte                  
2000242e  command_byte_BACKWARD         
20002434  command_byte_CHANGE           
20002432  command_byte_ESCAPE           
2000242d  command_byte_FORWARD          
20002429  command_byte_GO               
20002431  command_byte_HALT             
2000242f  command_byte_LEFT             
2000242c  command_byte_MANUAL           
20002433  command_byte_PRINT            
2000242b  command_byte_QUIT             
20002430  command_byte_RIGHT            
2000242a  command_byte_STOP             
20002435  command_byte_THRESHOLD        
20002438  command_flag                  
00005331  copysign                      
00005331  copysignl                     
20002420  current_time                  
20002448  degree_increment              
00001ce9  detect_objects                
20002440  distance_threshold            
2000243c  errno                         
200023c8  finished                      
00004651  free                          
00004e21  frexp                         
00004e21  frexpl                        
20002414  g_end_time                    
20000000  g_pfnRAMVectors               
00000000  g_pfnVectors                  
20002410  g_start_time                  
20002418  g_state                       
0000097f  go_charge                     
000022fd  hazards                       
00002491  hole                          
2000241c  last_time                     
0000540b  lcd_clear                     
00002e59  lcd_gotoLine                  
00002cc1  lcd_init                      
00002ebf  lcd_printf                    
00002d81  lcd_putc                      
00002db9  lcd_puts                      
00002c85  lcd_reverseNibble             
00002dd7  lcd_sendCommand               
00002e15  lcd_sendNibble                
00002e81  lcd_setCursorPos              
00004345  ldexp                         
00004345  ldexpl                        
00004735  main                          
00005455  malloc                        
00004455  memalign                      
00005315  memccpy                       
000048cb  memcpy                        
00004b91  memset                        
200022e8  message                       
200023f0  motor_cal_factor_L            
200023f4  motor_cal_factor_R            
0000204d  move_backward                 
00001f89  move_forward                  
00002235  movement                      
200023bc  numObjects                    
20002270  objects                       
0000026d  oi_alloc                      
00000aa9  oi_checkFirmware              
000002c7  oi_close                      
00000279  oi_free                       
00000ded  oi_getMotorCalibrationLeft    
00000e01  oi_getMotorCalibrationRight   
000002b1  oi_init                       
00000289  oi_init_noupdate              
00000915  oi_loadSong                   
0000537b  oi_parseInt                   
0000032b  oi_parsePacket                
0000096b  oi_play_song                  
0000084b  oi_setLeds                    
00000db1  oi_setMotorCalibration        
0000088f  oi_setWheels                  
00000b51  oi_shutoff_init               
0000098d  oi_uartInit                   
00000a31  oi_uartReceive                
00000a77  oi_uartSendBuff               
00000a15  oi_uartSendChar               
00000a59  oi_uartSendStr                
000002d9  oi_update                     
20002426  overflow                      
0000391d  ping_getDistance              
0000376d  ping_init                     
00003831  ping_trigger                  
00001a6d  print_objects                 
00004345  scalbn                        
00004345  scalbnl                       
00004db9  scan                          
0000268d  servo_calibrate               
00002541  servo_init                    
000025f3  servo_move                    
0000509d  sprintf                       
000053ab  strchr                        
00005393  strcmp                        
000053c1  strcpy                        
000053d5  strlen                        
200023c0  time_diff                     
00003afb  timer_getMicros               
00003aa3  timer_getMillis               
000039dd  timer_init                    
00003a7f  timer_pause                   
00003a91  timer_resume                  
00003a55  timer_stop                    
00003b55  timer_waitMicros              
00003b87  timer_waitMillis              
2000244c  true_0                        
20002450  true_180                      
000021a1  turn_left                     
0000210f  turn_right                    
00002fad  uart_init                     
000030c1  uart_receive_nonblocking      
00003087  uart_sendChar                 
000028ed  uart_sendData                 
00002987  uart_sendHole                 
00002aa1  uart_sendObject               
000030a3  uart_sendStr                  
20002424  update_flag                   
000050dd  vsnprintf                     
000053e9  wcslen                        


GLOBAL SYMBOLS: SORTED BY Symbol Address 

address   name                          
-------   ----                          
00000000  __TI_static_base__            
00000000  g_pfnVectors                  
0000026d  oi_alloc                      
00000279  oi_free                       
00000289  oi_init_noupdate              
000002b1  oi_init                       
000002c7  oi_close                      
000002d9  oi_update                     
0000032b  oi_parsePacket                
0000084b  oi_setLeds                    
0000088f  oi_setWheels                  
00000915  oi_loadSong                   
0000096b  oi_play_song                  
0000097f  go_charge                     
0000098d  oi_uartInit                   
00000a15  oi_uartSendChar               
00000a31  oi_uartReceive                
00000a59  oi_uartSendStr                
00000a77  oi_uartSendBuff               
00000aa9  oi_checkFirmware              
00000b51  oi_shutoff_init               
00000bc3  GPIOF_Handler                 
00000db1  oi_setMotorCalibration        
00000ded  oi_getMotorCalibrationLeft    
00000e01  oi_getMotorCalibrationRight   
00000e8d  __TI_printfi                  
00001000  __STACK_SIZE                  
00001000  __SYSMEM_SIZE                 
000018db  _nop                          
000018dd  change_parameters             
00001a6d  print_objects                 
00001ce9  detect_objects                
00001f89  move_forward                  
0000204d  move_backward                 
0000210f  turn_right                    
000021a1  turn_left                     
00002235  movement                      
000022fd  hazards                       
0000244b  bump                          
00002491  hole                          
00002541  servo_init                    
000025f3  servo_move                    
0000268d  servo_calibrate               
000028ed  uart_sendData                 
00002987  uart_sendHole                 
00002aa1  uart_sendObject               
00002c85  lcd_reverseNibble             
00002cc1  lcd_init                      
00002d81  lcd_putc                      
00002db9  lcd_puts                      
00002dd7  lcd_sendCommand               
00002e15  lcd_sendNibble                
00002e59  lcd_gotoLine                  
00002e81  lcd_setCursorPos              
00002ebf  lcd_printf                    
00002fad  uart_init                     
00003087  uart_sendChar                 
000030a3  uart_sendStr                  
000030c1  uart_receive_nonblocking      
000030df  UART1_Handler                 
00003265  adc_init                      
00003307  adc_read                      
00003333  adc_calibrate                 
0000376d  ping_init                     
00003831  ping_trigger                  
000038c5  TIMER3B_Handler               
0000391d  ping_getDistance              
000039dd  timer_init                    
00003a55  timer_stop                    
00003a7f  timer_pause                   
00003a91  timer_resume                  
00003aa3  timer_getMillis               
00003afb  timer_getMicros               
00003b55  timer_waitMicros              
00003b87  timer_waitMillis              
00003df5  __aeabi_dsub                  
00003dff  __aeabi_dadd                  
00003fab  __aeabi_idiv0                 
00003fab  __aeabi_ldiv0                 
000040e9  __aeabi_ddiv                  
00004345  ldexp                         
00004345  ldexpl                        
00004345  scalbn                        
00004345  scalbnl                       
00004455  aligned_alloc                 
00004455  memalign                      
00004555  __aeabi_dmul                  
00004651  free                          
00004735  main                          
000048cb  __aeabi_memcpy                
000048cb  __aeabi_memcpy4               
000048cb  __aeabi_memcpy8               
000048cb  memcpy                        
00004967  __aeabi_uldivmod              
000049fd  __aeabi_cdcmpeq               
000049fd  __aeabi_cdcmple               
00004a83  __aeabi_cdrcmple              
00004b09  button_init                   
00004b3d  button_getButton              
00004b89  __aeabi_memclr                
00004b89  __aeabi_memclr4               
00004b89  __aeabi_memclr8               
00004b8b  __aeabi_memset                
00004b8b  __aeabi_memset4               
00004b8b  __aeabi_memset8               
00004b91  memset                        
00004ce3  __aeabi_d2f                   
00004d51  __TI_decompress_lzss          
00004db9  scan                          
00004e21  frexp                         
00004e21  frexpl                        
00004edb  __TI_ltoa                     
00004f81  atoi                          
00004fcd  __aeabi_d2iz                  
00005015  __TI_auto_init_nobinit_nopinit
00005059  __aeabi_d2uiz                 
0000509d  sprintf                       
000050dd  vsnprintf                     
0000515d  calloc                        
00005195  __aeabi_f2d                   
000051cd  IntRegister                   
00005201  _c_int00_noargs               
00005265  __aeabi_i2d                   
000052bd  __aeabi_ui2d                  
000052dd  __TI_zero_init_nomemset       
00005315  memccpy                       
00005331  copysign                      
00005331  copysignl                     
0000537b  oi_parseInt                   
00005393  strcmp                        
000053ab  strchr                        
000053c1  strcpy                        
000053d5  strlen                        
000053e9  wcslen                        
000053fb  IntMasterEnable               
0000540b  lcd_clear                     
0000541b  __TI_decompress_none          
00005429  CPUcpsie                      
00005435  ResetISR                      
0000544d  __aeabi_errno_addr            
00005455  malloc                        
0000545d  _system_pre_init              
00005461  C$$EXIT                       
00005461  abort                         
00005464  _ctypes_                      
00005568  DISTANCE                      
0000556c  ANGLE                         
00005570  BUMP                          
00005574  HOLE                          
00005578  BOUNDARY                      
0000557c  END                           
00005580  FAR_LEFT                      
00005584  LEFT                          
00005588  RIGHT                         
0000558c  FAR_RIGHT                     
000055a0  SONAR                         
000055a4  IR                            
00005610  __TI_Handler_Table_Base       
0000561c  __TI_Handler_Table_Limit      
00005630  __TI_CINIT_Base               
00005648  __TI_CINIT_Limit              
20000000  __start___llvm_prf_cnts       
20000000  __stop___llvm_prf_cnts        
20000000  g_pfnRAMVectors               
20000270  __stack                       
20000470  __STACK_TOP                   
20001270  __STACK_END                   
20001270  _sys_memory                   
20002270  objects                       
200022e8  message                       
200023b8  _timeout_ticks                
200023bc  numObjects                    
200023c0  time_diff                     
200023c8  finished                      
200023f0  motor_cal_factor_L            
200023f4  motor_cal_factor_R            
20002410  g_start_time                  
20002414  g_end_time                    
20002418  g_state                       
2000241c  last_time                     
20002420  current_time                  
20002424  update_flag                   
20002426  overflow                      
20002428  command_byte                  
20002429  command_byte_GO               
2000242a  command_byte_STOP             
2000242b  command_byte_QUIT             
2000242c  command_byte_MANUAL           
2000242d  command_byte_FORWARD          
2000242e  command_byte_BACKWARD         
2000242f  command_byte_LEFT             
20002430  command_byte_RIGHT            
20002431  command_byte_HALT             
20002432  command_byte_ESCAPE           
20002433  command_byte_PRINT            
20002434  command_byte_CHANGE           
20002435  command_byte_THRESHOLD        
20002438  command_flag                  
2000243c  errno                         
20002440  distance_threshold            
20002448  degree_increment              
2000244c  true_0                        
20002450  true_180                      
20002454  calibrated                    
20002455  _running                      
20002458  _lock                         
2000245c  _unlock                       
ffffffff  __TI_pprof_out_hndl           
ffffffff  __TI_prof_data_size           
ffffffff  __TI_prof_data_start          
ffffffff  __binit__                     
ffffffff  __c_args__                    
ffffffff  binit                         
UNDEFED   __mpu_init                    
UNDEFED   _system_post_cinit            

[215 symbols]
