<?xml version="1.0" encoding="ISO-8859-1" ?>
<link_info>
   <banner>TI ARM Linker PC v20.2.7.LTS</banner>
   <copyright>Copyright (c) 1996-2018 Texas Instruments Incorporated</copyright>
   <link_time>0x67ec3724</link_time>
   <link_errors>0x0</link_errors>
   <output_file>Lab 9.out</output_file>
   <entry_point>
      <name>_c_int00_noargs</name>
      <address>0x25a9</address>
   </entry_point>
   <input_file_list>
      <input_file id="fl-2">
         <path>.\</path>
         <kind>object</kind>
         <file>Timer.obj</file>
         <name>Timer.obj</name>
      </input_file>
      <input_file id="fl-3">
         <path>.\</path>
         <kind>object</kind>
         <file>lcd.obj</file>
         <name>lcd.obj</name>
      </input_file>
      <input_file id="fl-4">
         <path>.\</path>
         <kind>object</kind>
         <file>main.obj</file>
         <name>main.obj</name>
      </input_file>
      <input_file id="fl-5">
         <path>.\</path>
         <kind>object</kind>
         <file>ping.obj</file>
         <name>ping.obj</name>
      </input_file>
      <input_file id="fl-6">
         <path>.\</path>
         <kind>object</kind>
         <file>tm4c123gh6pm_startup_ccs.obj</file>
         <name>tm4c123gh6pm_startup_ccs.obj</name>
      </input_file>
      <input_file id="fl-b">
         <kind>object</kind>
         <file>&lt;internal&gt;</file>
         <name>&lt;internal&gt;</name>
      </input_file>
      <input_file id="fl-c1">
         <path>C:\ti\ccs1271\ccs\tools\compiler\ti-cgt-arm_20.2.7.LTS\lib\</path>
         <kind>archive</kind>
         <file>rtsv7M4_T_le_v4SPD16_eabi.lib</file>
         <name>vsnprintf.c.obj</name>
      </input_file>
      <input_file id="fl-c2">
         <path>C:\ti\ccs1271\ccs\tools\compiler\ti-cgt-arm_20.2.7.LTS\lib\</path>
         <kind>archive</kind>
         <file>rtsv7M4_T_le_v4SPD16_eabi.lib</file>
         <name>memcpy_t2.asm.obj</name>
      </input_file>
      <input_file id="fl-c3">
         <path>C:\ti\ccs1271\ccs\tools\compiler\ti-cgt-arm_20.2.7.LTS\lib\</path>
         <kind>archive</kind>
         <file>rtsv7M4_T_le_v4SPD16_eabi.lib</file>
         <name>copy_zero_init.c.obj</name>
      </input_file>
      <input_file id="fl-c4">
         <path>C:\ti\ccs1271\ccs\tools\compiler\ti-cgt-arm_20.2.7.LTS\lib\</path>
         <kind>archive</kind>
         <file>rtsv7M4_T_le_v4SPD16_eabi.lib</file>
         <name>copy_decompress_none.c.obj</name>
      </input_file>
      <input_file id="fl-c5">
         <path>C:\ti\ccs1271\ccs\tools\compiler\ti-cgt-arm_20.2.7.LTS\lib\</path>
         <kind>archive</kind>
         <file>rtsv7M4_T_le_v4SPD16_eabi.lib</file>
         <name>copy_decompress_lzss.c.obj</name>
      </input_file>
      <input_file id="fl-c6">
         <path>C:\ti\ccs1271\ccs\tools\compiler\ti-cgt-arm_20.2.7.LTS\lib\</path>
         <kind>archive</kind>
         <file>rtsv7M4_T_le_v4SPD16_eabi.lib</file>
         <name>strcmp.c.obj</name>
      </input_file>
      <input_file id="fl-c7">
         <path>C:\ti\ccs1271\ccs\tools\compiler\ti-cgt-arm_20.2.7.LTS\lib\</path>
         <kind>archive</kind>
         <file>rtsv7M4_T_le_v4SPD16_eabi.lib</file>
         <name>strcpy.c.obj</name>
      </input_file>
      <input_file id="fl-c8">
         <path>C:\ti\ccs1271\ccs\tools\compiler\ti-cgt-arm_20.2.7.LTS\lib\</path>
         <kind>archive</kind>
         <file>rtsv7M4_T_le_v4SPD16_eabi.lib</file>
         <name>boot_cortex_m.c.obj</name>
      </input_file>
      <input_file id="fl-c9">
         <path>C:\ti\ccs1271\ccs\tools\compiler\ti-cgt-arm_20.2.7.LTS\lib\</path>
         <kind>archive</kind>
         <file>rtsv7M4_T_le_v4SPD16_eabi.lib</file>
         <name>_printfi.c.obj</name>
      </input_file>
      <input_file id="fl-ca">
         <path>C:\ti\ccs1271\ccs\tools\compiler\ti-cgt-arm_20.2.7.LTS\lib\</path>
         <kind>archive</kind>
         <file>rtsv7M4_T_le_v4SPD16_eabi.lib</file>
         <name>fd_add_t2.asm.obj</name>
      </input_file>
      <input_file id="fl-cb">
         <path>C:\ti\ccs1271\ccs\tools\compiler\ti-cgt-arm_20.2.7.LTS\lib\</path>
         <kind>archive</kind>
         <file>rtsv7M4_T_le_v4SPD16_eabi.lib</file>
         <name>fd_cmp_t2.asm.obj</name>
      </input_file>
      <input_file id="fl-cc">
         <path>C:\ti\ccs1271\ccs\tools\compiler\ti-cgt-arm_20.2.7.LTS\lib\</path>
         <kind>archive</kind>
         <file>rtsv7M4_T_le_v4SPD16_eabi.lib</file>
         <name>fd_div_t2.asm.obj</name>
      </input_file>
      <input_file id="fl-cd">
         <path>C:\ti\ccs1271\ccs\tools\compiler\ti-cgt-arm_20.2.7.LTS\lib\</path>
         <kind>archive</kind>
         <file>rtsv7M4_T_le_v4SPD16_eabi.lib</file>
         <name>fd_mul_t2.asm.obj</name>
      </input_file>
      <input_file id="fl-ce">
         <path>C:\ti\ccs1271\ccs\tools\compiler\ti-cgt-arm_20.2.7.LTS\lib\</path>
         <kind>archive</kind>
         <file>rtsv7M4_T_le_v4SPD16_eabi.lib</file>
         <name>fd_toi_t2.asm.obj</name>
      </input_file>
      <input_file id="fl-cf">
         <path>C:\ti\ccs1271\ccs\tools\compiler\ti-cgt-arm_20.2.7.LTS\lib\</path>
         <kind>archive</kind>
         <file>rtsv7M4_T_le_v4SPD16_eabi.lib</file>
         <name>i_tofd_t2.asm.obj</name>
      </input_file>
      <input_file id="fl-d0">
         <path>C:\ti\ccs1271\ccs\tools\compiler\ti-cgt-arm_20.2.7.LTS\lib\</path>
         <kind>archive</kind>
         <file>rtsv7M4_T_le_v4SPD16_eabi.lib</file>
         <name>memset_t2.asm.obj</name>
      </input_file>
      <input_file id="fl-d1">
         <path>C:\ti\ccs1271\ccs\tools\compiler\ti-cgt-arm_20.2.7.LTS\lib\</path>
         <kind>archive</kind>
         <file>rtsv7M4_T_le_v4SPD16_eabi.lib</file>
         <name>ull_div_t2.asm.obj</name>
      </input_file>
      <input_file id="fl-d2">
         <path>C:\ti\ccs1271\ccs\tools\compiler\ti-cgt-arm_20.2.7.LTS\lib\</path>
         <kind>archive</kind>
         <file>rtsv7M4_T_le_v4SPD16_eabi.lib</file>
         <name>autoinit.c.obj</name>
      </input_file>
      <input_file id="fl-d3">
         <path>C:\ti\ccs1271\ccs\tools\compiler\ti-cgt-arm_20.2.7.LTS\lib\</path>
         <kind>archive</kind>
         <file>rtsv7M4_T_le_v4SPD16_eabi.lib</file>
         <name>pre_init.c.obj</name>
      </input_file>
      <input_file id="fl-d4">
         <path>C:\ti\ccs1271\ccs\tools\compiler\ti-cgt-arm_20.2.7.LTS\lib\</path>
         <kind>archive</kind>
         <file>rtsv7M4_T_le_v4SPD16_eabi.lib</file>
         <name>cpy_tbl.c.obj</name>
      </input_file>
      <input_file id="fl-d5">
         <path>C:\ti\ccs1271\ccs\tools\compiler\ti-cgt-arm_20.2.7.LTS\lib\</path>
         <kind>archive</kind>
         <file>rtsv7M4_T_le_v4SPD16_eabi.lib</file>
         <name>exit.c.obj</name>
      </input_file>
      <input_file id="fl-d6">
         <path>C:\ti\ccs1271\ccs\tools\compiler\ti-cgt-arm_20.2.7.LTS\lib\</path>
         <kind>archive</kind>
         <file>rtsv7M4_T_le_v4SPD16_eabi.lib</file>
         <name>_lock.c.obj</name>
      </input_file>
      <input_file id="fl-d7">
         <path>C:\ti\ccs1271\ccs\tools\compiler\ti-cgt-arm_20.2.7.LTS\lib\</path>
         <kind>archive</kind>
         <file>rtsv7M4_T_le_v4SPD16_eabi.lib</file>
         <name>_ltoa.c.obj</name>
      </input_file>
      <input_file id="fl-d8">
         <path>C:\ti\ccs1271\ccs\tools\compiler\ti-cgt-arm_20.2.7.LTS\lib\</path>
         <kind>archive</kind>
         <file>rtsv7M4_T_le_v4SPD16_eabi.lib</file>
         <name>args_main.c.obj</name>
      </input_file>
      <input_file id="fl-d9">
         <path>C:\ti\ccs1271\ccs\tools\compiler\ti-cgt-arm_20.2.7.LTS\lib\</path>
         <kind>archive</kind>
         <file>rtsv7M4_T_le_v4SPD16_eabi.lib</file>
         <name>atoi.c.obj</name>
      </input_file>
      <input_file id="fl-da">
         <path>C:\ti\ccs1271\ccs\tools\compiler\ti-cgt-arm_20.2.7.LTS\lib\</path>
         <kind>archive</kind>
         <file>rtsv7M4_T_le_v4SPD16_eabi.lib</file>
         <name>ctype.c.obj</name>
      </input_file>
      <input_file id="fl-db">
         <path>C:\ti\ccs1271\ccs\tools\compiler\ti-cgt-arm_20.2.7.LTS\lib\</path>
         <kind>archive</kind>
         <file>rtsv7M4_T_le_v4SPD16_eabi.lib</file>
         <name>memccpy.c.obj</name>
      </input_file>
      <input_file id="fl-dc">
         <path>C:\ti\ccs1271\ccs\tools\compiler\ti-cgt-arm_20.2.7.LTS\lib\</path>
         <kind>archive</kind>
         <file>rtsv7M4_T_le_v4SPD16_eabi.lib</file>
         <name>strchr.c.obj</name>
      </input_file>
      <input_file id="fl-dd">
         <path>C:\ti\ccs1271\ccs\tools\compiler\ti-cgt-arm_20.2.7.LTS\lib\</path>
         <kind>archive</kind>
         <file>rtsv7M4_T_le_v4SPD16_eabi.lib</file>
         <name>strlen.c.obj</name>
      </input_file>
      <input_file id="fl-de">
         <path>C:\ti\ccs1271\ccs\tools\compiler\ti-cgt-arm_20.2.7.LTS\lib\</path>
         <kind>archive</kind>
         <file>rtsv7M4_T_le_v4SPD16_eabi.lib</file>
         <name>errno.c.obj</name>
      </input_file>
      <input_file id="fl-df">
         <path>C:\ti\ccs1271\ccs\tools\compiler\ti-cgt-arm_20.2.7.LTS\lib\</path>
         <kind>archive</kind>
         <file>rtsv7M4_T_le_v4SPD16_eabi.lib</file>
         <name>wcslen.c.obj</name>
      </input_file>
      <input_file id="fl-e0">
         <path>C:\ti\ccs1271\ccs\tools\compiler\ti-cgt-arm_20.2.7.LTS\lib\</path>
         <kind>archive</kind>
         <file>rtsv7M4_T_le_v4SPD16_eabi.lib</file>
         <name>s_frexp.c.obj</name>
      </input_file>
      <input_file id="fl-e1">
         <path>C:\ti\ccs1271\ccs\tools\compiler\ti-cgt-arm_20.2.7.LTS\lib\</path>
         <kind>archive</kind>
         <file>rtsv7M4_T_le_v4SPD16_eabi.lib</file>
         <name>s_scalbn.c.obj</name>
      </input_file>
      <input_file id="fl-e2">
         <path>C:\ti\ccs1271\ccs\tools\compiler\ti-cgt-arm_20.2.7.LTS\lib\</path>
         <kind>archive</kind>
         <file>rtsv7M4_T_le_v4SPD16_eabi.lib</file>
         <name>div0.asm.obj</name>
      </input_file>
      <input_file id="fl-e3">
         <path>C:\ti\ccs1271\ccs\tools\compiler\ti-cgt-arm_20.2.7.LTS\lib\</path>
         <kind>archive</kind>
         <file>rtsv7M4_T_le_v4SPD16_eabi.lib</file>
         <name>s_copysign.c.obj</name>
      </input_file>
      <input_file id="fl-e4">
         <path>C:\ti\TivaWare_C_Series-2.2.0.295\driverlib\ccs\Debug\</path>
         <kind>archive</kind>
         <file>driverlib.lib</file>
         <name>interrupt.obj</name>
      </input_file>
      <input_file id="fl-e5">
         <path>C:\ti\TivaWare_C_Series-2.2.0.295\driverlib\ccs\Debug\</path>
         <kind>archive</kind>
         <file>driverlib.lib</file>
         <name>cpu.obj</name>
      </input_file>
   </input_file_list>
   <object_component_list>
      <object_component id="oc-12">
         <name>.intvecs</name>
         <load_address>0x0</load_address>
         <run_address>0x0</run_address>
         <size>0x26c</size>
         <input_file_ref idref="fl-6"/>
      </object_component>
      <object_component id="oc-180">
         <name>.text:__TI_printfi</name>
         <load_address>0x26c</load_address>
         <run_address>0x26c</run_address>
         <size>0xa4e</size>
         <input_file_ref idref="fl-c9"/>
      </object_component>
      <object_component id="oc-2d3">
         <name>.text</name>
         <load_address>0xcba</load_address>
         <run_address>0xcba</run_address>
         <size>0x2</size>
         <input_file_ref idref="fl-e2"/>
      </object_component>
      <object_component id="oc-ca">
         <name>.text</name>
         <load_address>0xcbc</load_address>
         <run_address>0xcbc</run_address>
         <size>0x328</size>
         <input_file_ref idref="fl-3"/>
      </object_component>
      <object_component id="oc-210">
         <name>.text:_pconv_a</name>
         <load_address>0xfe4</load_address>
         <run_address>0xfe4</run_address>
         <size>0x270</size>
         <input_file_ref idref="fl-c9"/>
      </object_component>
      <object_component id="oc-c4">
         <name>.text</name>
         <load_address>0x1254</load_address>
         <run_address>0x1254</run_address>
         <size>0x248</size>
         <input_file_ref idref="fl-2"/>
      </object_component>
      <object_component id="oc-1fe">
         <name>.text:_pconv_g</name>
         <load_address>0x149c</load_address>
         <run_address>0x149c</run_address>
         <size>0x1d0</size>
         <input_file_ref idref="fl-c9"/>
      </object_component>
      <object_component id="oc-27f">
         <name>.text</name>
         <load_address>0x166c</load_address>
         <run_address>0x166c</run_address>
         <size>0x1b6</size>
         <input_file_ref idref="fl-ca"/>
      </object_component>
      <object_component id="oc-20a">
         <name>.text:_pconv_e</name>
         <load_address>0x1824</load_address>
         <run_address>0x1824</run_address>
         <size>0x13c</size>
         <input_file_ref idref="fl-c9"/>
      </object_component>
      <object_component id="oc-265">
         <name>.text</name>
         <load_address>0x1960</load_address>
         <run_address>0x1960</run_address>
         <size>0x136</size>
         <input_file_ref idref="fl-cc"/>
      </object_component>
      <object_component id="oc-291">
         <name>.text:fcvt</name>
         <load_address>0x1a98</load_address>
         <run_address>0x1a98</run_address>
         <size>0x124</size>
         <input_file_ref idref="fl-c9"/>
      </object_component>
      <object_component id="oc-2a5">
         <name>.text:scalbn</name>
         <load_address>0x1bbc</load_address>
         <run_address>0x1bbc</run_address>
         <size>0x110</size>
         <input_file_ref idref="fl-e1"/>
      </object_component>
      <object_component id="oc-260">
         <name>.text</name>
         <load_address>0x1ccc</load_address>
         <run_address>0x1ccc</run_address>
         <size>0xfc</size>
         <input_file_ref idref="fl-cd"/>
      </object_component>
      <object_component id="oc-d0">
         <name>.text</name>
         <load_address>0x1dc8</load_address>
         <run_address>0x1dc8</run_address>
         <size>0xb4</size>
         <input_file_ref idref="fl-5"/>
      </object_component>
      <object_component id="oc-1f3">
         <name>.text:_ltostr</name>
         <load_address>0x1e7c</load_address>
         <run_address>0x1e7c</run_address>
         <size>0xb1</size>
         <input_file_ref idref="fl-c9"/>
      </object_component>
      <object_component id="oc-3b">
         <name>.text</name>
         <load_address>0x1f2e</load_address>
         <run_address>0x1f2e</run_address>
         <size>0x9c</size>
         <input_file_ref idref="fl-c2"/>
      </object_component>
      <object_component id="oc-259">
         <name>.text</name>
         <load_address>0x1fca</load_address>
         <run_address>0x1fca</run_address>
         <size>0x96</size>
         <input_file_ref idref="fl-d1"/>
      </object_component>
      <object_component id="oc-1f9">
         <name>.text:__aeabi_cdcmple</name>
         <load_address>0x2060</load_address>
         <run_address>0x2060</run_address>
         <size>0x86</size>
         <input_file_ref idref="fl-cb"/>
      </object_component>
      <object_component id="oc-26a">
         <name>.text:__aeabi_cdrcmple</name>
         <load_address>0x20e6</load_address>
         <run_address>0x20e6</run_address>
         <size>0x86</size>
         <input_file_ref idref="fl-cb"/>
      </object_component>
      <object_component id="oc-8f">
         <name>.text</name>
         <load_address>0x216c</load_address>
         <run_address>0x216c</run_address>
         <size>0x7a</size>
         <input_file_ref idref="fl-d0"/>
      </object_component>
      <object_component id="oc-28a">
         <name>.text:_mcpy</name>
         <load_address>0x21e6</load_address>
         <run_address>0x21e6</run_address>
         <size>0x6e</size>
         <input_file_ref idref="fl-c9"/>
      </object_component>
      <object_component id="oc-15">
         <name>.text:decompress:lzss:__TI_decompress_lzss</name>
         <load_address>0x2254</load_address>
         <run_address>0x2254</run_address>
         <size>0x68</size>
         <input_file_ref idref="fl-c5"/>
      </object_component>
      <object_component id="oc-29f">
         <name>.text:frexp</name>
         <load_address>0x22bc</load_address>
         <run_address>0x22bc</run_address>
         <size>0x64</size>
         <input_file_ref idref="fl-e0"/>
      </object_component>
      <object_component id="oc-204">
         <name>.text:_pconv_f</name>
         <load_address>0x2320</load_address>
         <run_address>0x2320</run_address>
         <size>0x56</size>
         <input_file_ref idref="fl-c9"/>
      </object_component>
      <object_component id="oc-274">
         <name>.text:__TI_ltoa</name>
         <load_address>0x2376</load_address>
         <run_address>0x2376</run_address>
         <size>0x54</size>
         <input_file_ref idref="fl-d7"/>
      </object_component>
      <object_component id="oc-284">
         <name>.text:_ecpy</name>
         <load_address>0x23ca</load_address>
         <run_address>0x23ca</run_address>
         <size>0x52</size>
         <input_file_ref idref="fl-c9"/>
      </object_component>
      <object_component id="oc-1ed">
         <name>.text:atoi</name>
         <load_address>0x241c</load_address>
         <run_address>0x241c</run_address>
         <size>0x4c</size>
         <input_file_ref idref="fl-d9"/>
      </object_component>
      <object_component id="oc-26f">
         <name>.text</name>
         <load_address>0x2468</load_address>
         <run_address>0x2468</run_address>
         <size>0x48</size>
         <input_file_ref idref="fl-ce"/>
      </object_component>
      <object_component id="oc-e3">
         <name>.text:__TI_auto_init_nobinit_nopinit:__TI_auto_init_nobinit_nopinit</name>
         <load_address>0x24b0</load_address>
         <run_address>0x24b0</run_address>
         <size>0x44</size>
         <input_file_ref idref="fl-d2"/>
      </object_component>
      <object_component id="oc-129">
         <name>.text:vsnprintf</name>
         <load_address>0x24f4</load_address>
         <run_address>0x24f4</run_address>
         <size>0x40</size>
         <input_file_ref idref="fl-c1"/>
      </object_component>
      <object_component id="oc-297">
         <name>.text:_fcpy</name>
         <load_address>0x2534</load_address>
         <run_address>0x2534</run_address>
         <size>0x3e</size>
         <input_file_ref idref="fl-c9"/>
      </object_component>
      <object_component id="oc-117">
         <name>.text:IntRegister</name>
         <load_address>0x2574</load_address>
         <run_address>0x2574</run_address>
         <size>0x34</size>
         <input_file_ref idref="fl-e4"/>
      </object_component>
      <object_component id="oc-59">
         <name>.text:_c_int00_noargs:_c_int00_noargs</name>
         <load_address>0x25a8</load_address>
         <run_address>0x25a8</run_address>
         <size>0x34</size>
         <input_file_ref idref="fl-c8"/>
      </object_component>
      <object_component id="oc-186">
         <name>.text:_outs</name>
         <load_address>0x25dc</load_address>
         <run_address>0x25dc</run_address>
         <size>0x30</size>
         <input_file_ref idref="fl-c1"/>
      </object_component>
      <object_component id="oc-27a">
         <name>.text</name>
         <load_address>0x260c</load_address>
         <run_address>0x260c</run_address>
         <size>0x2e</size>
         <input_file_ref idref="fl-cf"/>
      </object_component>
      <object_component id="oc-47">
         <name>.text:decompress:ZI:__TI_zero_init_nomemset:__TI_zero_init_nomemset</name>
         <load_address>0x263a</load_address>
         <run_address>0x263a</run_address>
         <size>0x1c</size>
         <input_file_ref idref="fl-c3"/>
      </object_component>
      <object_component id="oc-216">
         <name>.text:memccpy</name>
         <load_address>0x2656</load_address>
         <run_address>0x2656</run_address>
         <size>0x1c</size>
         <input_file_ref idref="fl-db"/>
      </object_component>
      <object_component id="oc-2ec">
         <name>.text:copysign</name>
         <load_address>0x2672</load_address>
         <run_address>0x2672</run_address>
         <size>0x1a</size>
         <input_file_ref idref="fl-e3"/>
      </object_component>
      <object_component id="oc-18c">
         <name>.text:_outc</name>
         <load_address>0x268c</load_address>
         <run_address>0x268c</run_address>
         <size>0x18</size>
         <input_file_ref idref="fl-c1"/>
      </object_component>
      <object_component id="oc-12f">
         <name>.text:strcmp</name>
         <load_address>0x26a4</load_address>
         <run_address>0x26a4</run_address>
         <size>0x18</size>
         <input_file_ref idref="fl-c6"/>
      </object_component>
      <object_component id="oc-2ab">
         <name>.text:strchr</name>
         <load_address>0x26bc</load_address>
         <run_address>0x26bc</run_address>
         <size>0x16</size>
         <input_file_ref idref="fl-dc"/>
      </object_component>
      <object_component id="oc-135">
         <name>.text:strcpy</name>
         <load_address>0x26d2</load_address>
         <run_address>0x26d2</run_address>
         <size>0x14</size>
         <input_file_ref idref="fl-c7"/>
      </object_component>
      <object_component id="oc-1e7">
         <name>.text:strlen</name>
         <load_address>0x26e6</load_address>
         <run_address>0x26e6</run_address>
         <size>0x14</size>
         <input_file_ref idref="fl-dd"/>
      </object_component>
      <object_component id="oc-21c">
         <name>.text:wcslen</name>
         <load_address>0x26fa</load_address>
         <run_address>0x26fa</run_address>
         <size>0x12</size>
         <input_file_ref idref="fl-df"/>
      </object_component>
      <object_component id="oc-145">
         <name>.text:IntMasterEnable</name>
         <load_address>0x270c</load_address>
         <run_address>0x270c</run_address>
         <size>0x10</size>
         <input_file_ref idref="fl-e4"/>
      </object_component>
      <object_component id="oc-122">
         <name>.text:lcd_clear</name>
         <load_address>0x271c</load_address>
         <run_address>0x271c</run_address>
         <size>0x10</size>
         <input_file_ref idref="fl-3"/>
      </object_component>
      <object_component id="oc-9b">
         <name>.text</name>
         <load_address>0x272c</load_address>
         <run_address>0x272c</run_address>
         <size>0x10</size>
         <input_file_ref idref="fl-4"/>
      </object_component>
      <object_component id="oc-1b">
         <name>.text:decompress:none:__TI_decompress_none</name>
         <load_address>0x273c</load_address>
         <run_address>0x273c</run_address>
         <size>0xe</size>
         <input_file_ref idref="fl-c4"/>
      </object_component>
      <object_component id="oc-1ae">
         <name>.text:CPUcpsie</name>
         <load_address>0x274a</load_address>
         <run_address>0x274a</run_address>
         <size>0xc</size>
         <input_file_ref idref="fl-e5"/>
      </object_component>
      <object_component id="oc-27">
         <name>.text</name>
         <load_address>0x2756</load_address>
         <run_address>0x2756</run_address>
         <size>0xc</size>
         <input_file_ref idref="fl-6"/>
      </object_component>
      <object_component id="oc-222">
         <name>.text:__aeabi_errno_addr</name>
         <load_address>0x2764</load_address>
         <run_address>0x2764</run_address>
         <size>0x8</size>
         <input_file_ref idref="fl-de"/>
      </object_component>
      <object_component id="oc-95">
         <name>.text:_system_pre_init</name>
         <load_address>0x276c</load_address>
         <run_address>0x276c</run_address>
         <size>0x4</size>
         <input_file_ref idref="fl-d3"/>
      </object_component>
      <object_component id="oc-d7">
         <name>.text:abort:abort</name>
         <load_address>0x2770</load_address>
         <run_address>0x2770</run_address>
         <size>0x4</size>
         <input_file_ref idref="fl-d5"/>
      </object_component>
      <object_component id="oc-254">
         <name>.const:.string:_ctypes_</name>
         <load_address>0x2774</load_address>
         <run_address>0x2774</run_address>
         <size>0x101</size>
         <input_file_ref idref="fl-da"/>
      </object_component>
      <object_component id="oc-13b">
         <name>.const:.string:lineAddress$1</name>
         <load_address>0x2875</load_address>
         <run_address>0x2875</run_address>
         <size>0x4</size>
         <input_file_ref idref="fl-3"/>
      </object_component>
      <object_component id="oc-13c">
         <name>.const:.string:lineAddresses$2</name>
         <load_address>0x2879</load_address>
         <run_address>0x2879</run_address>
         <size>0x4</size>
         <input_file_ref idref="fl-3"/>
      </object_component>
      <object_component id="oc-342">
         <name>__TI_handler_table</name>
         <load_address>0x2880</load_address>
         <run_address>0x2880</run_address>
         <size>0xc</size>
      </object_component>
      <object_component id="oc-346">
         <name>.cinit..bss.load</name>
         <load_address>0x2890</load_address>
         <run_address>0x2890</run_address>
         <size>0x8</size>
      </object_component>
      <object_component id="oc-344">
         <name>.cinit..vtable.load</name>
         <load_address>0x2898</load_address>
         <run_address>0x2898</run_address>
         <size>0x8</size>
      </object_component>
      <object_component id="oc-345">
         <name>.cinit..data.load</name>
         <load_address>0x28a0</load_address>
         <run_address>0x28a0</run_address>
         <size>0x7</size>
      </object_component>
      <object_component id="oc-343">
         <name>__TI_cinit_table</name>
         <load_address>0x28a8</load_address>
         <run_address>0x28a8</run_address>
         <size>0x18</size>
      </object_component>
      <object_component id="oc-174">
         <name>.vtable</name>
         <uninitialized>true</uninitialized>
         <run_address>0x20000000</run_address>
         <size>0x26c</size>
         <input_file_ref idref="fl-e4"/>
      </object_component>
      <object_component id="oc-11d">
         <name>.data</name>
         <load_address>0x200012d1</load_address>
         <run_address>0x200012d1</run_address>
         <size>0x1</size>
         <input_file_ref idref="fl-2"/>
      </object_component>
      <object_component id="oc-14b">
         <name>.data</name>
         <load_address>0x200012c8</load_address>
         <run_address>0x200012c8</run_address>
         <size>0x9</size>
         <input_file_ref idref="fl-5"/>
      </object_component>
      <object_component id="oc-2bb">
         <name>.data</name>
         <load_address>0x200012d4</load_address>
         <run_address>0x200012d4</run_address>
         <size>0x4</size>
         <input_file_ref idref="fl-de"/>
      </object_component>
      <object_component id="oc-13d">
         <name>.bss:lastbuffer$3</name>
         <uninitialized>true</uninitialized>
         <run_address>0x20001270</run_address>
         <size>0x54</size>
         <input_file_ref idref="fl-3"/>
      </object_component>
      <object_component id="oc-120">
         <name>.common:_timeout_ticks</name>
         <uninitialized>true</uninitialized>
         <run_address>0x200012c4</run_address>
         <size>0x4</size>
      </object_component>
      <object_component id="oc-24">
         <name>.stack</name>
         <uninitialized>true</uninitialized>
         <run_address>0x20000270</run_address>
         <size>0x4</size>
         <input_file_ref idref="fl-c8"/>
      </object_component>
      <object_component id="oc-348">
         <name>.stack</name>
         <uninitialized>true</uninitialized>
         <run_address>0x20000270</run_address>
         <size>0x0</size>
      </object_component>
      <object_component id="oc-b2">
         <name>.debug_info</name>
         <load_address>0x0</load_address>
         <run_address>0x0</run_address>
         <size>0x2a9</size>
         <input_file_ref idref="fl-2"/>
      </object_component>
      <object_component id="oc-11e">
         <name>.debug_info</name>
         <load_address>0x2a9</load_address>
         <run_address>0x2a9</run_address>
         <size>0xb7</size>
         <input_file_ref idref="fl-2"/>
      </object_component>
      <object_component id="oc-c6">
         <name>.debug_info</name>
         <load_address>0x360</load_address>
         <run_address>0x360</run_address>
         <size>0x4ff</size>
         <input_file_ref idref="fl-2"/>
      </object_component>
      <object_component id="oc-70">
         <name>.debug_info</name>
         <load_address>0x85f</load_address>
         <run_address>0x85f</run_address>
         <size>0x26b</size>
         <input_file_ref idref="fl-2"/>
      </object_component>
      <object_component id="oc-36">
         <name>.debug_info</name>
         <load_address>0xaca</load_address>
         <run_address>0xaca</run_address>
         <size>0x84</size>
         <input_file_ref idref="fl-2"/>
      </object_component>
      <object_component id="oc-ad">
         <name>.debug_info</name>
         <load_address>0xb4e</load_address>
         <run_address>0xb4e</run_address>
         <size>0x2a4</size>
         <input_file_ref idref="fl-2"/>
      </object_component>
      <object_component id="oc-75">
         <name>.debug_info</name>
         <load_address>0xdf2</load_address>
         <run_address>0xdf2</run_address>
         <size>0xbb</size>
         <input_file_ref idref="fl-2"/>
      </object_component>
      <object_component id="oc-13f">
         <name>.debug_info</name>
         <load_address>0xead</load_address>
         <run_address>0xead</run_address>
         <size>0x377</size>
         <input_file_ref idref="fl-3"/>
      </object_component>
      <object_component id="oc-124">
         <name>.debug_info</name>
         <load_address>0x1224</load_address>
         <run_address>0x1224</run_address>
         <size>0x10c</size>
         <input_file_ref idref="fl-3"/>
      </object_component>
      <object_component id="oc-cb">
         <name>.debug_info</name>
         <load_address>0x1330</load_address>
         <run_address>0x1330</run_address>
         <size>0x898</size>
         <input_file_ref idref="fl-3"/>
      </object_component>
      <object_component id="oc-1a9">
         <name>.debug_info</name>
         <load_address>0x1bc8</load_address>
         <run_address>0x1bc8</run_address>
         <size>0xcc</size>
         <input_file_ref idref="fl-3"/>
      </object_component>
      <object_component id="oc-140">
         <name>.debug_info</name>
         <load_address>0x1c94</load_address>
         <run_address>0x1c94</run_address>
         <size>0x2c</size>
         <input_file_ref idref="fl-3"/>
      </object_component>
      <object_component id="oc-1a4">
         <name>.debug_info</name>
         <load_address>0x1cc0</load_address>
         <run_address>0x1cc0</run_address>
         <size>0x35</size>
         <input_file_ref idref="fl-3"/>
      </object_component>
      <object_component id="oc-9c">
         <name>.debug_info</name>
         <load_address>0x1cf5</load_address>
         <run_address>0x1cf5</run_address>
         <size>0x106</size>
         <input_file_ref idref="fl-4"/>
      </object_component>
      <object_component id="oc-1b7">
         <name>.debug_info</name>
         <load_address>0x1dfb</load_address>
         <run_address>0x1dfb</run_address>
         <size>0x2aa</size>
         <input_file_ref idref="fl-5"/>
      </object_component>
      <object_component id="oc-14c">
         <name>.debug_info</name>
         <load_address>0x20a5</load_address>
         <run_address>0x20a5</run_address>
         <size>0x102</size>
         <input_file_ref idref="fl-5"/>
      </object_component>
      <object_component id="oc-d1">
         <name>.debug_info</name>
         <load_address>0x21a7</load_address>
         <run_address>0x21a7</run_address>
         <size>0x254</size>
         <input_file_ref idref="fl-5"/>
      </object_component>
      <object_component id="oc-23f">
         <name>.debug_info</name>
         <load_address>0x23fb</load_address>
         <run_address>0x23fb</run_address>
         <size>0x44</size>
         <input_file_ref idref="fl-5"/>
      </object_component>
      <object_component id="oc-14f">
         <name>.debug_info</name>
         <load_address>0x243f</load_address>
         <run_address>0x243f</run_address>
         <size>0x8b</size>
         <input_file_ref idref="fl-5"/>
      </object_component>
      <object_component id="oc-2f">
         <name>.debug_info</name>
         <load_address>0x24ca</load_address>
         <run_address>0x24ca</run_address>
         <size>0x293</size>
         <input_file_ref idref="fl-6"/>
      </object_component>
      <object_component id="oc-13">
         <name>.debug_info</name>
         <load_address>0x275d</load_address>
         <run_address>0x275d</run_address>
         <size>0xd2</size>
         <input_file_ref idref="fl-6"/>
      </object_component>
      <object_component id="oc-29">
         <name>.debug_info</name>
         <load_address>0x282f</load_address>
         <run_address>0x282f</run_address>
         <size>0x24e</size>
         <input_file_ref idref="fl-6"/>
      </object_component>
      <object_component id="oc-193">
         <name>.debug_info</name>
         <load_address>0x2a7d</load_address>
         <run_address>0x2a7d</run_address>
         <size>0x340</size>
         <input_file_ref idref="fl-c1"/>
      </object_component>
      <object_component id="oc-12a">
         <name>.debug_info</name>
         <load_address>0x2dbd</load_address>
         <run_address>0x2dbd</run_address>
         <size>0x208</size>
         <input_file_ref idref="fl-c1"/>
      </object_component>
      <object_component id="oc-189">
         <name>.debug_info</name>
         <load_address>0x2fc5</load_address>
         <run_address>0x2fc5</run_address>
         <size>0x1c6</size>
         <input_file_ref idref="fl-c1"/>
      </object_component>
      <object_component id="oc-18d">
         <name>.debug_info</name>
         <load_address>0x318b</load_address>
         <run_address>0x318b</run_address>
         <size>0x179</size>
         <input_file_ref idref="fl-c1"/>
      </object_component>
      <object_component id="oc-194">
         <name>.debug_info</name>
         <load_address>0x3304</load_address>
         <run_address>0x3304</run_address>
         <size>0x2c</size>
         <input_file_ref idref="fl-c1"/>
      </object_component>
      <object_component id="oc-199">
         <name>.debug_info</name>
         <load_address>0x3330</load_address>
         <run_address>0x3330</run_address>
         <size>0x69</size>
         <input_file_ref idref="fl-c1"/>
      </object_component>
      <object_component id="oc-3e">
         <name>.debug_info</name>
         <load_address>0x3399</load_address>
         <run_address>0x3399</run_address>
         <size>0x119</size>
         <input_file_ref idref="fl-c2"/>
      </object_component>
      <object_component id="oc-8e">
         <name>.debug_info</name>
         <load_address>0x34b2</load_address>
         <run_address>0x34b2</run_address>
         <size>0x2d4</size>
         <input_file_ref idref="fl-c3"/>
      </object_component>
      <object_component id="oc-4b">
         <name>.debug_info</name>
         <load_address>0x3786</load_address>
         <run_address>0x3786</run_address>
         <size>0x1d2</size>
         <input_file_ref idref="fl-c3"/>
      </object_component>
      <object_component id="oc-89">
         <name>.debug_info</name>
         <load_address>0x3958</load_address>
         <run_address>0x3958</run_address>
         <size>0x46</size>
         <input_file_ref idref="fl-c3"/>
      </object_component>
      <object_component id="oc-bb">
         <name>.debug_info</name>
         <load_address>0x399e</load_address>
         <run_address>0x399e</run_address>
         <size>0x2c</size>
         <input_file_ref idref="fl-c3"/>
      </object_component>
      <object_component id="oc-46">
         <name>.debug_info</name>
         <load_address>0x39ca</load_address>
         <run_address>0x39ca</run_address>
         <size>0x2a8</size>
         <input_file_ref idref="fl-c4"/>
      </object_component>
      <object_component id="oc-1f">
         <name>.debug_info</name>
         <load_address>0x3c72</load_address>
         <run_address>0x3c72</run_address>
         <size>0x1ea</size>
         <input_file_ref idref="fl-c4"/>
      </object_component>
      <object_component id="oc-41">
         <name>.debug_info</name>
         <load_address>0x3e5c</load_address>
         <run_address>0x3e5c</run_address>
         <size>0x46</size>
         <input_file_ref idref="fl-c4"/>
      </object_component>
      <object_component id="oc-81">
         <name>.debug_info</name>
         <load_address>0x3ea2</load_address>
         <run_address>0x3ea2</run_address>
         <size>0x2c</size>
         <input_file_ref idref="fl-c4"/>
      </object_component>
      <object_component id="oc-7f">
         <name>.debug_info</name>
         <load_address>0x3ece</load_address>
         <run_address>0x3ece</run_address>
         <size>0x29e</size>
         <input_file_ref idref="fl-c5"/>
      </object_component>
      <object_component id="oc-17">
         <name>.debug_info</name>
         <load_address>0x416c</load_address>
         <run_address>0x416c</run_address>
         <size>0x250</size>
         <input_file_ref idref="fl-c5"/>
      </object_component>
      <object_component id="oc-31">
         <name>.debug_info</name>
         <load_address>0x43bc</load_address>
         <run_address>0x43bc</run_address>
         <size>0x60</size>
         <input_file_ref idref="fl-c5"/>
      </object_component>
      <object_component id="oc-b4">
         <name>.debug_info</name>
         <load_address>0x441c</load_address>
         <run_address>0x441c</run_address>
         <size>0x46</size>
         <input_file_ref idref="fl-c5"/>
      </object_component>
      <object_component id="oc-7a">
         <name>.debug_info</name>
         <load_address>0x4462</load_address>
         <run_address>0x4462</run_address>
         <size>0x39</size>
         <input_file_ref idref="fl-c5"/>
      </object_component>
      <object_component id="oc-19f">
         <name>.debug_info</name>
         <load_address>0x449b</load_address>
         <run_address>0x449b</run_address>
         <size>0x28a</size>
         <input_file_ref idref="fl-c6"/>
      </object_component>
      <object_component id="oc-130">
         <name>.debug_info</name>
         <load_address>0x4725</load_address>
         <run_address>0x4725</run_address>
         <size>0x273</size>
         <input_file_ref idref="fl-c6"/>
      </object_component>
      <object_component id="oc-1a1">
         <name>.debug_info</name>
         <load_address>0x4998</load_address>
         <run_address>0x4998</run_address>
         <size>0x2a4</size>
         <input_file_ref idref="fl-c7"/>
      </object_component>
      <object_component id="oc-137">
         <name>.debug_info</name>
         <load_address>0x4c3c</load_address>
         <run_address>0x4c3c</run_address>
         <size>0x24d</size>
         <input_file_ref idref="fl-c7"/>
      </object_component>
      <object_component id="oc-25">
         <name>.debug_info</name>
         <load_address>0x4e89</load_address>
         <run_address>0x4e89</run_address>
         <size>0x10b</size>
         <input_file_ref idref="fl-c8"/>
      </object_component>
      <object_component id="oc-5c">
         <name>.debug_info</name>
         <load_address>0x4f94</load_address>
         <run_address>0x4f94</run_address>
         <size>0x1a9</size>
         <input_file_ref idref="fl-c8"/>
      </object_component>
      <object_component id="oc-229">
         <name>.debug_info</name>
         <load_address>0x513d</load_address>
         <run_address>0x513d</run_address>
         <size>0x590</size>
         <input_file_ref idref="fl-c9"/>
      </object_component>
      <object_component id="oc-1f4">
         <name>.debug_info</name>
         <load_address>0x56cd</load_address>
         <run_address>0x56cd</run_address>
         <size>0x21e</size>
         <input_file_ref idref="fl-c9"/>
      </object_component>
      <object_component id="oc-285">
         <name>.debug_info</name>
         <load_address>0x58eb</load_address>
         <run_address>0x58eb</run_address>
         <size>0x1b3</size>
         <input_file_ref idref="fl-c9"/>
      </object_component>
      <object_component id="oc-28b">
         <name>.debug_info</name>
         <load_address>0x5a9e</load_address>
         <run_address>0x5a9e</run_address>
         <size>0x21b</size>
         <input_file_ref idref="fl-c9"/>
      </object_component>
      <object_component id="oc-1ff">
         <name>.debug_info</name>
         <load_address>0x5cb9</load_address>
         <run_address>0x5cb9</run_address>
         <size>0x3c0</size>
         <input_file_ref idref="fl-c9"/>
      </object_component>
      <object_component id="oc-292">
         <name>.debug_info</name>
         <load_address>0x6079</load_address>
         <run_address>0x6079</run_address>
         <size>0x30a</size>
         <input_file_ref idref="fl-c9"/>
      </object_component>
      <object_component id="oc-298">
         <name>.debug_info</name>
         <load_address>0x6383</load_address>
         <run_address>0x6383</run_address>
         <size>0x215</size>
         <input_file_ref idref="fl-c9"/>
      </object_component>
      <object_component id="oc-205">
         <name>.debug_info</name>
         <load_address>0x6598</load_address>
         <run_address>0x6598</run_address>
         <size>0x215</size>
         <input_file_ref idref="fl-c9"/>
      </object_component>
      <object_component id="oc-20b">
         <name>.debug_info</name>
         <load_address>0x67ad</load_address>
         <run_address>0x67ad</run_address>
         <size>0x304</size>
         <input_file_ref idref="fl-c9"/>
      </object_component>
      <object_component id="oc-211">
         <name>.debug_info</name>
         <load_address>0x6ab1</load_address>
         <run_address>0x6ab1</run_address>
         <size>0x4b5</size>
         <input_file_ref idref="fl-c9"/>
      </object_component>
      <object_component id="oc-181">
         <name>.debug_info</name>
         <load_address>0x6f66</load_address>
         <run_address>0x6f66</run_address>
         <size>0x5f4</size>
         <input_file_ref idref="fl-c9"/>
      </object_component>
      <object_component id="oc-22a">
         <name>.debug_info</name>
         <load_address>0x755a</load_address>
         <run_address>0x755a</run_address>
         <size>0x86</size>
         <input_file_ref idref="fl-c9"/>
      </object_component>
      <object_component id="oc-2c2">
         <name>.debug_info</name>
         <load_address>0x75e0</load_address>
         <run_address>0x75e0</run_address>
         <size>0x39</size>
         <input_file_ref idref="fl-c9"/>
      </object_component>
      <object_component id="oc-303">
         <name>.debug_info</name>
         <load_address>0x7619</load_address>
         <run_address>0x7619</run_address>
         <size>0xb6</size>
         <input_file_ref idref="fl-c9"/>
      </object_component>
      <object_component id="oc-2c7">
         <name>.debug_info</name>
         <load_address>0x76cf</load_address>
         <run_address>0x76cf</run_address>
         <size>0x46</size>
         <input_file_ref idref="fl-c9"/>
      </object_component>
      <object_component id="oc-22f">
         <name>.debug_info</name>
         <load_address>0x7715</load_address>
         <run_address>0x7715</run_address>
         <size>0x46</size>
         <input_file_ref idref="fl-c9"/>
      </object_component>
      <object_component id="oc-282">
         <name>.debug_info</name>
         <load_address>0x775b</load_address>
         <run_address>0x775b</run_address>
         <size>0x14c</size>
         <input_file_ref idref="fl-ca"/>
      </object_component>
      <object_component id="oc-1fc">
         <name>.debug_info</name>
         <load_address>0x78a7</load_address>
         <run_address>0x78a7</run_address>
         <size>0x128</size>
         <input_file_ref idref="fl-cb"/>
      </object_component>
      <object_component id="oc-26b">
         <name>.debug_info</name>
         <load_address>0x79cf</load_address>
         <run_address>0x79cf</run_address>
         <size>0x12a</size>
         <input_file_ref idref="fl-cb"/>
      </object_component>
      <object_component id="oc-266">
         <name>.debug_info</name>
         <load_address>0x7af9</load_address>
         <run_address>0x7af9</run_address>
         <size>0x13a</size>
         <input_file_ref idref="fl-cc"/>
      </object_component>
      <object_component id="oc-263">
         <name>.debug_info</name>
         <load_address>0x7c33</load_address>
         <run_address>0x7c33</run_address>
         <size>0x13a</size>
         <input_file_ref idref="fl-cd"/>
      </object_component>
      <object_component id="oc-272">
         <name>.debug_info</name>
         <load_address>0x7d6d</load_address>
         <run_address>0x7d6d</run_address>
         <size>0x12e</size>
         <input_file_ref idref="fl-ce"/>
      </object_component>
      <object_component id="oc-27b">
         <name>.debug_info</name>
         <load_address>0x7e9b</load_address>
         <run_address>0x7e9b</run_address>
         <size>0x12c</size>
         <input_file_ref idref="fl-cf"/>
      </object_component>
      <object_component id="oc-92">
         <name>.debug_info</name>
         <load_address>0x7fc7</load_address>
         <run_address>0x7fc7</run_address>
         <size>0x147</size>
         <input_file_ref idref="fl-d0"/>
      </object_component>
      <object_component id="oc-25c">
         <name>.debug_info</name>
         <load_address>0x810e</load_address>
         <run_address>0x810e</run_address>
         <size>0x134</size>
         <input_file_ref idref="fl-d1"/>
      </object_component>
      <object_component id="oc-15f">
         <name>.debug_info</name>
         <load_address>0x8242</load_address>
         <run_address>0x8242</run_address>
         <size>0x4b3</size>
         <input_file_ref idref="fl-d2"/>
      </object_component>
      <object_component id="oc-e5">
         <name>.debug_info</name>
         <load_address>0x86f5</load_address>
         <run_address>0x86f5</run_address>
         <size>0x1a6</size>
         <input_file_ref idref="fl-d2"/>
      </object_component>
      <object_component id="oc-1c8">
         <name>.debug_info</name>
         <load_address>0x889b</load_address>
         <run_address>0x889b</run_address>
         <size>0x39</size>
         <input_file_ref idref="fl-d2"/>
      </object_component>
      <object_component id="oc-246">
         <name>.debug_info</name>
         <load_address>0x88d4</load_address>
         <run_address>0x88d4</run_address>
         <size>0x39</size>
         <input_file_ref idref="fl-d2"/>
      </object_component>
      <object_component id="oc-1cd">
         <name>.debug_info</name>
         <load_address>0x890d</load_address>
         <run_address>0x890d</run_address>
         <size>0x39</size>
         <input_file_ref idref="fl-d2"/>
      </object_component>
      <object_component id="oc-1d2">
         <name>.debug_info</name>
         <load_address>0x8946</load_address>
         <run_address>0x8946</run_address>
         <size>0xcd</size>
         <input_file_ref idref="fl-d2"/>
      </object_component>
      <object_component id="oc-99">
         <name>.debug_info</name>
         <load_address>0x8a13</load_address>
         <run_address>0x8a13</run_address>
         <size>0x153</size>
         <input_file_ref idref="fl-d3"/>
      </object_component>
      <object_component id="oc-d8">
         <name>.debug_info</name>
         <load_address>0x8b66</load_address>
         <run_address>0x8b66</run_address>
         <size>0x122</size>
         <input_file_ref idref="fl-d5"/>
      </object_component>
      <object_component id="oc-2de">
         <name>.debug_info</name>
         <load_address>0x8c88</load_address>
         <run_address>0x8c88</run_address>
         <size>0x29c</size>
         <input_file_ref idref="fl-d7"/>
      </object_component>
      <object_component id="oc-276">
         <name>.debug_info</name>
         <load_address>0x8f24</load_address>
         <run_address>0x8f24</run_address>
         <size>0x1da</size>
         <input_file_ref idref="fl-d7"/>
      </object_component>
      <object_component id="oc-258">
         <name>.debug_info</name>
         <load_address>0x90fe</load_address>
         <run_address>0x90fe</run_address>
         <size>0x2b9</size>
         <input_file_ref idref="fl-d9"/>
      </object_component>
      <object_component id="oc-1ef">
         <name>.debug_info</name>
         <load_address>0x93b7</load_address>
         <run_address>0x93b7</run_address>
         <size>0x17c</size>
         <input_file_ref idref="fl-d9"/>
      </object_component>
      <object_component id="oc-2d0">
         <name>.debug_info</name>
         <load_address>0x9533</load_address>
         <run_address>0x9533</run_address>
         <size>0xf9</size>
         <input_file_ref idref="fl-da"/>
      </object_component>
      <object_component id="oc-255">
         <name>.debug_info</name>
         <load_address>0x962c</load_address>
         <run_address>0x962c</run_address>
         <size>0x105</size>
         <input_file_ref idref="fl-da"/>
      </object_component>
      <object_component id="oc-2b3">
         <name>.debug_info</name>
         <load_address>0x9731</load_address>
         <run_address>0x9731</run_address>
         <size>0x2a7</size>
         <input_file_ref idref="fl-db"/>
      </object_component>
      <object_component id="oc-219">
         <name>.debug_info</name>
         <load_address>0x99d8</load_address>
         <run_address>0x99d8</run_address>
         <size>0x1b8</size>
         <input_file_ref idref="fl-db"/>
      </object_component>
      <object_component id="oc-2f5">
         <name>.debug_info</name>
         <load_address>0x9b90</load_address>
         <run_address>0x9b90</run_address>
         <size>0x29a</size>
         <input_file_ref idref="fl-dc"/>
      </object_component>
      <object_component id="oc-2ad">
         <name>.debug_info</name>
         <load_address>0x9e2a</load_address>
         <run_address>0x9e2a</run_address>
         <size>0x262</size>
         <input_file_ref idref="fl-dc"/>
      </object_component>
      <object_component id="oc-253">
         <name>.debug_info</name>
         <load_address>0xa08c</load_address>
         <run_address>0xa08c</run_address>
         <size>0x28f</size>
         <input_file_ref idref="fl-dd"/>
      </object_component>
      <object_component id="oc-1eb">
         <name>.debug_info</name>
         <load_address>0xa31b</load_address>
         <run_address>0xa31b</run_address>
         <size>0x245</size>
         <input_file_ref idref="fl-dd"/>
      </object_component>
      <object_component id="oc-2bf">
         <name>.debug_info</name>
         <load_address>0xa560</load_address>
         <run_address>0xa560</run_address>
         <size>0x289</size>
         <input_file_ref idref="fl-de"/>
      </object_component>
      <object_component id="oc-2bc">
         <name>.debug_info</name>
         <load_address>0xa7e9</load_address>
         <run_address>0xa7e9</run_address>
         <size>0x10e</size>
         <input_file_ref idref="fl-de"/>
      </object_component>
      <object_component id="oc-225">
         <name>.debug_info</name>
         <load_address>0xa8f7</load_address>
         <run_address>0xa8f7</run_address>
         <size>0x14e</size>
         <input_file_ref idref="fl-de"/>
      </object_component>
      <object_component id="oc-2ba">
         <name>.debug_info</name>
         <load_address>0xaa45</load_address>
         <run_address>0xaa45</run_address>
         <size>0x28f</size>
         <input_file_ref idref="fl-df"/>
      </object_component>
      <object_component id="oc-21f">
         <name>.debug_info</name>
         <load_address>0xacd4</load_address>
         <run_address>0xacd4</run_address>
         <size>0x15a</size>
         <input_file_ref idref="fl-df"/>
      </object_component>
      <object_component id="oc-2f8">
         <name>.debug_info</name>
         <load_address>0xae2e</load_address>
         <run_address>0xae2e</run_address>
         <size>0x46</size>
         <input_file_ref idref="fl-df"/>
      </object_component>
      <object_component id="oc-2b5">
         <name>.debug_info</name>
         <load_address>0xae74</load_address>
         <run_address>0xae74</run_address>
         <size>0x39</size>
         <input_file_ref idref="fl-df"/>
      </object_component>
      <object_component id="oc-2e6">
         <name>.debug_info</name>
         <load_address>0xaead</load_address>
         <run_address>0xaead</run_address>
         <size>0x295</size>
         <input_file_ref idref="fl-e0"/>
      </object_component>
      <object_component id="oc-2a2">
         <name>.debug_info</name>
         <load_address>0xb142</load_address>
         <run_address>0xb142</run_address>
         <size>0x195</size>
         <input_file_ref idref="fl-e0"/>
      </object_component>
      <object_component id="oc-30f">
         <name>.debug_info</name>
         <load_address>0xb2d7</load_address>
         <run_address>0xb2d7</run_address>
         <size>0x39</size>
         <input_file_ref idref="fl-e0"/>
      </object_component>
      <object_component id="oc-2e7">
         <name>.debug_info</name>
         <load_address>0xb310</load_address>
         <run_address>0xb310</run_address>
         <size>0x2c</size>
         <input_file_ref idref="fl-e0"/>
      </object_component>
      <object_component id="oc-2f3">
         <name>.debug_info</name>
         <load_address>0xb33c</load_address>
         <run_address>0xb33c</run_address>
         <size>0x2f8</size>
         <input_file_ref idref="fl-e1"/>
      </object_component>
      <object_component id="oc-2a7">
         <name>.debug_info</name>
         <load_address>0xb634</load_address>
         <run_address>0xb634</run_address>
         <size>0x225</size>
         <input_file_ref idref="fl-e1"/>
      </object_component>
      <object_component id="oc-2d5">
         <name>.debug_info</name>
         <load_address>0xb859</load_address>
         <run_address>0xb859</run_address>
         <size>0x115</size>
         <input_file_ref idref="fl-e2"/>
      </object_component>
      <object_component id="oc-2ed">
         <name>.debug_info</name>
         <load_address>0xb96e</load_address>
         <run_address>0xb96e</run_address>
         <size>0x161</size>
         <input_file_ref idref="fl-e3"/>
      </object_component>
      <object_component id="oc-17d">
         <name>.debug_info</name>
         <load_address>0xbacf</load_address>
         <run_address>0xbacf</run_address>
         <size>0x3b7</size>
         <input_file_ref idref="fl-e4"/>
      </object_component>
      <object_component id="oc-175">
         <name>.debug_info</name>
         <load_address>0xbe86</load_address>
         <run_address>0xbe86</run_address>
         <size>0x160</size>
         <input_file_ref idref="fl-e4"/>
      </object_component>
      <object_component id="oc-118">
         <name>.debug_info</name>
         <load_address>0xbfe6</load_address>
         <run_address>0xbfe6</run_address>
         <size>0x2ca</size>
         <input_file_ref idref="fl-e4"/>
      </object_component>
      <object_component id="oc-146">
         <name>.debug_info</name>
         <load_address>0xc2b0</load_address>
         <run_address>0xc2b0</run_address>
         <size>0x247</size>
         <input_file_ref idref="fl-e4"/>
      </object_component>
      <object_component id="oc-1e2">
         <name>.debug_info</name>
         <load_address>0xc4f7</load_address>
         <run_address>0xc4f7</run_address>
         <size>0x26b</size>
         <input_file_ref idref="fl-e4"/>
      </object_component>
      <object_component id="oc-1db">
         <name>.debug_info</name>
         <load_address>0xc762</load_address>
         <run_address>0xc762</run_address>
         <size>0x297</size>
         <input_file_ref idref="fl-e4"/>
      </object_component>
      <object_component id="oc-178">
         <name>.debug_info</name>
         <load_address>0xc9f9</load_address>
         <run_address>0xc9f9</run_address>
         <size>0xbb</size>
         <input_file_ref idref="fl-e4"/>
      </object_component>
      <object_component id="oc-1b0">
         <name>.debug_info</name>
         <load_address>0xcab4</load_address>
         <run_address>0xcab4</run_address>
         <size>0x21b</size>
         <input_file_ref idref="fl-e5"/>
      </object_component>
      <object_component id="oc-349">
         <name>.debug_info</name>
         <load_address>0xcccf</load_address>
         <run_address>0xcccf</run_address>
         <size>0x85</size>
      </object_component>
      <object_component id="oc-116">
         <name>.debug_line</name>
         <load_address>0x0</load_address>
         <run_address>0x0</run_address>
         <size>0x69</size>
         <input_file_ref idref="fl-2"/>
      </object_component>
      <object_component id="oc-17f">
         <name>.debug_line</name>
         <load_address>0x69</load_address>
         <run_address>0x69</run_address>
         <size>0x2e</size>
         <input_file_ref idref="fl-2"/>
      </object_component>
      <object_component id="oc-c9">
         <name>.debug_line</name>
         <load_address>0x97</load_address>
         <run_address>0x97</run_address>
         <size>0x179</size>
         <input_file_ref idref="fl-2"/>
      </object_component>
      <object_component id="oc-73">
         <name>.debug_line</name>
         <load_address>0x210</load_address>
         <run_address>0x210</run_address>
         <size>0x6f</size>
         <input_file_ref idref="fl-2"/>
      </object_component>
      <object_component id="oc-39">
         <name>.debug_line</name>
         <load_address>0x27f</load_address>
         <run_address>0x27f</run_address>
         <size>0x20</size>
         <input_file_ref idref="fl-2"/>
      </object_component>
      <object_component id="oc-b0">
         <name>.debug_line</name>
         <load_address>0x29f</load_address>
         <run_address>0x29f</run_address>
         <size>0x73</size>
         <input_file_ref idref="fl-2"/>
      </object_component>
      <object_component id="oc-78">
         <name>.debug_line</name>
         <load_address>0x312</load_address>
         <run_address>0x312</run_address>
         <size>0x70</size>
         <input_file_ref idref="fl-2"/>
      </object_component>
      <object_component id="oc-1a3">
         <name>.debug_line</name>
         <load_address>0x382</load_address>
         <run_address>0x382</run_address>
         <size>0xc3</size>
         <input_file_ref idref="fl-3"/>
      </object_component>
      <object_component id="oc-123">
         <name>.debug_line</name>
         <load_address>0x445</load_address>
         <run_address>0x445</run_address>
         <size>0x45</size>
         <input_file_ref idref="fl-3"/>
      </object_component>
      <object_component id="oc-cf">
         <name>.debug_line</name>
         <load_address>0x48a</load_address>
         <run_address>0x48a</run_address>
         <size>0x19b</size>
         <input_file_ref idref="fl-3"/>
      </object_component>
      <object_component id="oc-1ac">
         <name>.debug_line</name>
         <load_address>0x625</load_address>
         <run_address>0x625</run_address>
         <size>0x6a</size>
         <input_file_ref idref="fl-3"/>
      </object_component>
      <object_component id="oc-143">
         <name>.debug_line</name>
         <load_address>0x68f</load_address>
         <run_address>0x68f</run_address>
         <size>0x6b</size>
         <input_file_ref idref="fl-3"/>
      </object_component>
      <object_component id="oc-1a7">
         <name>.debug_line</name>
         <load_address>0x6fa</load_address>
         <run_address>0x6fa</run_address>
         <size>0x74</size>
         <input_file_ref idref="fl-3"/>
      </object_component>
      <object_component id="oc-9f">
         <name>.debug_line</name>
         <load_address>0x76e</load_address>
         <run_address>0x76e</run_address>
         <size>0x44</size>
         <input_file_ref idref="fl-4"/>
      </object_component>
      <object_component id="oc-23e">
         <name>.debug_line</name>
         <load_address>0x7b2</load_address>
         <run_address>0x7b2</run_address>
         <size>0x5b</size>
         <input_file_ref idref="fl-5"/>
      </object_component>
      <object_component id="oc-1b6">
         <name>.debug_line</name>
         <load_address>0x80d</load_address>
         <run_address>0x80d</run_address>
         <size>0x2d</size>
         <input_file_ref idref="fl-5"/>
      </object_component>
      <object_component id="oc-d4">
         <name>.debug_line</name>
         <load_address>0x83a</load_address>
         <run_address>0x83a</run_address>
         <size>0xb4</size>
         <input_file_ref idref="fl-5"/>
      </object_component>
      <object_component id="oc-241">
         <name>.debug_line</name>
         <load_address>0x8ee</load_address>
         <run_address>0x8ee</run_address>
         <size>0x2d</size>
         <input_file_ref idref="fl-5"/>
      </object_component>
      <object_component id="oc-152">
         <name>.debug_line</name>
         <load_address>0x91b</load_address>
         <run_address>0x91b</run_address>
         <size>0x20</size>
         <input_file_ref idref="fl-5"/>
      </object_component>
      <object_component id="oc-6f">
         <name>.debug_line</name>
         <load_address>0x93b</load_address>
         <run_address>0x93b</run_address>
         <size>0x41</size>
         <input_file_ref idref="fl-6"/>
      </object_component>
      <object_component id="oc-2e">
         <name>.debug_line</name>
         <load_address>0x97c</load_address>
         <run_address>0x97c</run_address>
         <size>0x41</size>
         <input_file_ref idref="fl-6"/>
      </object_component>
      <object_component id="oc-2b">
         <name>.debug_line</name>
         <load_address>0x9bd</load_address>
         <run_address>0x9bd</run_address>
         <size>0xa1</size>
         <input_file_ref idref="fl-6"/>
      </object_component>
      <object_component id="oc-237">
         <name>.debug_line</name>
         <load_address>0xa5e</load_address>
         <run_address>0xa5e</run_address>
         <size>0x2f</size>
         <input_file_ref idref="fl-c1"/>
      </object_component>
      <object_component id="oc-12d">
         <name>.debug_line</name>
         <load_address>0xa8d</load_address>
         <run_address>0xa8d</run_address>
         <size>0x55</size>
         <input_file_ref idref="fl-c1"/>
      </object_component>
      <object_component id="oc-187">
         <name>.debug_line</name>
         <load_address>0xae2</load_address>
         <run_address>0xae2</run_address>
         <size>0x59</size>
         <input_file_ref idref="fl-c1"/>
      </object_component>
      <object_component id="oc-191">
         <name>.debug_line</name>
         <load_address>0xb3b</load_address>
         <run_address>0xb3b</run_address>
         <size>0x47</size>
         <input_file_ref idref="fl-c1"/>
      </object_component>
      <object_component id="oc-197">
         <name>.debug_line</name>
         <load_address>0xb82</load_address>
         <run_address>0xb82</run_address>
         <size>0x91</size>
         <input_file_ref idref="fl-c1"/>
      </object_component>
      <object_component id="oc-19c">
         <name>.debug_line</name>
         <load_address>0xc13</load_address>
         <run_address>0xc13</run_address>
         <size>0x2f</size>
         <input_file_ref idref="fl-c1"/>
      </object_component>
      <object_component id="oc-3d">
         <name>.debug_line</name>
         <load_address>0xc42</load_address>
         <run_address>0xc42</run_address>
         <size>0x88</size>
         <input_file_ref idref="fl-c2"/>
      </object_component>
      <object_component id="oc-c1">
         <name>.debug_line</name>
         <load_address>0xcca</load_address>
         <run_address>0xcca</run_address>
         <size>0x92</size>
         <input_file_ref idref="fl-c3"/>
      </object_component>
      <object_component id="oc-4a">
         <name>.debug_line</name>
         <load_address>0xd5c</load_address>
         <run_address>0xd5c</run_address>
         <size>0x4c</size>
         <input_file_ref idref="fl-c3"/>
      </object_component>
      <object_component id="oc-8c">
         <name>.debug_line</name>
         <load_address>0xda8</load_address>
         <run_address>0xda8</run_address>
         <size>0x34</size>
         <input_file_ref idref="fl-c3"/>
      </object_component>
      <object_component id="oc-be">
         <name>.debug_line</name>
         <load_address>0xddc</load_address>
         <run_address>0xddc</run_address>
         <size>0x92</size>
         <input_file_ref idref="fl-c3"/>
      </object_component>
      <object_component id="oc-87">
         <name>.debug_line</name>
         <load_address>0xe6e</load_address>
         <run_address>0xe6e</run_address>
         <size>0x20</size>
         <input_file_ref idref="fl-c4"/>
      </object_component>
      <object_component id="oc-1d">
         <name>.debug_line</name>
         <load_address>0xe8e</load_address>
         <run_address>0xe8e</run_address>
         <size>0x55</size>
         <input_file_ref idref="fl-c4"/>
      </object_component>
      <object_component id="oc-44">
         <name>.debug_line</name>
         <load_address>0xee3</load_address>
         <run_address>0xee3</run_address>
         <size>0x3a</size>
         <input_file_ref idref="fl-c4"/>
      </object_component>
      <object_component id="oc-84">
         <name>.debug_line</name>
         <load_address>0xf1d</load_address>
         <run_address>0xf1d</run_address>
         <size>0x92</size>
         <input_file_ref idref="fl-c4"/>
      </object_component>
      <object_component id="oc-ba">
         <name>.debug_line</name>
         <load_address>0xfaf</load_address>
         <run_address>0xfaf</run_address>
         <size>0x20</size>
         <input_file_ref idref="fl-c5"/>
      </object_component>
      <object_component id="oc-16">
         <name>.debug_line</name>
         <load_address>0xfcf</load_address>
         <run_address>0xfcf</run_address>
         <size>0xa9</size>
         <input_file_ref idref="fl-c5"/>
      </object_component>
      <object_component id="oc-34">
         <name>.debug_line</name>
         <load_address>0x1078</load_address>
         <run_address>0x1078</run_address>
         <size>0x3a</size>
         <input_file_ref idref="fl-c5"/>
      </object_component>
      <object_component id="oc-b7">
         <name>.debug_line</name>
         <load_address>0x10b2</load_address>
         <run_address>0x10b2</run_address>
         <size>0x9a</size>
         <input_file_ref idref="fl-c5"/>
      </object_component>
      <object_component id="oc-7d">
         <name>.debug_line</name>
         <load_address>0x114c</load_address>
         <run_address>0x114c</run_address>
         <size>0x96</size>
         <input_file_ref idref="fl-c5"/>
      </object_component>
      <object_component id="oc-239">
         <name>.debug_line</name>
         <load_address>0x11e2</load_address>
         <run_address>0x11e2</run_address>
         <size>0x20</size>
         <input_file_ref idref="fl-c6"/>
      </object_component>
      <object_component id="oc-134">
         <name>.debug_line</name>
         <load_address>0x1202</load_address>
         <run_address>0x1202</run_address>
         <size>0xad</size>
         <input_file_ref idref="fl-c6"/>
      </object_component>
      <object_component id="oc-23b">
         <name>.debug_line</name>
         <load_address>0x12af</load_address>
         <run_address>0x12af</run_address>
         <size>0x20</size>
         <input_file_ref idref="fl-c7"/>
      </object_component>
      <object_component id="oc-136">
         <name>.debug_line</name>
         <load_address>0x12cf</load_address>
         <run_address>0x12cf</run_address>
         <size>0xa8</size>
         <input_file_ref idref="fl-c7"/>
      </object_component>
      <object_component id="oc-6c">
         <name>.debug_line</name>
         <load_address>0x1377</load_address>
         <run_address>0x1377</run_address>
         <size>0x33</size>
         <input_file_ref idref="fl-c8"/>
      </object_component>
      <object_component id="oc-5a">
         <name>.debug_line</name>
         <load_address>0x13aa</load_address>
         <run_address>0x13aa</run_address>
         <size>0x45</size>
         <input_file_ref idref="fl-c8"/>
      </object_component>
      <object_component id="oc-2c1">
         <name>.debug_line</name>
         <load_address>0x13ef</load_address>
         <run_address>0x13ef</run_address>
         <size>0x264</size>
         <input_file_ref idref="fl-c9"/>
      </object_component>
      <object_component id="oc-1f7">
         <name>.debug_line</name>
         <load_address>0x1653</load_address>
         <run_address>0x1653</run_address>
         <size>0x7a</size>
         <input_file_ref idref="fl-c9"/>
      </object_component>
      <object_component id="oc-288">
         <name>.debug_line</name>
         <load_address>0x16cd</load_address>
         <run_address>0x16cd</run_address>
         <size>0x51</size>
         <input_file_ref idref="fl-c9"/>
      </object_component>
      <object_component id="oc-28e">
         <name>.debug_line</name>
         <load_address>0x171e</load_address>
         <run_address>0x171e</run_address>
         <size>0x88</size>
         <input_file_ref idref="fl-c9"/>
      </object_component>
      <object_component id="oc-203">
         <name>.debug_line</name>
         <load_address>0x17a6</load_address>
         <run_address>0x17a6</run_address>
         <size>0x14b</size>
         <input_file_ref idref="fl-c9"/>
      </object_component>
      <object_component id="oc-295">
         <name>.debug_line</name>
         <load_address>0x18f1</load_address>
         <run_address>0x18f1</run_address>
         <size>0xec</size>
         <input_file_ref idref="fl-c9"/>
      </object_component>
      <object_component id="oc-29c">
         <name>.debug_line</name>
         <load_address>0x19dd</load_address>
         <run_address>0x19dd</run_address>
         <size>0x5d</size>
         <input_file_ref idref="fl-c9"/>
      </object_component>
      <object_component id="oc-209">
         <name>.debug_line</name>
         <load_address>0x1a3a</load_address>
         <run_address>0x1a3a</run_address>
         <size>0x5c</size>
         <input_file_ref idref="fl-c9"/>
      </object_component>
      <object_component id="oc-20e">
         <name>.debug_line</name>
         <load_address>0x1a96</load_address>
         <run_address>0x1a96</run_address>
         <size>0xae</size>
         <input_file_ref idref="fl-c9"/>
      </object_component>
      <object_component id="oc-214">
         <name>.debug_line</name>
         <load_address>0x1b44</load_address>
         <run_address>0x1b44</run_address>
         <size>0x1ac</size>
         <input_file_ref idref="fl-c9"/>
      </object_component>
      <object_component id="oc-184">
         <name>.debug_line</name>
         <load_address>0x1cf0</load_address>
         <run_address>0x1cf0</run_address>
         <size>0x76f</size>
         <input_file_ref idref="fl-c9"/>
      </object_component>
      <object_component id="oc-22d">
         <name>.debug_line</name>
         <load_address>0x245f</load_address>
         <run_address>0x245f</run_address>
         <size>0x92</size>
         <input_file_ref idref="fl-c9"/>
      </object_component>
      <object_component id="oc-2c5">
         <name>.debug_line</name>
         <load_address>0x24f1</load_address>
         <run_address>0x24f1</run_address>
         <size>0x92</size>
         <input_file_ref idref="fl-c9"/>
      </object_component>
      <object_component id="oc-306">
         <name>.debug_line</name>
         <load_address>0x2583</load_address>
         <run_address>0x2583</run_address>
         <size>0x9a</size>
         <input_file_ref idref="fl-c9"/>
      </object_component>
      <object_component id="oc-2ca">
         <name>.debug_line</name>
         <load_address>0x261d</load_address>
         <run_address>0x261d</run_address>
         <size>0x97</size>
         <input_file_ref idref="fl-c9"/>
      </object_component>
      <object_component id="oc-232">
         <name>.debug_line</name>
         <load_address>0x26b4</load_address>
         <run_address>0x26b4</run_address>
         <size>0x2e</size>
         <input_file_ref idref="fl-c9"/>
      </object_component>
      <object_component id="oc-281">
         <name>.debug_line</name>
         <load_address>0x26e2</load_address>
         <run_address>0x26e2</run_address>
         <size>0xd2</size>
         <input_file_ref idref="fl-ca"/>
      </object_component>
      <object_component id="oc-1fa">
         <name>.debug_line</name>
         <load_address>0x27b4</load_address>
         <run_address>0x27b4</run_address>
         <size>0x77</size>
         <input_file_ref idref="fl-cb"/>
      </object_component>
      <object_component id="oc-26e">
         <name>.debug_line</name>
         <load_address>0x282b</load_address>
         <run_address>0x282b</run_address>
         <size>0x77</size>
         <input_file_ref idref="fl-cb"/>
      </object_component>
      <object_component id="oc-269">
         <name>.debug_line</name>
         <load_address>0x28a2</load_address>
         <run_address>0x28a2</run_address>
         <size>0xa8</size>
         <input_file_ref idref="fl-cc"/>
      </object_component>
      <object_component id="oc-262">
         <name>.debug_line</name>
         <load_address>0x294a</load_address>
         <run_address>0x294a</run_address>
         <size>0x8e</size>
         <input_file_ref idref="fl-cd"/>
      </object_component>
      <object_component id="oc-270">
         <name>.debug_line</name>
         <load_address>0x29d8</load_address>
         <run_address>0x29d8</run_address>
         <size>0x5a</size>
         <input_file_ref idref="fl-ce"/>
      </object_component>
      <object_component id="oc-27e">
         <name>.debug_line</name>
         <load_address>0x2a32</load_address>
         <run_address>0x2a32</run_address>
         <size>0x50</size>
         <input_file_ref idref="fl-cf"/>
      </object_component>
      <object_component id="oc-91">
         <name>.debug_line</name>
         <load_address>0x2a82</load_address>
         <run_address>0x2a82</run_address>
         <size>0x79</size>
         <input_file_ref idref="fl-d0"/>
      </object_component>
      <object_component id="oc-25a">
         <name>.debug_line</name>
         <load_address>0x2afb</load_address>
         <run_address>0x2afb</run_address>
         <size>0x81</size>
         <input_file_ref idref="fl-d1"/>
      </object_component>
      <object_component id="oc-1c7">
         <name>.debug_line</name>
         <load_address>0x2b7c</load_address>
         <run_address>0x2b7c</run_address>
         <size>0xbf</size>
         <input_file_ref idref="fl-d2"/>
      </object_component>
      <object_component id="oc-e7">
         <name>.debug_line</name>
         <load_address>0x2c3b</load_address>
         <run_address>0x2c3b</run_address>
         <size>0x6f</size>
         <input_file_ref idref="fl-d2"/>
      </object_component>
      <object_component id="oc-1cb">
         <name>.debug_line</name>
         <load_address>0x2caa</load_address>
         <run_address>0x2caa</run_address>
         <size>0x2e</size>
         <input_file_ref idref="fl-d2"/>
      </object_component>
      <object_component id="oc-249">
         <name>.debug_line</name>
         <load_address>0x2cd8</load_address>
         <run_address>0x2cd8</run_address>
         <size>0x9a</size>
         <input_file_ref idref="fl-d2"/>
      </object_component>
      <object_component id="oc-1d0">
         <name>.debug_line</name>
         <load_address>0x2d72</load_address>
         <run_address>0x2d72</run_address>
         <size>0x97</size>
         <input_file_ref idref="fl-d2"/>
      </object_component>
      <object_component id="oc-1d5">
         <name>.debug_line</name>
         <load_address>0x2e09</load_address>
         <run_address>0x2e09</run_address>
         <size>0x93</size>
         <input_file_ref idref="fl-d2"/>
      </object_component>
      <object_component id="oc-96">
         <name>.debug_line</name>
         <load_address>0x2e9c</load_address>
         <run_address>0x2e9c</run_address>
         <size>0x40</size>
         <input_file_ref idref="fl-d3"/>
[...]
               <start_address>0x287d</start_address>
               <size>0x3</size>
            </available_space>
            <allocated_space>
               <start_address>0x2880</start_address>
               <size>0x40</size>
               <logical_group_ref idref="lg-6"/>
            </allocated_space>
            <available_space>
               <start_address>0x28c0</start_address>
               <size>0x3d740</size>
            </available_space>
         </usage_details>
      </memory_area>
      <memory_area display="yes" color="green">
         <name>SRAM</name>
         <page_id>0x0</page_id>
         <origin>0x20000000</origin>
         <length>0x8000</length>
         <used_space>0x12d4</used_space>
         <unused_space>0x6d2c</unused_space>
         <attributes>RWX</attributes>
         <usage_details>
            <allocated_space>
               <start_address>0x20000000</start_address>
               <size>0x0</size>
               <logical_group_ref idref="lg-31b"/>
            </allocated_space>
            <allocated_space>
               <start_address>0x20000000</start_address>
               <size>0x26c</size>
               <logical_group_ref idref="lg-9"/>
            </allocated_space>
            <available_space>
               <start_address>0x2000026c</start_address>
               <size>0x4</size>
            </available_space>
            <allocated_space>
               <start_address>0x20000270</start_address>
               <size>0x1000</size>
               <logical_group_ref idref="lg-d"/>
            </allocated_space>
            <allocated_space>
               <start_address>0x20001270</start_address>
               <size>0x58</size>
               <logical_group_ref idref="lg-b"/>
            </allocated_space>
            <allocated_space>
               <start_address>0x200012c8</start_address>
               <size>0x10</size>
               <logical_group_ref idref="lg-a"/>
            </allocated_space>
            <available_space>
               <start_address>0x200012d8</start_address>
               <size>0x6d28</size>
            </available_space>
         </usage_details>
      </memory_area>
   </placement_map>
   <cptbl_list>
      <cptbl>
         <name>__TI_cinit_table</name>
         <cprec>
            <name>.bss</name>
            <load_address>0x2890</load_address>
            <load_size>0x8</load_size>
            <run_address>0x20001270</run_address>
            <run_size>0x58</run_size>
            <compression>zero_init</compression>
         </cprec>
         <cprec>
            <name>.vtable</name>
            <load_address>0x2898</load_address>
            <load_size>0x8</load_size>
            <run_address>0x20000000</run_address>
            <run_size>0x26c</run_size>
            <compression>zero_init</compression>
         </cprec>
         <cprec>
            <name>.data</name>
            <load_address>0x28a0</load_address>
            <load_size>0x7</load_size>
            <run_address>0x200012c8</run_address>
            <run_size>0x10</run_size>
            <compression>lzss</compression>
         </cprec>
      </cptbl>
   </cptbl_list>
   <handler_table>
      <handler_table_name>__TI_handler_table</handler_table_name>
      <handler>
         <index>0x0</index>
         <name>__TI_zero_init</name>
      </handler>
      <handler>
         <index>0x1</index>
         <name>__TI_decompress_lzss</name>
      </handler>
      <handler>
         <index>0x2</index>
         <name>__TI_decompress_none</name>
      </handler>
   </handler_table>
   <symbol_table>
      <symbol id="sm-1">
         <name>__STACK_TOP</name>
         <value>0x20000470</value>
      </symbol>
      <symbol id="sm-2">
         <name>__start___llvm_prf_cnts</name>
         <value>0x20000000</value>
      </symbol>
      <symbol id="sm-3">
         <name>__stop___llvm_prf_cnts</name>
         <value>0x20000000</value>
      </symbol>
      <symbol id="sm-4">
         <name>__TI_CINIT_Base</name>
         <value>0x28a8</value>
      </symbol>
      <symbol id="sm-5">
         <name>__TI_CINIT_Limit</name>
         <value>0x28c0</value>
      </symbol>
      <symbol id="sm-6">
         <name>__TI_Handler_Table_Base</name>
         <value>0x2880</value>
      </symbol>
      <symbol id="sm-7">
         <name>__TI_Handler_Table_Limit</name>
         <value>0x288c</value>
      </symbol>
      <symbol id="sm-8">
         <name>binit</name>
         <value>0xffffffff</value>
      </symbol>
      <symbol id="sm-9">
         <name>__binit__</name>
         <value>0xffffffff</value>
      </symbol>
      <symbol id="sm-a">
         <name>__STACK_SIZE</name>
         <value>0x1000</value>
      </symbol>
      <symbol id="sm-b">
         <name>__STACK_END</name>
         <value>0x20001270</value>
      </symbol>
      <symbol id="sm-c">
         <name>__c_args__</name>
         <value>0xffffffff</value>
      </symbol>
      <symbol id="sm-d">
         <name>__TI_pprof_out_hndl</name>
         <value>0xffffffff</value>
      </symbol>
      <symbol id="sm-e">
         <name>__TI_prof_data_start</name>
         <value>0xffffffff</value>
      </symbol>
      <symbol id="sm-f">
         <name>__TI_prof_data_size</name>
         <value>0xffffffff</value>
      </symbol>
      <symbol id="sm-75">
         <name>_timeout_ticks</name>
         <value>0x200012c4</value>
      </symbol>
      <symbol id="sm-76">
         <name>timer_pause</name>
         <value>0x12f7</value>
         <object_component_ref idref="oc-c4"/>
      </symbol>
      <symbol id="sm-77">
         <name>timer_resume</name>
         <value>0x1309</value>
         <object_component_ref idref="oc-c4"/>
      </symbol>
      <symbol id="sm-78">
         <name>timer_getMillis</name>
         <value>0x131b</value>
         <object_component_ref idref="oc-c4"/>
      </symbol>
      <symbol id="sm-79">
         <name>_running</name>
         <value>0x200012d1</value>
         <object_component_ref idref="oc-11d"/>
      </symbol>
      <symbol id="sm-7a">
         <name>timer_init</name>
         <value>0x1255</value>
         <object_component_ref idref="oc-c4"/>
      </symbol>
      <symbol id="sm-7b">
         <name>timer_stop</name>
         <value>0x12cd</value>
         <object_component_ref idref="oc-c4"/>
      </symbol>
      <symbol id="sm-7c">
         <name>timer_getMicros</name>
         <value>0x1373</value>
         <object_component_ref idref="oc-c4"/>
      </symbol>
      <symbol id="sm-7d">
         <name>timer_waitMillis</name>
         <value>0x13ff</value>
         <object_component_ref idref="oc-c4"/>
      </symbol>
      <symbol id="sm-7e">
         <name>timer_waitMicros</name>
         <value>0x13cd</value>
         <object_component_ref idref="oc-c4"/>
      </symbol>
      <symbol id="sm-ca">
         <name>lcd_sendCommand</name>
         <value>0xe0f</value>
         <object_component_ref idref="oc-ca"/>
      </symbol>
      <symbol id="sm-cb">
         <name>lcd_sendNibble</name>
         <value>0xe4d</value>
         <object_component_ref idref="oc-ca"/>
      </symbol>
      <symbol id="sm-cc">
         <name>lcd_clear</name>
         <value>0x271d</value>
         <object_component_ref idref="oc-122"/>
      </symbol>
      <symbol id="sm-cd">
         <name>lcd_printf</name>
         <value>0xef7</value>
         <object_component_ref idref="oc-ca"/>
      </symbol>
      <symbol id="sm-ce">
         <name>lcd_setCursorPos</name>
         <value>0xeb9</value>
         <object_component_ref idref="oc-ca"/>
      </symbol>
      <symbol id="sm-cf">
         <name>lcd_init</name>
         <value>0xcf9</value>
         <object_component_ref idref="oc-ca"/>
      </symbol>
      <symbol id="sm-d0">
         <name>lcd_puts</name>
         <value>0xdf1</value>
         <object_component_ref idref="oc-ca"/>
      </symbol>
      <symbol id="sm-d1">
         <name>lcd_putc</name>
         <value>0xdb9</value>
         <object_component_ref idref="oc-ca"/>
      </symbol>
      <symbol id="sm-d2">
         <name>lcd_reverseNibble</name>
         <value>0xcbd</value>
         <object_component_ref idref="oc-ca"/>
      </symbol>
      <symbol id="sm-d3">
         <name>lcd_gotoLine</name>
         <value>0xe91</value>
         <object_component_ref idref="oc-ca"/>
      </symbol>
      <symbol id="sm-de">
         <name>main</name>
         <value>0x272d</value>
         <object_component_ref idref="oc-9b"/>
      </symbol>
      <symbol id="sm-109">
         <name>send_pulse</name>
         <value>0x1e5d</value>
         <object_component_ref idref="oc-d0"/>
      </symbol>
      <symbol id="sm-10a">
         <name>g_end_time</name>
         <value>0x200012cc</value>
         <object_component_ref idref="oc-14b"/>
      </symbol>
      <symbol id="sm-10b">
         <name>TIMER3B_Handler</name>
         <value>0x1e3f</value>
         <object_component_ref idref="oc-d0"/>
      </symbol>
      <symbol id="sm-10c">
         <name>ping_init</name>
         <value>0x1dc9</value>
         <object_component_ref idref="oc-d0"/>
      </symbol>
      <symbol id="sm-10d">
         <name>g_state</name>
         <value>0x200012d0</value>
         <object_component_ref idref="oc-14b"/>
      </symbol>
      <symbol id="sm-10e">
         <name>g_start_time</name>
         <value>0x200012c8</value>
         <object_component_ref idref="oc-14b"/>
      </symbol>
      <symbol id="sm-10f">
         <name>ping_getDistance</name>
         <value>0x1e5f</value>
         <object_component_ref idref="oc-d0"/>
      </symbol>
      <symbol id="sm-110">
         <name>ping_trigger</name>
         <value>0x1def</value>
         <object_component_ref idref="oc-d0"/>
      </symbol>
      <symbol id="sm-12c">
         <name>ResetISR</name>
         <value>0x2757</value>
         <object_component_ref idref="oc-27"/>
      </symbol>
      <symbol id="sm-12d">
         <name>g_pfnVectors</name>
         <value>0x0</value>
         <object_component_ref idref="oc-12"/>
      </symbol>
      <symbol id="sm-15c">
         <name>vsnprintf</name>
         <value>0x24f5</value>
         <object_component_ref idref="oc-129"/>
      </symbol>
      <symbol id="sm-177">
         <name>memcpy</name>
         <value>0x1f2f</value>
         <object_component_ref idref="oc-3b"/>
      </symbol>
      <symbol id="sm-178">
         <name>__aeabi_memcpy</name>
         <value>0x1f2f</value>
         <object_component_ref idref="oc-3b"/>
      </symbol>
      <symbol id="sm-179">
         <name>__aeabi_memcpy8</name>
         <value>0x1f2f</value>
         <object_component_ref idref="oc-3b"/>
      </symbol>
      <symbol id="sm-17a">
         <name>__aeabi_memcpy4</name>
         <value>0x1f2f</value>
         <object_component_ref idref="oc-3b"/>
      </symbol>
      <symbol id="sm-193">
         <name>__TI_zero_init_nomemset</name>
         <value>0x263b</value>
         <object_component_ref idref="oc-47"/>
      </symbol>
      <symbol id="sm-1aa">
         <name>__TI_decompress_none</name>
         <value>0x273d</value>
         <object_component_ref idref="oc-1b"/>
      </symbol>
      <symbol id="sm-1cd">
         <name>__TI_decompress_lzss</name>
         <value>0x2255</value>
         <object_component_ref idref="oc-15"/>
      </symbol>
      <symbol id="sm-1dc">
         <name>strcmp</name>
         <value>0x26a5</value>
         <object_component_ref idref="oc-12f"/>
      </symbol>
      <symbol id="sm-1ea">
         <name>strcpy</name>
         <value>0x26d3</value>
         <object_component_ref idref="oc-135"/>
      </symbol>
      <symbol id="sm-1fd">
         <name>__stack</name>
         <value>0x20000270</value>
         <object_component_ref idref="oc-24"/>
      </symbol>
      <symbol id="sm-1fe">
         <name>_c_int00_noargs</name>
         <value>0x25a9</value>
         <object_component_ref idref="oc-59"/>
      </symbol>
      <symbol id="sm-363">
         <name>__TI_printfi</name>
         <value>0x26d</value>
         <object_component_ref idref="oc-180"/>
      </symbol>
      <symbol id="sm-37a">
         <name>__aeabi_dsub</name>
         <value>0x166d</value>
         <object_component_ref idref="oc-27f"/>
      </symbol>
      <symbol id="sm-37b">
         <name>__aeabi_dadd</name>
         <value>0x1677</value>
         <object_component_ref idref="oc-27f"/>
      </symbol>
      <symbol id="sm-39d">
         <name>__aeabi_cdcmpeq</name>
         <value>0x2061</value>
         <object_component_ref idref="oc-1f9"/>
      </symbol>
      <symbol id="sm-39e">
         <name>__aeabi_cdcmple</name>
         <value>0x2061</value>
         <object_component_ref idref="oc-1f9"/>
      </symbol>
      <symbol id="sm-39f">
         <name>__aeabi_cdrcmple</name>
         <value>0x20e7</value>
         <object_component_ref idref="oc-26a"/>
      </symbol>
      <symbol id="sm-3b3">
         <name>__aeabi_ddiv</name>
         <value>0x1961</value>
         <object_component_ref idref="oc-265"/>
      </symbol>
      <symbol id="sm-3be">
         <name>__aeabi_dmul</name>
         <value>0x1ccd</value>
         <object_component_ref idref="oc-260"/>
      </symbol>
      <symbol id="sm-3c8">
         <name>__aeabi_d2iz</name>
         <value>0x2469</value>
         <object_component_ref idref="oc-26f"/>
      </symbol>
      <symbol id="sm-3d2">
         <name>__aeabi_i2d</name>
         <value>0x260d</value>
         <object_component_ref idref="oc-27a"/>
      </symbol>
      <symbol id="sm-3e1">
         <name>__aeabi_memset</name>
         <value>0x216f</value>
         <object_component_ref idref="oc-8f"/>
      </symbol>
      <symbol id="sm-3e2">
         <name>memset</name>
         <value>0x2175</value>
         <object_component_ref idref="oc-8f"/>
      </symbol>
      <symbol id="sm-3e3">
         <name>__aeabi_memset8</name>
         <value>0x216f</value>
         <object_component_ref idref="oc-8f"/>
      </symbol>
      <symbol id="sm-3e4">
         <name>__aeabi_memset4</name>
         <value>0x216f</value>
         <object_component_ref idref="oc-8f"/>
      </symbol>
      <symbol id="sm-3e5">
         <name>__aeabi_memclr8</name>
         <value>0x216d</value>
         <object_component_ref idref="oc-8f"/>
      </symbol>
      <symbol id="sm-3e6">
         <name>__aeabi_memclr4</name>
         <value>0x216d</value>
         <object_component_ref idref="oc-8f"/>
      </symbol>
      <symbol id="sm-3e7">
         <name>__aeabi_memclr</name>
         <value>0x216d</value>
         <object_component_ref idref="oc-8f"/>
      </symbol>
      <symbol id="sm-3f4">
         <name>__aeabi_uldivmod</name>
         <value>0x1fcb</value>
         <object_component_ref idref="oc-259"/>
      </symbol>
      <symbol id="sm-41c">
         <name>__TI_auto_init_nobinit_nopinit</name>
         <value>0x24b1</value>
         <object_component_ref idref="oc-e3"/>
      </symbol>
      <symbol id="sm-426">
         <name>_system_pre_init</name>
         <value>0x276d</value>
         <object_component_ref idref="oc-95"/>
      </symbol>
      <symbol id="sm-432">
         <name>C$$EXIT</name>
         <value>0x2771</value>
         <object_component_ref idref="oc-d7"/>
      </symbol>
      <symbol id="sm-433">
         <name>abort</name>
         <value>0x2771</value>
         <object_component_ref idref="oc-d7"/>
      </symbol>
      <symbol id="sm-443">
         <name>__TI_ltoa</name>
         <value>0x2377</value>
         <object_component_ref idref="oc-274"/>
      </symbol>
      <symbol id="sm-45a">
         <name>atoi</name>
         <value>0x241d</value>
         <object_component_ref idref="oc-1ed"/>
      </symbol>
      <symbol id="sm-465">
         <name>_ctypes_</name>
         <value>0x2774</value>
         <object_component_ref idref="oc-254"/>
      </symbol>
      <symbol id="sm-475">
         <name>memccpy</name>
         <value>0x2657</value>
         <object_component_ref idref="oc-216"/>
      </symbol>
      <symbol id="sm-485">
         <name>strchr</name>
         <value>0x26bd</value>
         <object_component_ref idref="oc-2ab"/>
      </symbol>
      <symbol id="sm-493">
         <name>strlen</name>
         <value>0x26e7</value>
         <object_component_ref idref="oc-1e7"/>
      </symbol>
      <symbol id="sm-4a9">
         <name>__aeabi_errno_addr</name>
         <value>0x2765</value>
         <object_component_ref idref="oc-222"/>
      </symbol>
      <symbol id="sm-4aa">
         <name>errno</name>
         <value>0x200012d4</value>
         <object_component_ref idref="oc-2bb"/>
      </symbol>
      <symbol id="sm-4c3">
         <name>wcslen</name>
         <value>0x26fb</value>
         <object_component_ref idref="oc-21c"/>
      </symbol>
      <symbol id="sm-4e3">
         <name>frexpl</name>
         <value>0x22bd</value>
         <object_component_ref idref="oc-29f"/>
      </symbol>
      <symbol id="sm-4e4">
         <name>frexp</name>
         <value>0x22bd</value>
         <object_component_ref idref="oc-29f"/>
      </symbol>
      <symbol id="sm-501">
         <name>scalbn</name>
         <value>0x1bbd</value>
         <object_component_ref idref="oc-2a5"/>
      </symbol>
      <symbol id="sm-502">
         <name>scalbnl</name>
         <value>0x1bbd</value>
         <object_component_ref idref="oc-2a5"/>
      </symbol>
      <symbol id="sm-503">
         <name>ldexpl</name>
         <value>0x1bbd</value>
         <object_component_ref idref="oc-2a5"/>
      </symbol>
      <symbol id="sm-504">
         <name>ldexp</name>
         <value>0x1bbd</value>
         <object_component_ref idref="oc-2a5"/>
      </symbol>
      <symbol id="sm-50e">
         <name>__aeabi_idiv0</name>
         <value>0xcbb</value>
         <object_component_ref idref="oc-2d3"/>
      </symbol>
      <symbol id="sm-50f">
         <name>__aeabi_ldiv0</name>
         <value>0xcbb</value>
         <object_component_ref idref="oc-2d3"/>
      </symbol>
      <symbol id="sm-519">
         <name>copysign</name>
         <value>0x2673</value>
         <object_component_ref idref="oc-2ec"/>
      </symbol>
      <symbol id="sm-51a">
         <name>copysignl</name>
         <value>0x2673</value>
         <object_component_ref idref="oc-2ec"/>
      </symbol>
      <symbol id="sm-549">
         <name>IntRegister</name>
         <value>0x2575</value>
         <object_component_ref idref="oc-117"/>
      </symbol>
      <symbol id="sm-54a">
         <name>g_pfnRAMVectors</name>
         <value>0x20000000</value>
         <object_component_ref idref="oc-174"/>
      </symbol>
      <symbol id="sm-54b">
         <name>IntMasterEnable</name>
         <value>0x270d</value>
         <object_component_ref idref="oc-145"/>
      </symbol>
      <symbol id="sm-555">
         <name>CPUcpsie</name>
         <value>0x274b</value>
         <object_component_ref idref="oc-1ae"/>
      </symbol>
      <symbol id="sm-556">
         <name>__TI_static_base__</name>
         <value>0x0</value>
      </symbol>
      <symbol id="sm-559">
         <name>__mpu_init</name>
         <value>0x0</value>
      </symbol>
      <symbol id="sm-55a">
         <name>_system_post_cinit</name>
         <value>0x0</value>
      </symbol>
   </symbol_table>
   <title>Link successful</title>
</link_info>
