<?xml version="1.0" encoding="ISO-8859-1" ?>
<link_info>
   <banner>TI ARM Linker PC v20.2.7.LTS</banner>
   <copyright>Copyright (c) 1996-2018 Texas Instruments Incorporated</copyright>
   <link_time>0x67f45548</link_time>
   <link_errors>0x0</link_errors>
   <output_file>Lab09.out</output_file>
   <entry_point>
      <name>_c_int00_noargs</name>
      <address>0x2729</address>
   </entry_point>
   <input_file_list>
      <input_file id="fl-2">
         <path>.\</path>
         <kind>object</kind>
         <file>Timer.obj</file>
         <name>Timer.obj</name>
      </input_file>
      <input_file id="fl-3">
         <path>.\</path>
         <kind>object</kind>
         <file>adc.obj</file>
         <name>adc.obj</name>
      </input_file>
      <input_file id="fl-4">
         <path>.\</path>
         <kind>object</kind>
         <file>lcd.obj</file>
         <name>lcd.obj</name>
      </input_file>
      <input_file id="fl-5">
         <path>.\</path>
         <kind>object</kind>
         <file>main.obj</file>
         <name>main.obj</name>
      </input_file>
      <input_file id="fl-6">
         <path>.\</path>
         <kind>object</kind>
         <file>ping.obj</file>
         <name>ping.obj</name>
      </input_file>
      <input_file id="fl-7">
         <path>.\</path>
         <kind>object</kind>
         <file>tm4c123gh6pm_startup_ccs.obj</file>
         <name>tm4c123gh6pm_startup_ccs.obj</name>
      </input_file>
      <input_file id="fl-d">
         <kind>object</kind>
         <file>&lt;internal&gt;</file>
         <name>&lt;internal&gt;</name>
      </input_file>
      <input_file id="fl-c3">
         <path>C:\ti\ccs1271\ccs\tools\compiler\ti-cgt-arm_20.2.7.LTS\lib\</path>
         <kind>archive</kind>
         <file>rtsv7M4_T_le_v4SPD16_eabi.lib</file>
         <name>vsnprintf.c.obj</name>
      </input_file>
      <input_file id="fl-c4">
         <path>C:\ti\ccs1271\ccs\tools\compiler\ti-cgt-arm_20.2.7.LTS\lib\</path>
         <kind>archive</kind>
         <file>rtsv7M4_T_le_v4SPD16_eabi.lib</file>
         <name>fd_add_t2.asm.obj</name>
      </input_file>
      <input_file id="fl-c5">
         <path>C:\ti\ccs1271\ccs\tools\compiler\ti-cgt-arm_20.2.7.LTS\lib\</path>
         <kind>archive</kind>
         <file>rtsv7M4_T_le_v4SPD16_eabi.lib</file>
         <name>memcpy_t2.asm.obj</name>
      </input_file>
      <input_file id="fl-c6">
         <path>C:\ti\ccs1271\ccs\tools\compiler\ti-cgt-arm_20.2.7.LTS\lib\</path>
         <kind>archive</kind>
         <file>rtsv7M4_T_le_v4SPD16_eabi.lib</file>
         <name>u_tofd_t2.asm.obj</name>
      </input_file>
      <input_file id="fl-c7">
         <path>C:\ti\ccs1271\ccs\tools\compiler\ti-cgt-arm_20.2.7.LTS\lib\</path>
         <kind>archive</kind>
         <file>rtsv7M4_T_le_v4SPD16_eabi.lib</file>
         <name>copy_zero_init.c.obj</name>
      </input_file>
      <input_file id="fl-c8">
         <path>C:\ti\ccs1271\ccs\tools\compiler\ti-cgt-arm_20.2.7.LTS\lib\</path>
         <kind>archive</kind>
         <file>rtsv7M4_T_le_v4SPD16_eabi.lib</file>
         <name>copy_decompress_none.c.obj</name>
      </input_file>
      <input_file id="fl-c9">
         <path>C:\ti\ccs1271\ccs\tools\compiler\ti-cgt-arm_20.2.7.LTS\lib\</path>
         <kind>archive</kind>
         <file>rtsv7M4_T_le_v4SPD16_eabi.lib</file>
         <name>copy_decompress_lzss.c.obj</name>
      </input_file>
      <input_file id="fl-ca">
         <path>C:\ti\ccs1271\ccs\tools\compiler\ti-cgt-arm_20.2.7.LTS\lib\</path>
         <kind>archive</kind>
         <file>rtsv7M4_T_le_v4SPD16_eabi.lib</file>
         <name>strcmp.c.obj</name>
      </input_file>
      <input_file id="fl-cb">
         <path>C:\ti\ccs1271\ccs\tools\compiler\ti-cgt-arm_20.2.7.LTS\lib\</path>
         <kind>archive</kind>
         <file>rtsv7M4_T_le_v4SPD16_eabi.lib</file>
         <name>strcpy.c.obj</name>
      </input_file>
      <input_file id="fl-cc">
         <path>C:\ti\ccs1271\ccs\tools\compiler\ti-cgt-arm_20.2.7.LTS\lib\</path>
         <kind>archive</kind>
         <file>rtsv7M4_T_le_v4SPD16_eabi.lib</file>
         <name>boot_cortex_m.c.obj</name>
      </input_file>
      <input_file id="fl-cd">
         <path>C:\ti\ccs1271\ccs\tools\compiler\ti-cgt-arm_20.2.7.LTS\lib\</path>
         <kind>archive</kind>
         <file>rtsv7M4_T_le_v4SPD16_eabi.lib</file>
         <name>_printfi.c.obj</name>
      </input_file>
      <input_file id="fl-ce">
         <path>C:\ti\ccs1271\ccs\tools\compiler\ti-cgt-arm_20.2.7.LTS\lib\</path>
         <kind>archive</kind>
         <file>rtsv7M4_T_le_v4SPD16_eabi.lib</file>
         <name>fd_cmp_t2.asm.obj</name>
      </input_file>
      <input_file id="fl-cf">
         <path>C:\ti\ccs1271\ccs\tools\compiler\ti-cgt-arm_20.2.7.LTS\lib\</path>
         <kind>archive</kind>
         <file>rtsv7M4_T_le_v4SPD16_eabi.lib</file>
         <name>fd_div_t2.asm.obj</name>
      </input_file>
      <input_file id="fl-d0">
         <path>C:\ti\ccs1271\ccs\tools\compiler\ti-cgt-arm_20.2.7.LTS\lib\</path>
         <kind>archive</kind>
         <file>rtsv7M4_T_le_v4SPD16_eabi.lib</file>
         <name>fd_mul_t2.asm.obj</name>
      </input_file>
      <input_file id="fl-d1">
         <path>C:\ti\ccs1271\ccs\tools\compiler\ti-cgt-arm_20.2.7.LTS\lib\</path>
         <kind>archive</kind>
         <file>rtsv7M4_T_le_v4SPD16_eabi.lib</file>
         <name>fd_toi_t2.asm.obj</name>
      </input_file>
      <input_file id="fl-d2">
         <path>C:\ti\ccs1271\ccs\tools\compiler\ti-cgt-arm_20.2.7.LTS\lib\</path>
         <kind>archive</kind>
         <file>rtsv7M4_T_le_v4SPD16_eabi.lib</file>
         <name>i_tofd_t2.asm.obj</name>
      </input_file>
      <input_file id="fl-d3">
         <path>C:\ti\ccs1271\ccs\tools\compiler\ti-cgt-arm_20.2.7.LTS\lib\</path>
         <kind>archive</kind>
         <file>rtsv7M4_T_le_v4SPD16_eabi.lib</file>
         <name>memset_t2.asm.obj</name>
      </input_file>
      <input_file id="fl-d4">
         <path>C:\ti\ccs1271\ccs\tools\compiler\ti-cgt-arm_20.2.7.LTS\lib\</path>
         <kind>archive</kind>
         <file>rtsv7M4_T_le_v4SPD16_eabi.lib</file>
         <name>ull_div_t2.asm.obj</name>
      </input_file>
      <input_file id="fl-d5">
         <path>C:\ti\ccs1271\ccs\tools\compiler\ti-cgt-arm_20.2.7.LTS\lib\</path>
         <kind>archive</kind>
         <file>rtsv7M4_T_le_v4SPD16_eabi.lib</file>
         <name>autoinit.c.obj</name>
      </input_file>
      <input_file id="fl-d6">
         <path>C:\ti\ccs1271\ccs\tools\compiler\ti-cgt-arm_20.2.7.LTS\lib\</path>
         <kind>archive</kind>
         <file>rtsv7M4_T_le_v4SPD16_eabi.lib</file>
         <name>pre_init.c.obj</name>
      </input_file>
      <input_file id="fl-d7">
         <path>C:\ti\ccs1271\ccs\tools\compiler\ti-cgt-arm_20.2.7.LTS\lib\</path>
         <kind>archive</kind>
         <file>rtsv7M4_T_le_v4SPD16_eabi.lib</file>
         <name>cpy_tbl.c.obj</name>
      </input_file>
      <input_file id="fl-d8">
         <path>C:\ti\ccs1271\ccs\tools\compiler\ti-cgt-arm_20.2.7.LTS\lib\</path>
         <kind>archive</kind>
         <file>rtsv7M4_T_le_v4SPD16_eabi.lib</file>
         <name>exit.c.obj</name>
      </input_file>
      <input_file id="fl-d9">
         <path>C:\ti\ccs1271\ccs\tools\compiler\ti-cgt-arm_20.2.7.LTS\lib\</path>
         <kind>archive</kind>
         <file>rtsv7M4_T_le_v4SPD16_eabi.lib</file>
         <name>_lock.c.obj</name>
      </input_file>
      <input_file id="fl-da">
         <path>C:\ti\ccs1271\ccs\tools\compiler\ti-cgt-arm_20.2.7.LTS\lib\</path>
         <kind>archive</kind>
         <file>rtsv7M4_T_le_v4SPD16_eabi.lib</file>
         <name>_ltoa.c.obj</name>
      </input_file>
      <input_file id="fl-db">
         <path>C:\ti\ccs1271\ccs\tools\compiler\ti-cgt-arm_20.2.7.LTS\lib\</path>
         <kind>archive</kind>
         <file>rtsv7M4_T_le_v4SPD16_eabi.lib</file>
         <name>args_main.c.obj</name>
      </input_file>
      <input_file id="fl-dc">
         <path>C:\ti\ccs1271\ccs\tools\compiler\ti-cgt-arm_20.2.7.LTS\lib\</path>
         <kind>archive</kind>
         <file>rtsv7M4_T_le_v4SPD16_eabi.lib</file>
         <name>atoi.c.obj</name>
      </input_file>
      <input_file id="fl-dd">
         <path>C:\ti\ccs1271\ccs\tools\compiler\ti-cgt-arm_20.2.7.LTS\lib\</path>
         <kind>archive</kind>
         <file>rtsv7M4_T_le_v4SPD16_eabi.lib</file>
         <name>ctype.c.obj</name>
      </input_file>
      <input_file id="fl-de">
         <path>C:\ti\ccs1271\ccs\tools\compiler\ti-cgt-arm_20.2.7.LTS\lib\</path>
         <kind>archive</kind>
         <file>rtsv7M4_T_le_v4SPD16_eabi.lib</file>
         <name>memccpy.c.obj</name>
      </input_file>
      <input_file id="fl-df">
         <path>C:\ti\ccs1271\ccs\tools\compiler\ti-cgt-arm_20.2.7.LTS\lib\</path>
         <kind>archive</kind>
         <file>rtsv7M4_T_le_v4SPD16_eabi.lib</file>
         <name>strchr.c.obj</name>
      </input_file>
      <input_file id="fl-e0">
         <path>C:\ti\ccs1271\ccs\tools\compiler\ti-cgt-arm_20.2.7.LTS\lib\</path>
         <kind>archive</kind>
         <file>rtsv7M4_T_le_v4SPD16_eabi.lib</file>
         <name>strlen.c.obj</name>
      </input_file>
      <input_file id="fl-e1">
         <path>C:\ti\ccs1271\ccs\tools\compiler\ti-cgt-arm_20.2.7.LTS\lib\</path>
         <kind>archive</kind>
         <file>rtsv7M4_T_le_v4SPD16_eabi.lib</file>
         <name>errno.c.obj</name>
      </input_file>
      <input_file id="fl-e2">
         <path>C:\ti\ccs1271\ccs\tools\compiler\ti-cgt-arm_20.2.7.LTS\lib\</path>
         <kind>archive</kind>
         <file>rtsv7M4_T_le_v4SPD16_eabi.lib</file>
         <name>wcslen.c.obj</name>
      </input_file>
      <input_file id="fl-e3">
         <path>C:\ti\ccs1271\ccs\tools\compiler\ti-cgt-arm_20.2.7.LTS\lib\</path>
         <kind>archive</kind>
         <file>rtsv7M4_T_le_v4SPD16_eabi.lib</file>
         <name>s_frexp.c.obj</name>
      </input_file>
      <input_file id="fl-e4">
         <path>C:\ti\ccs1271\ccs\tools\compiler\ti-cgt-arm_20.2.7.LTS\lib\</path>
         <kind>archive</kind>
         <file>rtsv7M4_T_le_v4SPD16_eabi.lib</file>
         <name>s_scalbn.c.obj</name>
      </input_file>
      <input_file id="fl-e5">
         <path>C:\ti\ccs1271\ccs\tools\compiler\ti-cgt-arm_20.2.7.LTS\lib\</path>
         <kind>archive</kind>
         <file>rtsv7M4_T_le_v4SPD16_eabi.lib</file>
         <name>div0.asm.obj</name>
      </input_file>
      <input_file id="fl-e6">
         <path>C:\ti\ccs1271\ccs\tools\compiler\ti-cgt-arm_20.2.7.LTS\lib\</path>
         <kind>archive</kind>
         <file>rtsv7M4_T_le_v4SPD16_eabi.lib</file>
         <name>s_copysign.c.obj</name>
      </input_file>
      <input_file id="fl-e7">
         <path>C:\ti\TivaWare_C_Series-2.2.0.295\driverlib\ccs\Debug\</path>
         <kind>archive</kind>
         <file>driverlib.lib</file>
         <name>interrupt.obj</name>
      </input_file>
      <input_file id="fl-e8">
         <path>C:\ti\TivaWare_C_Series-2.2.0.295\driverlib\ccs\Debug\</path>
         <kind>archive</kind>
         <file>driverlib.lib</file>
         <name>cpu.obj</name>
      </input_file>
   </input_file_list>
   <object_component_list>
      <object_component id="oc-12">
         <name>.intvecs</name>
         <load_address>0x0</load_address>
         <run_address>0x0</run_address>
         <size>0x26c</size>
         <input_file_ref idref="fl-7"/>
      </object_component>
      <object_component id="oc-18a">
         <name>.text:__TI_printfi</name>
         <load_address>0x26c</load_address>
         <run_address>0x26c</run_address>
         <size>0xa4e</size>
         <input_file_ref idref="fl-cd"/>
      </object_component>
      <object_component id="oc-2da">
         <name>.text</name>
         <load_address>0xcba</load_address>
         <run_address>0xcba</run_address>
         <size>0x2</size>
         <input_file_ref idref="fl-e5"/>
      </object_component>
      <object_component id="oc-ca">
         <name>.text</name>
         <load_address>0xcbc</load_address>
         <run_address>0xcbc</run_address>
         <size>0x328</size>
         <input_file_ref idref="fl-4"/>
      </object_component>
      <object_component id="oc-21c">
         <name>.text:_pconv_a</name>
         <load_address>0xfe4</load_address>
         <run_address>0xfe4</run_address>
         <size>0x270</size>
         <input_file_ref idref="fl-cd"/>
      </object_component>
      <object_component id="oc-c4">
         <name>.text</name>
         <load_address>0x1254</load_address>
         <run_address>0x1254</run_address>
         <size>0x248</size>
         <input_file_ref idref="fl-2"/>
      </object_component>
      <object_component id="oc-d0">
         <name>.text</name>
         <load_address>0x149c</load_address>
         <run_address>0x149c</run_address>
         <size>0x234</size>
         <input_file_ref idref="fl-6"/>
      </object_component>
      <object_component id="oc-20a">
         <name>.text:_pconv_g</name>
         <load_address>0x16d0</load_address>
         <run_address>0x16d0</run_address>
         <size>0x1d0</size>
         <input_file_ref idref="fl-cd"/>
      </object_component>
      <object_component id="oc-150">
         <name>.text</name>
         <load_address>0x18a0</load_address>
         <run_address>0x18a0</run_address>
         <size>0x1b6</size>
         <input_file_ref idref="fl-c4"/>
      </object_component>
      <object_component id="oc-216">
         <name>.text:_pconv_e</name>
         <load_address>0x1a58</load_address>
         <run_address>0x1a58</run_address>
         <size>0x13c</size>
         <input_file_ref idref="fl-cd"/>
      </object_component>
      <object_component id="oc-271">
         <name>.text</name>
         <load_address>0x1b94</load_address>
         <run_address>0x1b94</run_address>
         <size>0x136</size>
         <input_file_ref idref="fl-cf"/>
      </object_component>
      <object_component id="oc-298">
         <name>.text:fcvt</name>
         <load_address>0x1ccc</load_address>
         <run_address>0x1ccc</run_address>
         <size>0x124</size>
         <input_file_ref idref="fl-cd"/>
      </object_component>
      <object_component id="oc-2ac">
         <name>.text:scalbn</name>
         <load_address>0x1df0</load_address>
         <run_address>0x1df0</run_address>
         <size>0x110</size>
         <input_file_ref idref="fl-e4"/>
      </object_component>
      <object_component id="oc-26c">
         <name>.text</name>
         <load_address>0x1f00</load_address>
         <run_address>0x1f00</run_address>
         <size>0xfc</size>
         <input_file_ref idref="fl-d0"/>
      </object_component>
      <object_component id="oc-1ff">
         <name>.text:_ltostr</name>
         <load_address>0x1ffc</load_address>
         <run_address>0x1ffc</run_address>
         <size>0xb1</size>
         <input_file_ref idref="fl-cd"/>
      </object_component>
      <object_component id="oc-3b">
         <name>.text</name>
         <load_address>0x20ae</load_address>
         <run_address>0x20ae</run_address>
         <size>0x9c</size>
         <input_file_ref idref="fl-c5"/>
      </object_component>
      <object_component id="oc-265">
         <name>.text</name>
         <load_address>0x214a</load_address>
         <run_address>0x214a</run_address>
         <size>0x96</size>
         <input_file_ref idref="fl-d4"/>
      </object_component>
      <object_component id="oc-205">
         <name>.text:__aeabi_cdcmple</name>
         <load_address>0x21e0</load_address>
         <run_address>0x21e0</run_address>
         <size>0x86</size>
         <input_file_ref idref="fl-ce"/>
      </object_component>
      <object_component id="oc-276">
         <name>.text:__aeabi_cdrcmple</name>
         <load_address>0x2266</load_address>
         <run_address>0x2266</run_address>
         <size>0x86</size>
         <input_file_ref idref="fl-ce"/>
      </object_component>
      <object_component id="oc-8f">
         <name>.text</name>
         <load_address>0x22ec</load_address>
         <run_address>0x22ec</run_address>
         <size>0x7a</size>
         <input_file_ref idref="fl-d3"/>
      </object_component>
      <object_component id="oc-291">
         <name>.text:_mcpy</name>
         <load_address>0x2366</load_address>
         <run_address>0x2366</run_address>
         <size>0x6e</size>
         <input_file_ref idref="fl-cd"/>
      </object_component>
      <object_component id="oc-15">
         <name>.text:decompress:lzss:__TI_decompress_lzss</name>
         <load_address>0x23d4</load_address>
         <run_address>0x23d4</run_address>
         <size>0x68</size>
         <input_file_ref idref="fl-c9"/>
      </object_component>
      <object_component id="oc-2a6">
         <name>.text:frexp</name>
         <load_address>0x243c</load_address>
         <run_address>0x243c</run_address>
         <size>0x64</size>
         <input_file_ref idref="fl-e3"/>
      </object_component>
      <object_component id="oc-210">
         <name>.text:_pconv_f</name>
         <load_address>0x24a0</load_address>
         <run_address>0x24a0</run_address>
         <size>0x56</size>
         <input_file_ref idref="fl-cd"/>
      </object_component>
      <object_component id="oc-280">
         <name>.text:__TI_ltoa</name>
         <load_address>0x24f6</load_address>
         <run_address>0x24f6</run_address>
         <size>0x54</size>
         <input_file_ref idref="fl-da"/>
      </object_component>
      <object_component id="oc-28b">
         <name>.text:_ecpy</name>
         <load_address>0x254a</load_address>
         <run_address>0x254a</run_address>
         <size>0x52</size>
         <input_file_ref idref="fl-cd"/>
      </object_component>
      <object_component id="oc-1f9">
         <name>.text:atoi</name>
         <load_address>0x259c</load_address>
         <run_address>0x259c</run_address>
         <size>0x4c</size>
         <input_file_ref idref="fl-dc"/>
      </object_component>
      <object_component id="oc-27b">
         <name>.text</name>
         <load_address>0x25e8</load_address>
         <run_address>0x25e8</run_address>
         <size>0x48</size>
         <input_file_ref idref="fl-d1"/>
      </object_component>
      <object_component id="oc-e3">
         <name>.text:__TI_auto_init_nobinit_nopinit:__TI_auto_init_nobinit_nopinit</name>
         <load_address>0x2630</load_address>
         <run_address>0x2630</run_address>
         <size>0x44</size>
         <input_file_ref idref="fl-d5"/>
      </object_component>
      <object_component id="oc-129">
         <name>.text:vsnprintf</name>
         <load_address>0x2674</load_address>
         <run_address>0x2674</run_address>
         <size>0x40</size>
         <input_file_ref idref="fl-c3"/>
      </object_component>
      <object_component id="oc-29e">
         <name>.text:_fcpy</name>
         <load_address>0x26b4</load_address>
         <run_address>0x26b4</run_address>
         <size>0x3e</size>
         <input_file_ref idref="fl-cd"/>
      </object_component>
      <object_component id="oc-117">
         <name>.text:IntRegister</name>
         <load_address>0x26f4</load_address>
         <run_address>0x26f4</run_address>
         <size>0x34</size>
         <input_file_ref idref="fl-e7"/>
      </object_component>
      <object_component id="oc-59">
         <name>.text:_c_int00_noargs:_c_int00_noargs</name>
         <load_address>0x2728</load_address>
         <run_address>0x2728</run_address>
         <size>0x34</size>
         <input_file_ref idref="fl-cc"/>
      </object_component>
      <object_component id="oc-9b">
         <name>.text</name>
         <load_address>0x275c</load_address>
         <run_address>0x275c</run_address>
         <size>0x34</size>
         <input_file_ref idref="fl-5"/>
      </object_component>
      <object_component id="oc-190">
         <name>.text:_outs</name>
         <load_address>0x2790</load_address>
         <run_address>0x2790</run_address>
         <size>0x30</size>
         <input_file_ref idref="fl-c3"/>
      </object_component>
      <object_component id="oc-286">
         <name>.text</name>
         <load_address>0x27c0</load_address>
         <run_address>0x27c0</run_address>
         <size>0x2e</size>
         <input_file_ref idref="fl-d2"/>
      </object_component>
      <object_component id="oc-14b">
         <name>.text</name>
         <load_address>0x27ee</load_address>
         <run_address>0x27ee</run_address>
         <size>0x20</size>
         <input_file_ref idref="fl-c6"/>
      </object_component>
      <object_component id="oc-47">
         <name>.text:decompress:ZI:__TI_zero_init_nomemset:__TI_zero_init_nomemset</name>
         <load_address>0x280e</load_address>
         <run_address>0x280e</run_address>
         <size>0x1c</size>
         <input_file_ref idref="fl-c7"/>
      </object_component>
      <object_component id="oc-222">
         <name>.text:memccpy</name>
         <load_address>0x282a</load_address>
         <run_address>0x282a</run_address>
         <size>0x1c</size>
         <input_file_ref idref="fl-de"/>
      </object_component>
      <object_component id="oc-2f2">
         <name>.text:copysign</name>
         <load_address>0x2846</load_address>
         <run_address>0x2846</run_address>
         <size>0x1a</size>
         <input_file_ref idref="fl-e6"/>
      </object_component>
      <object_component id="oc-196">
         <name>.text:_outc</name>
         <load_address>0x2860</load_address>
         <run_address>0x2860</run_address>
         <size>0x18</size>
         <input_file_ref idref="fl-c3"/>
      </object_component>
      <object_component id="oc-12f">
         <name>.text:strcmp</name>
         <load_address>0x2878</load_address>
         <run_address>0x2878</run_address>
         <size>0x18</size>
         <input_file_ref idref="fl-ca"/>
      </object_component>
      <object_component id="oc-2b2">
         <name>.text:strchr</name>
         <load_address>0x2890</load_address>
         <run_address>0x2890</run_address>
         <size>0x16</size>
         <input_file_ref idref="fl-df"/>
      </object_component>
      <object_component id="oc-135">
         <name>.text:strcpy</name>
         <load_address>0x28a6</load_address>
         <run_address>0x28a6</run_address>
         <size>0x14</size>
         <input_file_ref idref="fl-cb"/>
      </object_component>
      <object_component id="oc-1f3">
         <name>.text:strlen</name>
         <load_address>0x28ba</load_address>
         <run_address>0x28ba</run_address>
         <size>0x14</size>
         <input_file_ref idref="fl-e0"/>
      </object_component>
      <object_component id="oc-228">
         <name>.text:wcslen</name>
         <load_address>0x28ce</load_address>
         <run_address>0x28ce</run_address>
         <size>0x12</size>
         <input_file_ref idref="fl-e2"/>
      </object_component>
      <object_component id="oc-145">
         <name>.text:IntMasterEnable</name>
         <load_address>0x28e0</load_address>
         <run_address>0x28e0</run_address>
         <size>0x10</size>
         <input_file_ref idref="fl-e7"/>
      </object_component>
      <object_component id="oc-122">
         <name>.text:lcd_clear</name>
         <load_address>0x28f0</load_address>
         <run_address>0x28f0</run_address>
         <size>0x10</size>
         <input_file_ref idref="fl-4"/>
      </object_component>
      <object_component id="oc-1b">
         <name>.text:decompress:none:__TI_decompress_none</name>
         <load_address>0x2900</load_address>
         <run_address>0x2900</run_address>
         <size>0xe</size>
         <input_file_ref idref="fl-c8"/>
      </object_component>
      <object_component id="oc-1b8">
         <name>.text:CPUcpsie</name>
         <load_address>0x290e</load_address>
         <run_address>0x290e</run_address>
         <size>0xc</size>
         <input_file_ref idref="fl-e8"/>
      </object_component>
      <object_component id="oc-27">
         <name>.text</name>
         <load_address>0x291a</load_address>
         <run_address>0x291a</run_address>
         <size>0xc</size>
         <input_file_ref idref="fl-7"/>
      </object_component>
      <object_component id="oc-22e">
         <name>.text:__aeabi_errno_addr</name>
         <load_address>0x2928</load_address>
         <run_address>0x2928</run_address>
         <size>0x8</size>
         <input_file_ref idref="fl-e1"/>
      </object_component>
      <object_component id="oc-95">
         <name>.text:_system_pre_init</name>
         <load_address>0x2930</load_address>
         <run_address>0x2930</run_address>
         <size>0x4</size>
         <input_file_ref idref="fl-d6"/>
      </object_component>
      <object_component id="oc-d7">
         <name>.text:abort:abort</name>
         <load_address>0x2934</load_address>
         <run_address>0x2934</run_address>
         <size>0x4</size>
         <input_file_ref idref="fl-d8"/>
      </object_component>
      <object_component id="oc-260">
         <name>.const:.string:_ctypes_</name>
         <load_address>0x2938</load_address>
         <run_address>0x2938</run_address>
         <size>0x101</size>
         <input_file_ref idref="fl-dd"/>
      </object_component>
      <object_component id="oc-13b">
         <name>.const:.string:lineAddress$1</name>
         <load_address>0x2a39</load_address>
         <run_address>0x2a39</run_address>
         <size>0x4</size>
         <input_file_ref idref="fl-4"/>
      </object_component>
      <object_component id="oc-13c">
         <name>.const:.string:lineAddresses$2</name>
         <load_address>0x2a3d</load_address>
         <run_address>0x2a3d</run_address>
         <size>0x4</size>
         <input_file_ref idref="fl-4"/>
      </object_component>
      <object_component id="oc-34b">
         <name>.cinit..data.load</name>
         <load_address>0x2a48</load_address>
         <run_address>0x2a48</run_address>
         <size>0xc</size>
      </object_component>
      <object_component id="oc-348">
         <name>__TI_handler_table</name>
         <load_address>0x2a54</load_address>
         <run_address>0x2a54</run_address>
         <size>0xc</size>
      </object_component>
      <object_component id="oc-34c">
         <name>.cinit..bss.load</name>
         <load_address>0x2a60</load_address>
         <run_address>0x2a60</run_address>
         <size>0x8</size>
      </object_component>
      <object_component id="oc-34a">
         <name>.cinit..vtable.load</name>
         <load_address>0x2a68</load_address>
         <run_address>0x2a68</run_address>
         <size>0x8</size>
      </object_component>
      <object_component id="oc-349">
         <name>__TI_cinit_table</name>
         <load_address>0x2a70</load_address>
         <run_address>0x2a70</run_address>
         <size>0x18</size>
      </object_component>
      <object_component id="oc-17e">
         <name>.vtable</name>
         <uninitialized>true</uninitialized>
         <run_address>0x20000000</run_address>
         <size>0x26c</size>
         <input_file_ref idref="fl-e7"/>
      </object_component>
      <object_component id="oc-11d">
         <name>.data</name>
         <load_address>0x200012dc</load_address>
         <run_address>0x200012dc</run_address>
         <size>0x1</size>
         <input_file_ref idref="fl-2"/>
      </object_component>
      <object_component id="oc-155">
         <name>.data</name>
         <load_address>0x200012c8</load_address>
         <run_address>0x200012c8</run_address>
         <size>0x10</size>
         <input_file_ref idref="fl-6"/>
      </object_component>
      <object_component id="oc-2c2">
         <name>.data</name>
         <load_address>0x200012d8</load_address>
         <run_address>0x200012d8</run_address>
         <size>0x4</size>
         <input_file_ref idref="fl-e1"/>
      </object_component>
      <object_component id="oc-13d">
         <name>.bss:lastbuffer$3</name>
         <uninitialized>true</uninitialized>
         <run_address>0x20001270</run_address>
         <size>0x54</size>
         <input_file_ref idref="fl-4"/>
      </object_component>
      <object_component id="oc-120">
         <name>.common:_timeout_ticks</name>
         <uninitialized>true</uninitialized>
         <run_address>0x200012c4</run_address>
         <size>0x4</size>
      </object_component>
      <object_component id="oc-24">
         <name>.stack</name>
         <uninitialized>true</uninitialized>
         <run_address>0x20000270</run_address>
         <size>0x4</size>
         <input_file_ref idref="fl-cc"/>
      </object_component>
      <object_component id="oc-34e">
         <name>.stack</name>
         <uninitialized>true</uninitialized>
         <run_address>0x20000270</run_address>
         <size>0x0</size>
      </object_component>
      <object_component id="oc-b2">
         <name>.debug_info</name>
         <load_address>0x0</load_address>
         <run_address>0x0</run_address>
         <size>0x2b2</size>
         <input_file_ref idref="fl-2"/>
      </object_component>
      <object_component id="oc-11e">
         <name>.debug_info</name>
         <load_address>0x2b2</load_address>
         <run_address>0x2b2</run_address>
         <size>0xc0</size>
         <input_file_ref idref="fl-2"/>
      </object_component>
      <object_component id="oc-c5">
         <name>.debug_info</name>
         <load_address>0x372</load_address>
         <run_address>0x372</run_address>
         <size>0x508</size>
         <input_file_ref idref="fl-2"/>
      </object_component>
      <object_component id="oc-70">
         <name>.debug_info</name>
         <load_address>0x87a</load_address>
         <run_address>0x87a</run_address>
         <size>0x26b</size>
         <input_file_ref idref="fl-2"/>
      </object_component>
      <object_component id="oc-36">
         <name>.debug_info</name>
         <load_address>0xae5</load_address>
         <run_address>0xae5</run_address>
         <size>0x84</size>
         <input_file_ref idref="fl-2"/>
      </object_component>
      <object_component id="oc-ad">
         <name>.debug_info</name>
         <load_address>0xb69</load_address>
         <run_address>0xb69</run_address>
         <size>0x2a4</size>
         <input_file_ref idref="fl-2"/>
      </object_component>
      <object_component id="oc-75">
         <name>.debug_info</name>
         <load_address>0xe0d</load_address>
         <run_address>0xe0d</run_address>
         <size>0xbb</size>
         <input_file_ref idref="fl-2"/>
      </object_component>
      <object_component id="oc-13f">
         <name>.debug_info</name>
         <load_address>0xec8</load_address>
         <run_address>0xec8</run_address>
         <size>0x380</size>
         <input_file_ref idref="fl-4"/>
      </object_component>
      <object_component id="oc-124">
         <name>.debug_info</name>
         <load_address>0x1248</load_address>
         <run_address>0x1248</run_address>
         <size>0x115</size>
         <input_file_ref idref="fl-4"/>
      </object_component>
      <object_component id="oc-cc">
         <name>.debug_info</name>
         <load_address>0x135d</load_address>
         <run_address>0x135d</run_address>
         <size>0x8a1</size>
         <input_file_ref idref="fl-4"/>
      </object_component>
      <object_component id="oc-1b3">
         <name>.debug_info</name>
         <load_address>0x1bfe</load_address>
         <run_address>0x1bfe</run_address>
         <size>0xcc</size>
         <input_file_ref idref="fl-4"/>
      </object_component>
      <object_component id="oc-140">
         <name>.debug_info</name>
         <load_address>0x1cca</load_address>
         <run_address>0x1cca</run_address>
         <size>0x2c</size>
         <input_file_ref idref="fl-4"/>
      </object_component>
      <object_component id="oc-1ae">
         <name>.debug_info</name>
         <load_address>0x1cf6</load_address>
         <run_address>0x1cf6</run_address>
         <size>0x35</size>
         <input_file_ref idref="fl-4"/>
      </object_component>
      <object_component id="oc-9e">
         <name>.debug_info</name>
         <load_address>0x1d2b</load_address>
         <run_address>0x1d2b</run_address>
         <size>0x17a</size>
         <input_file_ref idref="fl-5"/>
      </object_component>
      <object_component id="oc-1c3">
         <name>.debug_info</name>
         <load_address>0x1ea5</load_address>
         <run_address>0x1ea5</run_address>
         <size>0x2e5</size>
         <input_file_ref idref="fl-6"/>
      </object_component>
      <object_component id="oc-156">
         <name>.debug_info</name>
         <load_address>0x218a</load_address>
         <run_address>0x218a</run_address>
         <size>0x10b</size>
         <input_file_ref idref="fl-6"/>
      </object_component>
      <object_component id="oc-d1">
         <name>.debug_info</name>
         <load_address>0x2295</load_address>
         <run_address>0x2295</run_address>
         <size>0x375</size>
         <input_file_ref idref="fl-6"/>
      </object_component>
      <object_component id="oc-24b">
         <name>.debug_info</name>
         <load_address>0x260a</load_address>
         <run_address>0x260a</run_address>
         <size>0x44</size>
         <input_file_ref idref="fl-6"/>
      </object_component>
      <object_component id="oc-159">
         <name>.debug_info</name>
         <load_address>0x264e</load_address>
         <run_address>0x264e</run_address>
         <size>0x8b</size>
         <input_file_ref idref="fl-6"/>
      </object_component>
      <object_component id="oc-2f">
         <name>.debug_info</name>
         <load_address>0x26d9</load_address>
         <run_address>0x26d9</run_address>
         <size>0x29c</size>
         <input_file_ref idref="fl-7"/>
      </object_component>
      <object_component id="oc-13">
         <name>.debug_info</name>
         <load_address>0x2975</load_address>
         <run_address>0x2975</run_address>
         <size>0xdb</size>
         <input_file_ref idref="fl-7"/>
      </object_component>
      <object_component id="oc-2a">
         <name>.debug_info</name>
         <load_address>0x2a50</load_address>
         <run_address>0x2a50</run_address>
         <size>0x257</size>
         <input_file_ref idref="fl-7"/>
      </object_component>
      <object_component id="oc-19d">
         <name>.debug_info</name>
         <load_address>0x2ca7</load_address>
         <run_address>0x2ca7</run_address>
         <size>0x340</size>
         <input_file_ref idref="fl-c3"/>
      </object_component>
      <object_component id="oc-12b">
         <name>.debug_info</name>
         <load_address>0x2fe7</load_address>
         <run_address>0x2fe7</run_address>
         <size>0x208</size>
         <input_file_ref idref="fl-c3"/>
      </object_component>
      <object_component id="oc-194">
         <name>.debug_info</name>
         <load_address>0x31ef</load_address>
         <run_address>0x31ef</run_address>
         <size>0x1c6</size>
         <input_file_ref idref="fl-c3"/>
      </object_component>
      <object_component id="oc-19a">
         <name>.debug_info</name>
         <load_address>0x33b5</load_address>
         <run_address>0x33b5</run_address>
         <size>0x179</size>
         <input_file_ref idref="fl-c3"/>
      </object_component>
      <object_component id="oc-19e">
         <name>.debug_info</name>
         <load_address>0x352e</load_address>
         <run_address>0x352e</run_address>
         <size>0x2c</size>
         <input_file_ref idref="fl-c3"/>
      </object_component>
      <object_component id="oc-1a3">
         <name>.debug_info</name>
         <load_address>0x355a</load_address>
         <run_address>0x355a</run_address>
         <size>0x69</size>
         <input_file_ref idref="fl-c3"/>
      </object_component>
      <object_component id="oc-152">
         <name>.debug_info</name>
         <load_address>0x35c3</load_address>
         <run_address>0x35c3</run_address>
         <size>0x14c</size>
         <input_file_ref idref="fl-c4"/>
      </object_component>
      <object_component id="oc-3e">
         <name>.debug_info</name>
         <load_address>0x370f</load_address>
         <run_address>0x370f</run_address>
         <size>0x119</size>
         <input_file_ref idref="fl-c5"/>
      </object_component>
      <object_component id="oc-14d">
         <name>.debug_info</name>
         <load_address>0x3828</load_address>
         <run_address>0x3828</run_address>
         <size>0x12e</size>
         <input_file_ref idref="fl-c6"/>
      </object_component>
      <object_component id="oc-8e">
         <name>.debug_info</name>
         <load_address>0x3956</load_address>
         <run_address>0x3956</run_address>
         <size>0x2d4</size>
         <input_file_ref idref="fl-c7"/>
      </object_component>
      <object_component id="oc-4b">
         <name>.debug_info</name>
         <load_address>0x3c2a</load_address>
         <run_address>0x3c2a</run_address>
         <size>0x1d2</size>
         <input_file_ref idref="fl-c7"/>
      </object_component>
      <object_component id="oc-89">
         <name>.debug_info</name>
         <load_address>0x3dfc</load_address>
         <run_address>0x3dfc</run_address>
         <size>0x46</size>
         <input_file_ref idref="fl-c7"/>
      </object_component>
      <object_component id="oc-bb">
         <name>.debug_info</name>
         <load_address>0x3e42</load_address>
         <run_address>0x3e42</run_address>
         <size>0x2c</size>
         <input_file_ref idref="fl-c7"/>
      </object_component>
      <object_component id="oc-46">
         <name>.debug_info</name>
         <load_address>0x3e6e</load_address>
         <run_address>0x3e6e</run_address>
         <size>0x2a8</size>
         <input_file_ref idref="fl-c8"/>
      </object_component>
      <object_component id="oc-1c">
         <name>.debug_info</name>
         <load_address>0x4116</load_address>
         <run_address>0x4116</run_address>
         <size>0x1ea</size>
         <input_file_ref idref="fl-c8"/>
      </object_component>
      <object_component id="oc-41">
         <name>.debug_info</name>
         <load_address>0x4300</load_address>
         <run_address>0x4300</run_address>
         <size>0x46</size>
         <input_file_ref idref="fl-c8"/>
      </object_component>
      <object_component id="oc-81">
         <name>.debug_info</name>
         <load_address>0x4346</load_address>
         <run_address>0x4346</run_address>
         <size>0x2c</size>
         <input_file_ref idref="fl-c8"/>
      </object_component>
      <object_component id="oc-7f">
         <name>.debug_info</name>
         <load_address>0x4372</load_address>
         <run_address>0x4372</run_address>
         <size>0x29e</size>
         <input_file_ref idref="fl-c9"/>
      </object_component>
      <object_component id="oc-16">
         <name>.debug_info</name>
         <load_address>0x4610</load_address>
         <run_address>0x4610</run_address>
         <size>0x250</size>
         <input_file_ref idref="fl-c9"/>
      </object_component>
      <object_component id="oc-31">
         <name>.debug_info</name>
         <load_address>0x4860</load_address>
         <run_address>0x4860</run_address>
         <size>0x60</size>
         <input_file_ref idref="fl-c9"/>
      </object_component>
      <object_component id="oc-b4">
         <name>.debug_info</name>
         <load_address>0x48c0</load_address>
         <run_address>0x48c0</run_address>
         <size>0x46</size>
         <input_file_ref idref="fl-c9"/>
      </object_component>
      <object_component id="oc-7a">
         <name>.debug_info</name>
         <load_address>0x4906</load_address>
         <run_address>0x4906</run_address>
         <size>0x39</size>
         <input_file_ref idref="fl-c9"/>
      </object_component>
      <object_component id="oc-1a9">
         <name>.debug_info</name>
         <load_address>0x493f</load_address>
         <run_address>0x493f</run_address>
         <size>0x28a</size>
         <input_file_ref idref="fl-ca"/>
      </object_component>
      <object_component id="oc-133">
         <name>.debug_info</name>
         <load_address>0x4bc9</load_address>
         <run_address>0x4bc9</run_address>
         <size>0x273</size>
         <input_file_ref idref="fl-ca"/>
      </object_component>
      <object_component id="oc-1ab">
         <name>.debug_info</name>
         <load_address>0x4e3c</load_address>
         <run_address>0x4e3c</run_address>
         <size>0x2a4</size>
         <input_file_ref idref="fl-cb"/>
      </object_component>
      <object_component id="oc-136">
         <name>.debug_info</name>
         <load_address>0x50e0</load_address>
         <run_address>0x50e0</run_address>
         <size>0x24d</size>
         <input_file_ref idref="fl-cb"/>
      </object_component>
      <object_component id="oc-25">
         <name>.debug_info</name>
         <load_address>0x532d</load_address>
         <run_address>0x532d</run_address>
         <size>0x10b</size>
         <input_file_ref idref="fl-cc"/>
      </object_component>
      <object_component id="oc-5c">
         <name>.debug_info</name>
         <load_address>0x5438</load_address>
         <run_address>0x5438</run_address>
         <size>0x1a9</size>
         <input_file_ref idref="fl-cc"/>
      </object_component>
      <object_component id="oc-235">
         <name>.debug_info</name>
         <load_address>0x55e1</load_address>
         <run_address>0x55e1</run_address>
         <size>0x590</size>
         <input_file_ref idref="fl-cd"/>
      </object_component>
      <object_component id="oc-200">
         <name>.debug_info</name>
         <load_address>0x5b71</load_address>
         <run_address>0x5b71</run_address>
         <size>0x21e</size>
         <input_file_ref idref="fl-cd"/>
      </object_component>
      <object_component id="oc-28c">
         <name>.debug_info</name>
         <load_address>0x5d8f</load_address>
         <run_address>0x5d8f</run_address>
         <size>0x1b3</size>
         <input_file_ref idref="fl-cd"/>
      </object_component>
      <object_component id="oc-292">
         <name>.debug_info</name>
         <load_address>0x5f42</load_address>
         <run_address>0x5f42</run_address>
         <size>0x21b</size>
         <input_file_ref idref="fl-cd"/>
      </object_component>
      <object_component id="oc-20b">
         <name>.debug_info</name>
         <load_address>0x615d</load_address>
         <run_address>0x615d</run_address>
         <size>0x3c0</size>
         <input_file_ref idref="fl-cd"/>
      </object_component>
      <object_component id="oc-299">
         <name>.debug_info</name>
         <load_address>0x651d</load_address>
         <run_address>0x651d</run_address>
         <size>0x30a</size>
         <input_file_ref idref="fl-cd"/>
      </object_component>
      <object_component id="oc-29f">
         <name>.debug_info</name>
         <load_address>0x6827</load_address>
         <run_address>0x6827</run_address>
         <size>0x215</size>
         <input_file_ref idref="fl-cd"/>
      </object_component>
      <object_component id="oc-211">
         <name>.debug_info</name>
         <load_address>0x6a3c</load_address>
         <run_address>0x6a3c</run_address>
         <size>0x215</size>
         <input_file_ref idref="fl-cd"/>
      </object_component>
      <object_component id="oc-217">
         <name>.debug_info</name>
         <load_address>0x6c51</load_address>
         <run_address>0x6c51</run_address>
         <size>0x304</size>
         <input_file_ref idref="fl-cd"/>
      </object_component>
      <object_component id="oc-21d">
         <name>.debug_info</name>
         <load_address>0x6f55</load_address>
         <run_address>0x6f55</run_address>
         <size>0x4b5</size>
         <input_file_ref idref="fl-cd"/>
      </object_component>
      <object_component id="oc-18b">
         <name>.debug_info</name>
         <load_address>0x740a</load_address>
         <run_address>0x740a</run_address>
         <size>0x5f4</size>
         <input_file_ref idref="fl-cd"/>
      </object_component>
      <object_component id="oc-236">
         <name>.debug_info</name>
         <load_address>0x79fe</load_address>
         <run_address>0x79fe</run_address>
         <size>0x86</size>
         <input_file_ref idref="fl-cd"/>
      </object_component>
      <object_component id="oc-2c9">
         <name>.debug_info</name>
         <load_address>0x7a84</load_address>
         <run_address>0x7a84</run_address>
         <size>0x39</size>
         <input_file_ref idref="fl-cd"/>
      </object_component>
      <object_component id="oc-309">
         <name>.debug_info</name>
         <load_address>0x7abd</load_address>
         <run_address>0x7abd</run_address>
         <size>0xb6</size>
         <input_file_ref idref="fl-cd"/>
      </object_component>
      <object_component id="oc-2ce">
         <name>.debug_info</name>
         <load_address>0x7b73</load_address>
         <run_address>0x7b73</run_address>
         <size>0x46</size>
         <input_file_ref idref="fl-cd"/>
      </object_component>
      <object_component id="oc-23b">
         <name>.debug_info</name>
         <load_address>0x7bb9</load_address>
         <run_address>0x7bb9</run_address>
         <size>0x46</size>
         <input_file_ref idref="fl-cd"/>
      </object_component>
      <object_component id="oc-207">
         <name>.debug_info</name>
         <load_address>0x7bff</load_address>
         <run_address>0x7bff</run_address>
         <size>0x128</size>
         <input_file_ref idref="fl-ce"/>
      </object_component>
      <object_component id="oc-279">
         <name>.debug_info</name>
         <load_address>0x7d27</load_address>
         <run_address>0x7d27</run_address>
         <size>0x12a</size>
         <input_file_ref idref="fl-ce"/>
      </object_component>
      <object_component id="oc-273">
         <name>.debug_info</name>
         <load_address>0x7e51</load_address>
         <run_address>0x7e51</run_address>
         <size>0x13a</size>
         <input_file_ref idref="fl-cf"/>
      </object_component>
      <object_component id="oc-26d">
         <name>.debug_info</name>
         <load_address>0x7f8b</load_address>
         <run_address>0x7f8b</run_address>
         <size>0x13a</size>
         <input_file_ref idref="fl-d0"/>
      </object_component>
      <object_component id="oc-27d">
         <name>.debug_info</name>
         <load_address>0x80c5</load_address>
         <run_address>0x80c5</run_address>
         <size>0x12e</size>
         <input_file_ref idref="fl-d1"/>
      </object_component>
      <object_component id="oc-289">
         <name>.debug_info</name>
         <load_address>0x81f3</load_address>
         <run_address>0x81f3</run_address>
         <size>0x12c</size>
         <input_file_ref idref="fl-d2"/>
      </object_component>
      <object_component id="oc-90">
         <name>.debug_info</name>
         <load_address>0x831f</load_address>
         <run_address>0x831f</run_address>
         <size>0x147</size>
         <input_file_ref idref="fl-d3"/>
      </object_component>
      <object_component id="oc-266">
         <name>.debug_info</name>
         <load_address>0x8466</load_address>
         <run_address>0x8466</run_address>
         <size>0x134</size>
         <input_file_ref idref="fl-d4"/>
      </object_component>
      <object_component id="oc-169">
         <name>.debug_info</name>
         <load_address>0x859a</load_address>
         <run_address>0x859a</run_address>
         <size>0x4b3</size>
         <input_file_ref idref="fl-d5"/>
      </object_component>
      <object_component id="oc-e5">
         <name>.debug_info</name>
         <load_address>0x8a4d</load_address>
         <run_address>0x8a4d</run_address>
         <size>0x1a6</size>
         <input_file_ref idref="fl-d5"/>
      </object_component>
      <object_component id="oc-1d4">
         <name>.debug_info</name>
         <load_address>0x8bf3</load_address>
         <run_address>0x8bf3</run_address>
         <size>0x39</size>
         <input_file_ref idref="fl-d5"/>
      </object_component>
      <object_component id="oc-252">
         <name>.debug_info</name>
         <load_address>0x8c2c</load_address>
         <run_address>0x8c2c</run_address>
         <size>0x39</size>
         <input_file_ref idref="fl-d5"/>
      </object_component>
      <object_component id="oc-1d9">
         <name>.debug_info</name>
         <load_address>0x8c65</load_address>
         <run_address>0x8c65</run_address>
         <size>0x39</size>
         <input_file_ref idref="fl-d5"/>
      </object_component>
      <object_component id="oc-1de">
         <name>.debug_info</name>
         <load_address>0x8c9e</load_address>
         <run_address>0x8c9e</run_address>
         <size>0xcd</size>
         <input_file_ref idref="fl-d5"/>
      </object_component>
      <object_component id="oc-97">
         <name>.debug_info</name>
         <load_address>0x8d6b</load_address>
         <run_address>0x8d6b</run_address>
         <size>0x153</size>
         <input_file_ref idref="fl-d6"/>
      </object_component>
      <object_component id="oc-da">
         <name>.debug_info</name>
         <load_address>0x8ebe</load_address>
         <run_address>0x8ebe</run_address>
         <size>0x122</size>
         <input_file_ref idref="fl-d8"/>
      </object_component>
      <object_component id="oc-2e5">
         <name>.debug_info</name>
         <load_address>0x8fe0</load_address>
         <run_address>0x8fe0</run_address>
         <size>0x29c</size>
         <input_file_ref idref="fl-da"/>
      </object_component>
      <object_component id="oc-282">
         <name>.debug_info</name>
         <load_address>0x927c</load_address>
         <run_address>0x927c</run_address>
         <size>0x1da</size>
         <input_file_ref idref="fl-da"/>
      </object_component>
      <object_component id="oc-264">
         <name>.debug_info</name>
         <load_address>0x9456</load_address>
         <run_address>0x9456</run_address>
         <size>0x2b9</size>
         <input_file_ref idref="fl-dc"/>
      </object_component>
      <object_component id="oc-1fa">
         <name>.debug_info</name>
         <load_address>0x970f</load_address>
         <run_address>0x970f</run_address>
         <size>0x17c</size>
         <input_file_ref idref="fl-dc"/>
      </object_component>
      <object_component id="oc-2d7">
         <name>.debug_info</name>
         <load_address>0x988b</load_address>
         <run_address>0x988b</run_address>
         <size>0xf9</size>
         <input_file_ref idref="fl-dd"/>
      </object_component>
      <object_component id="oc-261">
         <name>.debug_info</name>
         <load_address>0x9984</load_address>
         <run_address>0x9984</run_address>
         <size>0x105</size>
         <input_file_ref idref="fl-dd"/>
      </object_component>
      <object_component id="oc-2ba">
         <name>.debug_info</name>
         <load_address>0x9a89</load_address>
         <run_address>0x9a89</run_address>
         <size>0x2a7</size>
         <input_file_ref idref="fl-de"/>
      </object_component>
      <object_component id="oc-223">
         <name>.debug_info</name>
         <load_address>0x9d30</load_address>
         <run_address>0x9d30</run_address>
         <size>0x1b8</size>
         <input_file_ref idref="fl-de"/>
      </object_component>
      <object_component id="oc-2fb">
         <name>.debug_info</name>
         <load_address>0x9ee8</load_address>
         <run_address>0x9ee8</run_address>
         <size>0x29a</size>
         <input_file_ref idref="fl-df"/>
      </object_component>
      <object_component id="oc-2b3">
         <name>.debug_info</name>
         <load_address>0xa182</load_address>
         <run_address>0xa182</run_address>
         <size>0x262</size>
         <input_file_ref idref="fl-df"/>
      </object_component>
      <object_component id="oc-25f">
         <name>.debug_info</name>
         <load_address>0xa3e4</load_address>
         <run_address>0xa3e4</run_address>
         <size>0x28f</size>
         <input_file_ref idref="fl-e0"/>
      </object_component>
      <object_component id="oc-1f4">
         <name>.debug_info</name>
         <load_address>0xa673</load_address>
         <run_address>0xa673</run_address>
         <size>0x245</size>
         <input_file_ref idref="fl-e0"/>
      </object_component>
      <object_component id="oc-2c6">
         <name>.debug_info</name>
         <load_address>0xa8b8</load_address>
         <run_address>0xa8b8</run_address>
         <size>0x289</size>
         <input_file_ref idref="fl-e1"/>
      </object_component>
      <object_component id="oc-2c3">
         <name>.debug_info</name>
         <load_address>0xab41</load_address>
         <run_address>0xab41</run_address>
         <size>0x10e</size>
         <input_file_ref idref="fl-e1"/>
      </object_component>
      <object_component id="oc-22f">
         <name>.debug_info</name>
         <load_address>0xac4f</load_address>
         <run_address>0xac4f</run_address>
         <size>0x14e</size>
         <input_file_ref idref="fl-e1"/>
      </object_component>
      <object_component id="oc-2c1">
         <name>.debug_info</name>
         <load_address>0xad9d</load_address>
         <run_address>0xad9d</run_address>
         <size>0x28f</size>
         <input_file_ref idref="fl-e2"/>
      </object_component>
      <object_component id="oc-22b">
         <name>.debug_info</name>
         <load_address>0xb02c</load_address>
         <run_address>0xb02c</run_address>
         <size>0x15a</size>
         <input_file_ref idref="fl-e2"/>
      </object_component>
      <object_component id="oc-2fe">
         <name>.debug_info</name>
         <load_address>0xb186</load_address>
         <run_address>0xb186</run_address>
         <size>0x46</size>
         <input_file_ref idref="fl-e2"/>
      </object_component>
      <object_component id="oc-2bc">
         <name>.debug_info</name>
         <load_address>0xb1cc</load_address>
         <run_address>0xb1cc</run_address>
         <size>0x39</size>
         <input_file_ref idref="fl-e2"/>
      </object_component>
      <object_component id="oc-2ec">
         <name>.debug_info</name>
         <load_address>0xb205</load_address>
         <run_address>0xb205</run_address>
         <size>0x295</size>
         <input_file_ref idref="fl-e3"/>
      </object_component>
      <object_component id="oc-2a7">
         <name>.debug_info</name>
         <load_address>0xb49a</load_address>
         <run_address>0xb49a</run_address>
         <size>0x195</size>
         <input_file_ref idref="fl-e3"/>
      </object_component>
      <object_component id="oc-315">
         <name>.debug_info</name>
         <load_address>0xb62f</load_address>
         <run_address>0xb62f</run_address>
         <size>0x39</size>
         <input_file_ref idref="fl-e3"/>
      </object_component>
      <object_component id="oc-2ed">
         <name>.debug_info</name>
         <load_address>0xb668</load_address>
         <run_address>0xb668</run_address>
         <size>0x2c</size>
         <input_file_ref idref="fl-e3"/>
      </object_component>
      <object_component id="oc-2f9">
         <name>.debug_info</name>
         <load_address>0xb694</load_address>
         <run_address>0xb694</run_address>
         <size>0x2f8</size>
         <input_file_ref idref="fl-e4"/>
      </object_component>
      <object_component id="oc-2ad">
         <name>.debug_info</name>
         <load_address>0xb98c</load_address>
         <run_address>0xb98c</run_address>
         <size>0x225</size>
         <input_file_ref idref="fl-e4"/>
      </object_component>
      <object_component id="oc-2dc">
         <name>.debug_info</name>
         <load_address>0xbbb1</load_address>
         <run_address>0xbbb1</run_address>
         <size>0x115</size>
         <input_file_ref idref="fl-e5"/>
      </object_component>
      <object_component id="oc-2f4">
         <name>.debug_info</name>
         <load_address>0xbcc6</load_address>
         <run_address>0xbcc6</run_address>
         <size>0x161</size>
         <input_file_ref idref="fl-e6"/>
      </object_component>
      <object_component id="oc-187">
         <name>.debug_info</name>
         <load_address>0xbe27</load_address>
         <run_address>0xbe27</run_address>
         <size>0x3b7</size>
         <input_file_ref idref="fl-e7"/>
      </object_component>
      <object_component id="oc-17f">
         <name>.debug_info</name>
         <load_address>0xc1de</load_address>
         <run_address>0xc1de</run_address>
         <size>0x160</size>
         <input_file_ref idref="fl-e7"/>
      </object_component>
      <object_component id="oc-119">
         <name>.debug_info</name>
         <load_address>0xc33e</load_address>
         <run_address>0xc33e</run_address>
         <size>0x2ca</size>
         <input_file_ref idref="fl-e7"/>
      </object_component>
      <object_component id="oc-146">
         <name>.debug_info</name>
         <load_address>0xc608</load_address>
         <run_address>0xc608</run_address>
         <size>0x247</size>
         <input_file_ref idref="fl-e7"/>
      </object_component>
      <object_component id="oc-1ee">
         <name>.debug_info</name>
         <load_address>0xc84f</load_address>
         <run_address>0xc84f</run_address>
         <size>0x26b</size>
         <input_file_ref idref="fl-e7"/>
      </object_component>
      <object_component id="oc-1e7">
         <name>.debug_info</name>
         <load_address>0xcaba</load_address>
         <run_address>0xcaba</run_address>
         <size>0x297</size>
         <input_file_ref idref="fl-e7"/>
      </object_component>
      <object_component id="oc-182">
         <name>.debug_info</name>
         <load_address>0xcd51</load_address>
         <run_address>0xcd51</run_address>
         <size>0xbb</size>
         <input_file_ref idref="fl-e7"/>
      </object_component>
      <object_component id="oc-1ba">
         <name>.debug_info</name>
         <load_address>0xce0c</load_address>
         <run_address>0xce0c</run_address>
         <size>0x21b</size>
         <input_file_ref idref="fl-e8"/>
      </object_component>
      <object_component id="oc-34f">
         <name>.debug_info</name>
         <load_address>0xd027</load_address>
         <run_address>0xd027</run_address>
         <size>0x8e</size>
      </object_component>
      <object_component id="oc-116">
         <name>.debug_line</name>
         <load_address>0x0</load_address>
         <run_address>0x0</run_address>
         <size>0x69</size>
         <input_file_ref idref="fl-2"/>
      </object_component>
      <object_component id="oc-189">
         <name>.debug_line</name>
         <load_address>0x69</load_address>
         <run_address>0x69</run_address>
         <size>0x2e</size>
         <input_file_ref idref="fl-2"/>
      </object_component>
      <object_component id="oc-c8">
         <name>.debug_line</name>
         <load_address>0x97</load_address>
         <run_address>0x97</run_address>
         <size>0x179</size>
         <input_file_ref idref="fl-2"/>
      </object_component>
      <object_component id="oc-73">
         <name>.debug_line</name>
         <load_address>0x210</load_address>
         <run_address>0x210</run_address>
         <size>0x6f</size>
         <input_file_ref idref="fl-2"/>
      </object_component>
      <object_component id="oc-39">
         <name>.debug_line</name>
         <load_address>0x27f</load_address>
         <run_address>0x27f</run_address>
         <size>0x20</size>
         <input_file_ref idref="fl-2"/>
      </object_component>
      <object_component id="oc-b0">
         <name>.debug_line</name>
         <load_address>0x29f</load_address>
         <run_address>0x29f</run_address>
         <size>0x73</size>
         <input_file_ref idref="fl-2"/>
      </object_component>
      <object_component id="oc-78">
         <name>.debug_line</name>
         <load_address>0x312</load_address>
         <run_address>0x312</run_address>
         <size>0x70</size>
         <input_file_ref idref="fl-2"/>
      </object_component>
      <object_component id="oc-1ad">
         <name>.debug_line</name>
         <load_address>0x382</load_address>
         <run_address>0x382</run_address>
         <size>0xc3</size>
         <input_file_ref idref="fl-4"/>
      </object_component>
      <object_component id="oc-123">
         <name>.debug_line</name>
         <load_address>0x445</load_address>
         <run_address>0x445</run_address>
         <size>0x45</size>
         <input_file_ref idref="fl-4"/>
      </object_component>
      <object_component id="oc-cb">
         <name>.debug_line</name>
         <load_address>0x48a</load_address>
         <run_address>0x48a</run_address>
         <size>0x19b</size>
         <input_file_ref idref="fl-4"/>
      </object_component>
      <object_component id="oc-1b6">
         <name>.debug_line</name>
         <load_address>0x625</load_address>
         <run_address>0x625</run_address>
         <size>0x6a</size>
         <input_file_ref idref="fl-4"/>
      </object_component>
      <object_component id="oc-143">
         <name>.debug_line</name>
         <load_address>0x68f</load_address>
         <run_address>0x68f</run_address>
         <size>0x6b</size>
         <input_file_ref idref="fl-4"/>
      </object_component>
      <object_component id="oc-1b1">
         <name>.debug_line</name>
         <load_address>0x6fa</load_address>
         <run_address>0x6fa</run_address>
         <size>0x74</size>
         <input_file_ref idref="fl-4"/>
      </object_component>
      <object_component id="oc-9d">
         <name>.debug_line</name>
         <load_address>0x76e</load_address>
         <run_address>0x76e</run_address>
         <size>0x4f</size>
         <input_file_ref idref="fl-5"/>
      </object_component>
      <object_component id="oc-24a">
         <name>.debug_line</name>
         <load_address>0x7bd</load_address>
         <run_address>0x7bd</run_address>
         <size>0x69</size>
         <input_file_ref idref="fl-6"/>
      </object_component>
      <object_component id="oc-1c2">
         <name>.debug_line</name>
         <load_address>0x826</load_address>
         <run_address>0x826</run_address>
         <size>0x2d</size>
         <input_file_ref idref="fl-6"/>
      </object_component>
      <object_component id="oc-d4">
         <name>.debug_line</name>
         <load_address>0x853</load_address>
         <run_address>0x853</run_address>
         <size>0xe5</size>
         <input_file_ref idref="fl-6"/>
      </object_component>
      <object_component id="oc-24d">
         <name>.debug_line</name>
         <load_address>0x938</load_address>
         <run_address>0x938</run_address>
         <size>0x2d</size>
         <input_file_ref idref="fl-6"/>
      </object_component>
      <object_component id="oc-15c">
         <name>.debug_line</name>
         <load_address>0x965</load_address>
         <run_address>0x965</run_address>
         <size>0x20</size>
         <input_file_ref idref="fl-6"/>
      </object_component>
      <object_component id="oc-6f">
         <name>.debug_line</name>
         <load_address>0x985</load_address>
         <run_address>0x985</run_address>
         <size>0x41</size>
         <input_file_ref idref="fl-7"/>
      </object_component>
      <object_component id="oc-2e">
         <name>.debug_line</name>
         <load_address>0x9c6</load_address>
         <run_address>0x9c6</run_address>
         <size>0x41</size>
         <input_file_ref idref="fl-7"/>
      </object_component>
      <object_component id="oc-29">
         <name>.debug_line</name>
         <load_address>0xa07</load_address>
         <run_address>0xa07</run_address>
         <size>0xa1</size>
         <input_file_ref idref="fl-7"/>
      </object_component>
      <object_component id="oc-243">
         <name>.debug_line</name>
         <load_address>0xaa8</load_address>
         <run_address>0xaa8</run_address>
         <size>0x2f</size>
         <input_file_ref idref="fl-c3"/>
      </object_component>
      <object_component id="oc-12e">
         <name>.debug_line</name>
         <load_address>0xad7</load_address>
         <run_address>0xad7</run_address>
         <size>0x55</size>
         <input_file_ref idref="fl-c3"/>
      </object_component>
      <object_component id="oc-192">
         <name>.debug_line</name>
         <load_address>0xb2c</load_address>
         <run_address>0xb2c</run_address>
         <size>0x59</size>
         <input_file_ref idref="fl-c3"/>
      </object_component>
      <object_component id="oc-198">
         <name>.debug_line</name>
         <load_address>0xb85</load_address>
         <run_address>0xb85</run_address>
         <size>0x47</size>
         <input_file_ref idref="fl-c3"/>
      </object_component>
      <object_component id="oc-1a1">
         <name>.debug_line</name>
         <load_address>0xbcc</load_address>
         <run_address>0xbcc</run_address>
         <size>0x91</size>
         <input_file_ref idref="fl-c3"/>
      </object_component>
      <object_component id="oc-1a6">
         <name>.debug_line</name>
         <load_address>0xc5d</load_address>
         <run_address>0xc5d</run_address>
         <size>0x2f</size>
         <input_file_ref idref="fl-c3"/>
      </object_component>
      <object_component id="oc-154">
         <name>.debug_line</name>
         <load_address>0xc8c</load_address>
         <run_address>0xc8c</run_address>
         <size>0xd2</size>
         <input_file_ref idref="fl-c4"/>
      </object_component>
      <object_component id="oc-3d">
         <name>.debug_line</name>
         <load_address>0xd5e</load_address>
         <run_address>0xd5e</run_address>
         <size>0x88</size>
         <input_file_ref idref="fl-c5"/>
      </object_component>
      <object_component id="oc-14f">
         <name>.debug_line</name>
         <load_address>0xde6</load_address>
         <run_address>0xde6</run_address>
         <size>0x4c</size>
         <input_file_ref idref="fl-c6"/>
      </object_component>
      <object_component id="oc-c1">
         <name>.debug_line</name>
         <load_address>0xe32</load_address>
         <run_address>0xe32</run_address>
         <size>0x92</size>
         <input_file_ref idref="fl-c7"/>
      </object_component>
      <object_component id="oc-49">
         <name>.debug_line</name>
         <load_address>0xec4</load_address>
         <run_address>0xec4</run_address>
         <size>0x4c</size>
         <input_file_ref idref="fl-c7"/>
      </object_component>
      <object_component id="oc-8c">
         <name>.debug_line</name>
         <load_address>0xf10</load_address>
         <run_address>0xf10</run_address>
         <size>0x34</size>
         <input_file_ref idref="fl-c7"/>
      </object_component>
      <object_component id="oc-be">
         <name>.debug_line</name>
         <load_address>0xf44</load_address>
         <run_address>0xf44</run_address>
         <size>0x92</size>
         <input_file_ref idref="fl-c7"/>
      </object_component>
      <object_component id="oc-87">
         <name>.debug_line</name>
         <load_address>0xfd6</load_address>
         <run_address>0xfd6</run_address>
         <size>0x20</size>
         <input_file_ref idref="fl-c8"/>
      </object_component>
      <object_component id="oc-1f">
         <name>.debug_line</name>
         <load_address>0xff6</load_address>
         <run_address>0xff6</run_address>
         <size>0x55</size>
         <input_file_ref idref="fl-c8"/>
      </object_component>
      <object_component id="oc-44">
         <name>.debug_line</name>
         <load_address>0x104b</load_address>
         <run_address>0x104b</run_address>
         <size>0x3a</size>
         <input_file_ref idref="fl-c8"/>
      </object_component>
      <object_component id="oc-84">
         <name>.debug_line</name>
         <load_address>0x1085</load_address>
         <run_address>0x1085</run_address>
         <size>0x92</size>
         <input_file_ref idref="fl-c8"/>
      </object_component>
      <object_component id="oc-ba">
         <name>.debug_line</name>
         <load_address>0x1117</load_address>
         <run_address>0x1117</run_address>
         <size>0x20</size>
         <input_file_ref idref="fl-c9"/>
      </object_component>
      <object_component id="oc-19">
         <name>.debug_line</name>
         <load_address>0x1137</load_address>
         <run_address>0x1137</run_address>
         <size>0xa9</size>
         <input_file_ref idref="fl-c9"/>
      </object_component>
      <object_component id="oc-34">
         <name>.debug_line</name>
         <load_address>0x11e0</load_address>
         <run_address>0x11e0</run_address>
         <size>0x3a</size>
         <input_file_ref idref="fl-c9"/>
      </object_component>
      <object_component id="oc-b7">
         <name>.debug_line</name>
         <load_address>0x121a</load_address>
         <run_address>0x121a</run_address>
         <size>0x9a</size>
         <input_file_ref idref="fl-c9"/>
      </object_component>
      <object_component id="oc-7d">
         <name>.debug_line</name>
         <load_address>0x12b4</load_address>
         <run_address>0x12b4</run_address>
         <size>0x96</size>
         <input_file_ref idref="fl-c9"/>
      </object_component>
      <object_component id="oc-245">
         <name>.debug_line</name>
         <load_address>0x134a</load_address>
         <run_address>0x134a</run_address>
         <size>0x20</size>
         <input_file_ref idref="fl-ca"/>
      </object_component>
      <object_component id="oc-130">
         <name>.debug_line</name>
         <load_address>0x136a</load_address>
         <run_address>0x136a</run_address>
         <size>0xad</size>
         <input_file_ref idref="fl-ca"/>
      </object_component>
      <object_component id="oc-247">
         <name>.debug_line</name>
         <load_address>0x1417</load_address>
         <run_address>0x1417</run_address>
         <size>0x20</size>
         <input_file_ref idref="fl-cb"/>
      </object_component>
      <object_component id="oc-139">
         <name>.debug_line</name>
         <load_address>0x1437</load_address>
         <run_address>0x1437</run_address>
         <size>0xa8</size>
         <input_file_ref idref="fl-cb"/>
      </object_component>
      <object_component id="oc-6c">
         <name>.debug_line</name>
         <load_address>0x14df</load_address>
         <run_address>0x14df</run_address>
         <size>0x33</size>
         <input_file_ref idref="fl-cc"/>
      </object_component>
      <object_component id="oc-5a">
         <name>.debug_line</name>
         <load_address>0x1512</load_address>
         <run_address>0x1512</run_address>
         <size>0x45</size>
         <input_file_ref idref="fl-cc"/>
      </object_component>
      <object_component id="oc-2c8">
         <name>.debug_line</name>
         <load_address>0x1557</load_address>
         <run_address>0x1557</run_address>
         <size>0x264</size>
         <input_file_ref idref="fl-cd"/>
      </object_component>
      <object_component id="oc-204">
         <name>.debug_line</name>
         <load_address>0x17bb</load_address>
         <run_address>0x17bb</run_address>
         <size>0x7a</size>
         <input_file_ref idref="fl-cd"/>
      </object_component>
      <object_component id="oc-28f">
         <name>.debug_line</name>
         <load_address>0x1835</load_address>
         <run_address>0x1835</run_address>
         <size>0x51</size>
         <input_file_ref idref="fl-cd"/>
      </object_component>
      <object_component id="oc-296">
         <name>.debug_line</name>
         <load_address>0x1886</load_address>
         <run_address>0x1886</run_address>
         <size>0x88</size>
         <input_file_ref idref="fl-cd"/>
      </object_component>
      <object_component id="oc-20f">
         <name>.debug_line</name>
         <load_address>0x190e</load_address>
         <run_address>0x190e</run_address>
         <size>0x14b</size>
         <input_file_ref idref="fl-cd"/>
      </object_component>
      <object_component id="oc-29d">
         <name>.debug_line</name>
         <load_address>0x1a59</load_address>
         <run_address>0x1a59</run_address>
         <size>0xec</size>
         <input_file_ref idref="fl-cd"/>
      </object_component>
      <object_component id="oc-2a3">
         <name>.debug_line</name>
         <load_address>0x1b45</load_address>
         <run_address>0x1b45</run_address>
         <size>0x5d</size>
         <input_file_ref idref="fl-cd"/>
      </object_component>
      <object_component id="oc-215">
         <name>.debug_line</name>
         <load_address>0x1ba2</load_address>
         <run_address>0x1ba2</run_address>
         <size>0x5c</size>
         <input_file_ref idref="fl-cd"/>
      </object_component>
      <object_component id="oc-21a">
         <name>.debug_line</name>
         <load_address>0x1bfe</load_address>
         <run_address>0x1bfe</run_address>
         <size>0xae</size>
         <input_file_ref idref="fl-cd"/>
      </object_component>
      <object_component id="oc-221">
         <name>.debug_line</name>
         <load_address>0x1cac</load_address>
         <run_address>0x1cac</run_address>
         <size>0x1ac</size>
         <input_file_ref idref="fl-cd"/>
      </object_component>
      <object_component id="oc-18f">
         <name>.debug_line</name>
         <load_address>0x1e58</load_address>
         <run_address>0x1e58</run_address>
         <size>0x76f</size>
         <input_file_ref idref="fl-cd"/>
      </object_component>
      <object_component id="oc-239">
         <name>.debug_line</name>
         <load_address>0x25c7</load_address>
         <run_address>0x25c7</run_address>
         <size>0x92</size>
         <input_file_ref idref="fl-cd"/>
      </object_component>
      <object_component id="oc-2cc">
         <name>.debug_line</name>
         <load_address>0x2659</load_address>
         <run_address>0x2659</run_address>
         <size>0x92</size>
         <input_file_ref idref="fl-cd"/>
      </object_component>
      <object_component id="oc-30c">
         <name>.debug_line</name>
         <load_address>0x26eb</load_address>
         <run_address>0x26eb</run_address>
         <size>0x9a</size>
         <input_file_ref idref="fl-cd"/>
      </object_component>
      <object_component id="oc-2d1">
         <name>.debug_line</name>
         <load_address>0x2785</load_address>
         <run_address>0x2785</run_address>
         <size>0x97</size>
         <input_file_ref idref="fl-cd"/>
      </object_component>
      <object_component id="oc-23e">
         <name>.debug_line</name>
         <load_address>0x281c</load_address>
         <run_address>0x281c</run_address>
         <size>0x2e</size>
         <input_file_ref idref="fl-cd"/>
      </object_component>
      <object_component id="oc-209">
         <name>.debug_line</name>
         <load_address>0x284a</load_address>
         <run_address>0x284a</run_address>
         <size>0x77</size>
         <input_file_ref idref="fl-ce"/>
      </object_component>
      <object_component id="oc-278">
         <name>.debug_line</name>
         <load_address>0x28c1</load_address>
         <run_address>0x28c1</run_address>
         <size>0x77</size>
         <input_file_ref idref="fl-ce"/>
      </object_component>
      <object_component id="oc-272">
         <name>.debug_line</name>
         <load_address>0x2938</load_address>
         <run_address>0x2938</run_address>
         <size>0xa8</size>
         <input_file_ref idref="fl-cf"/>
      </object_component>
      <object_component id="oc-270">
         <name>.debug_line</name>
         <load_address>0x29e0</load_address>
         <run_address>0x29e0</run_address>
         <size>0x8e</size>
         <input_file_ref idref="fl-d0"/>
      </object_component>
      <object_component id="oc-27c">
         <name>.debug_line</name>
         <load_address>0x2a6e</load_address>
         <run_address>0x2a6e</run_address>
         <size>0x5a</size>
         <input_file_ref idref="fl-d1"/>
      </object_component>
      <object_component id="oc-288">
         <name>.debug_line</name>
         <load_address>0x2ac8</load_address>
         <run_address>0x2ac8</run_address>
         <size>0x50</size>
         <input_file_ref idref="fl-d2"/>
      </object_component>
      <object_component id="oc-93">
         <name>.debug_line</name>
         <load_address>0x2b18</load_address>
         <run_address>0x2b18</run_address>
         <size>0x79</size>
         <input_file_ref idref="fl-d3"/>
      </object_component>
      <object_component id="oc-269">
         <name>.debug_line</name>
         <load_address>0x2b91</load_address>
         <run_address>0x2b91</run_address>
         <size>0x81</size>
         <input_file_ref idref="fl-d4"/>
      </object_component>
      <object_component id="oc-1d3">
         <name>.debug_line</name>
         <load_address>0x2c12</load_address>
         <run_address>0x2c12</run_address>
         <size>0xbf</size>
         <input_file_ref idref="fl-d5"/>
      </object_component>
      <object_component id="oc-e4">
         <name>.debug_line</name>
         <load_address>0x2cd1</load_address>
         <run_address>0x2cd1</run_address>
         <size>0x6f</size>
         <input_file_ref idref="fl-d5"/>
      </object_component>
      <object_component id="oc-1d7">
[...]
               <size>0x40</size>
               <logical_group_ref idref="lg-6"/>
            </allocated_space>
            <available_space>
               <start_address>0x2a88</start_address>
               <size>0x3d578</size>
            </available_space>
         </usage_details>
      </memory_area>
      <memory_area display="yes" color="green">
         <name>SRAM</name>
         <page_id>0x0</page_id>
         <origin>0x20000000</origin>
         <length>0x8000</length>
         <used_space>0x12d9</used_space>
         <unused_space>0x6d27</unused_space>
         <attributes>RWX</attributes>
         <usage_details>
            <allocated_space>
               <start_address>0x20000000</start_address>
               <size>0x0</size>
               <logical_group_ref idref="lg-321"/>
            </allocated_space>
            <allocated_space>
               <start_address>0x20000000</start_address>
               <size>0x26c</size>
               <logical_group_ref idref="lg-9"/>
            </allocated_space>
            <available_space>
               <start_address>0x2000026c</start_address>
               <size>0x4</size>
            </available_space>
            <allocated_space>
               <start_address>0x20000270</start_address>
               <size>0x1000</size>
               <logical_group_ref idref="lg-d"/>
            </allocated_space>
            <allocated_space>
               <start_address>0x20001270</start_address>
               <size>0x58</size>
               <logical_group_ref idref="lg-b"/>
            </allocated_space>
            <allocated_space>
               <start_address>0x200012c8</start_address>
               <size>0x15</size>
               <logical_group_ref idref="lg-a"/>
            </allocated_space>
            <available_space>
               <start_address>0x200012dd</start_address>
               <size>0x6d23</size>
            </available_space>
         </usage_details>
      </memory_area>
   </placement_map>
   <cptbl_list>
      <cptbl>
         <name>__TI_cinit_table</name>
         <cprec>
            <name>.data</name>
            <load_address>0x2a48</load_address>
            <load_size>0xc</load_size>
            <run_address>0x200012c8</run_address>
            <run_size>0x15</run_size>
            <compression>lzss</compression>
         </cprec>
         <cprec>
            <name>.bss</name>
            <load_address>0x2a60</load_address>
            <load_size>0x8</load_size>
            <run_address>0x20001270</run_address>
            <run_size>0x58</run_size>
            <compression>zero_init</compression>
         </cprec>
         <cprec>
            <name>.vtable</name>
            <load_address>0x2a68</load_address>
            <load_size>0x8</load_size>
            <run_address>0x20000000</run_address>
            <run_size>0x26c</run_size>
            <compression>zero_init</compression>
         </cprec>
      </cptbl>
   </cptbl_list>
   <handler_table>
      <handler_table_name>__TI_handler_table</handler_table_name>
      <handler>
         <index>0x0</index>
         <name>__TI_zero_init</name>
      </handler>
      <handler>
         <index>0x1</index>
         <name>__TI_decompress_lzss</name>
      </handler>
      <handler>
         <index>0x2</index>
         <name>__TI_decompress_none</name>
      </handler>
   </handler_table>
   <symbol_table>
      <symbol id="sm-1">
         <name>__STACK_TOP</name>
         <value>0x20000470</value>
      </symbol>
      <symbol id="sm-2">
         <name>__start___llvm_prf_cnts</name>
         <value>0x20000000</value>
      </symbol>
      <symbol id="sm-3">
         <name>__stop___llvm_prf_cnts</name>
         <value>0x20000000</value>
      </symbol>
      <symbol id="sm-4">
         <name>__TI_CINIT_Base</name>
         <value>0x2a70</value>
      </symbol>
      <symbol id="sm-5">
         <name>__TI_CINIT_Limit</name>
         <value>0x2a88</value>
      </symbol>
      <symbol id="sm-6">
         <name>__TI_Handler_Table_Base</name>
         <value>0x2a54</value>
      </symbol>
      <symbol id="sm-7">
         <name>__TI_Handler_Table_Limit</name>
         <value>0x2a60</value>
      </symbol>
      <symbol id="sm-8">
         <name>binit</name>
         <value>0xffffffff</value>
      </symbol>
      <symbol id="sm-9">
         <name>__binit__</name>
         <value>0xffffffff</value>
      </symbol>
      <symbol id="sm-a">
         <name>__STACK_SIZE</name>
         <value>0x1000</value>
      </symbol>
      <symbol id="sm-b">
         <name>__STACK_END</name>
         <value>0x20001270</value>
      </symbol>
      <symbol id="sm-c">
         <name>__c_args__</name>
         <value>0xffffffff</value>
      </symbol>
      <symbol id="sm-d">
         <name>__TI_pprof_out_hndl</name>
         <value>0xffffffff</value>
      </symbol>
      <symbol id="sm-e">
         <name>__TI_prof_data_start</name>
         <value>0xffffffff</value>
      </symbol>
      <symbol id="sm-f">
         <name>__TI_prof_data_size</name>
         <value>0xffffffff</value>
      </symbol>
      <symbol id="sm-75">
         <name>_timeout_ticks</name>
         <value>0x200012c4</value>
      </symbol>
      <symbol id="sm-76">
         <name>timer_pause</name>
         <value>0x12f7</value>
         <object_component_ref idref="oc-c4"/>
      </symbol>
      <symbol id="sm-77">
         <name>timer_resume</name>
         <value>0x1309</value>
         <object_component_ref idref="oc-c4"/>
      </symbol>
      <symbol id="sm-78">
         <name>timer_getMillis</name>
         <value>0x131b</value>
         <object_component_ref idref="oc-c4"/>
      </symbol>
      <symbol id="sm-79">
         <name>_running</name>
         <value>0x200012dc</value>
         <object_component_ref idref="oc-11d"/>
      </symbol>
      <symbol id="sm-7a">
         <name>timer_init</name>
         <value>0x1255</value>
         <object_component_ref idref="oc-c4"/>
      </symbol>
      <symbol id="sm-7b">
         <name>timer_stop</name>
         <value>0x12cd</value>
         <object_component_ref idref="oc-c4"/>
      </symbol>
      <symbol id="sm-7c">
         <name>timer_getMicros</name>
         <value>0x1373</value>
         <object_component_ref idref="oc-c4"/>
      </symbol>
      <symbol id="sm-7d">
         <name>timer_waitMillis</name>
         <value>0x13ff</value>
         <object_component_ref idref="oc-c4"/>
      </symbol>
      <symbol id="sm-7e">
         <name>timer_waitMicros</name>
         <value>0x13cd</value>
         <object_component_ref idref="oc-c4"/>
      </symbol>
      <symbol id="sm-cb">
         <name>lcd_sendCommand</name>
         <value>0xe0f</value>
         <object_component_ref idref="oc-ca"/>
      </symbol>
      <symbol id="sm-cc">
         <name>lcd_sendNibble</name>
         <value>0xe4d</value>
         <object_component_ref idref="oc-ca"/>
      </symbol>
      <symbol id="sm-cd">
         <name>lcd_clear</name>
         <value>0x28f1</value>
         <object_component_ref idref="oc-122"/>
      </symbol>
      <symbol id="sm-ce">
         <name>lcd_printf</name>
         <value>0xef7</value>
         <object_component_ref idref="oc-ca"/>
      </symbol>
      <symbol id="sm-cf">
         <name>lcd_setCursorPos</name>
         <value>0xeb9</value>
         <object_component_ref idref="oc-ca"/>
      </symbol>
      <symbol id="sm-d0">
         <name>lcd_init</name>
         <value>0xcf9</value>
         <object_component_ref idref="oc-ca"/>
      </symbol>
      <symbol id="sm-d1">
         <name>lcd_puts</name>
         <value>0xdf1</value>
         <object_component_ref idref="oc-ca"/>
      </symbol>
      <symbol id="sm-d2">
         <name>lcd_putc</name>
         <value>0xdb9</value>
         <object_component_ref idref="oc-ca"/>
      </symbol>
      <symbol id="sm-d3">
         <name>lcd_reverseNibble</name>
         <value>0xcbd</value>
         <object_component_ref idref="oc-ca"/>
      </symbol>
      <symbol id="sm-d4">
         <name>lcd_gotoLine</name>
         <value>0xe91</value>
         <object_component_ref idref="oc-ca"/>
      </symbol>
      <symbol id="sm-e1">
         <name>main</name>
         <value>0x275d</value>
         <object_component_ref idref="oc-9b"/>
      </symbol>
      <symbol id="sm-11f">
         <name>send_pulse</name>
         <value>0x165b</value>
         <object_component_ref idref="oc-d0"/>
      </symbol>
      <symbol id="sm-120">
         <name>g_end_time</name>
         <value>0x200012cc</value>
         <object_component_ref idref="oc-155"/>
      </symbol>
      <symbol id="sm-121">
         <name>TIMER3B_Handler</name>
         <value>0x15d5</value>
         <object_component_ref idref="oc-d0"/>
      </symbol>
      <symbol id="sm-122">
         <name>ping_init</name>
         <value>0x149d</value>
         <object_component_ref idref="oc-d0"/>
      </symbol>
      <symbol id="sm-123">
         <name>g_state</name>
         <value>0x200012d0</value>
         <object_component_ref idref="oc-155"/>
      </symbol>
      <symbol id="sm-124">
         <name>g_start_time</name>
         <value>0x200012c8</value>
         <object_component_ref idref="oc-155"/>
      </symbol>
      <symbol id="sm-125">
         <name>ping_getDistance</name>
         <value>0x167f</value>
         <object_component_ref idref="oc-d0"/>
      </symbol>
      <symbol id="sm-126">
         <name>ping_trigger</name>
         <value>0x1559</value>
         <object_component_ref idref="oc-d0"/>
      </symbol>
      <symbol id="sm-142">
         <name>ResetISR</name>
         <value>0x291b</value>
         <object_component_ref idref="oc-27"/>
      </symbol>
      <symbol id="sm-143">
         <name>g_pfnVectors</name>
         <value>0x0</value>
         <object_component_ref idref="oc-12"/>
      </symbol>
      <symbol id="sm-172">
         <name>vsnprintf</name>
         <value>0x2675</value>
         <object_component_ref idref="oc-129"/>
      </symbol>
      <symbol id="sm-189">
         <name>__aeabi_dsub</name>
         <value>0x18a1</value>
         <object_component_ref idref="oc-150"/>
      </symbol>
      <symbol id="sm-18a">
         <name>__aeabi_dadd</name>
         <value>0x18ab</value>
         <object_component_ref idref="oc-150"/>
      </symbol>
      <symbol id="sm-1a5">
         <name>memcpy</name>
         <value>0x20af</value>
         <object_component_ref idref="oc-3b"/>
      </symbol>
      <symbol id="sm-1a6">
         <name>__aeabi_memcpy</name>
         <value>0x20af</value>
         <object_component_ref idref="oc-3b"/>
      </symbol>
      <symbol id="sm-1a7">
         <name>__aeabi_memcpy8</name>
         <value>0x20af</value>
         <object_component_ref idref="oc-3b"/>
      </symbol>
      <symbol id="sm-1a8">
         <name>__aeabi_memcpy4</name>
         <value>0x20af</value>
         <object_component_ref idref="oc-3b"/>
      </symbol>
      <symbol id="sm-1b2">
         <name>__aeabi_ui2d</name>
         <value>0x27ef</value>
         <object_component_ref idref="oc-14b"/>
      </symbol>
      <symbol id="sm-1cb">
         <name>__TI_zero_init_nomemset</name>
         <value>0x280f</value>
         <object_component_ref idref="oc-47"/>
      </symbol>
      <symbol id="sm-1e2">
         <name>__TI_decompress_none</name>
         <value>0x2901</value>
         <object_component_ref idref="oc-1b"/>
      </symbol>
      <symbol id="sm-205">
         <name>__TI_decompress_lzss</name>
         <value>0x23d5</value>
         <object_component_ref idref="oc-15"/>
      </symbol>
      <symbol id="sm-214">
         <name>strcmp</name>
         <value>0x2879</value>
         <object_component_ref idref="oc-12f"/>
      </symbol>
      <symbol id="sm-222">
         <name>strcpy</name>
         <value>0x28a7</value>
         <object_component_ref idref="oc-135"/>
      </symbol>
      <symbol id="sm-235">
         <name>__stack</name>
         <value>0x20000270</value>
         <object_component_ref idref="oc-24"/>
      </symbol>
      <symbol id="sm-236">
         <name>_c_int00_noargs</name>
         <value>0x2729</value>
         <object_component_ref idref="oc-59"/>
      </symbol>
      <symbol id="sm-39b">
         <name>__TI_printfi</name>
         <value>0x26d</value>
         <object_component_ref idref="oc-18a"/>
      </symbol>
      <symbol id="sm-3bd">
         <name>__aeabi_cdcmpeq</name>
         <value>0x21e1</value>
         <object_component_ref idref="oc-205"/>
      </symbol>
      <symbol id="sm-3be">
         <name>__aeabi_cdcmple</name>
         <value>0x21e1</value>
         <object_component_ref idref="oc-205"/>
      </symbol>
      <symbol id="sm-3bf">
         <name>__aeabi_cdrcmple</name>
         <value>0x2267</value>
         <object_component_ref idref="oc-276"/>
      </symbol>
      <symbol id="sm-3d3">
         <name>__aeabi_ddiv</name>
         <value>0x1b95</value>
         <object_component_ref idref="oc-271"/>
      </symbol>
      <symbol id="sm-3de">
         <name>__aeabi_dmul</name>
         <value>0x1f01</value>
         <object_component_ref idref="oc-26c"/>
      </symbol>
      <symbol id="sm-3e8">
         <name>__aeabi_d2iz</name>
         <value>0x25e9</value>
         <object_component_ref idref="oc-27b"/>
      </symbol>
      <symbol id="sm-3f2">
         <name>__aeabi_i2d</name>
         <value>0x27c1</value>
         <object_component_ref idref="oc-286"/>
      </symbol>
      <symbol id="sm-401">
         <name>__aeabi_memset</name>
         <value>0x22ef</value>
         <object_component_ref idref="oc-8f"/>
      </symbol>
      <symbol id="sm-402">
         <name>memset</name>
         <value>0x22f5</value>
         <object_component_ref idref="oc-8f"/>
      </symbol>
      <symbol id="sm-403">
         <name>__aeabi_memset8</name>
         <value>0x22ef</value>
         <object_component_ref idref="oc-8f"/>
      </symbol>
      <symbol id="sm-404">
         <name>__aeabi_memset4</name>
         <value>0x22ef</value>
         <object_component_ref idref="oc-8f"/>
      </symbol>
      <symbol id="sm-405">
         <name>__aeabi_memclr8</name>
         <value>0x22ed</value>
         <object_component_ref idref="oc-8f"/>
      </symbol>
      <symbol id="sm-406">
         <name>__aeabi_memclr4</name>
         <value>0x22ed</value>
         <object_component_ref idref="oc-8f"/>
      </symbol>
      <symbol id="sm-407">
         <name>__aeabi_memclr</name>
         <value>0x22ed</value>
         <object_component_ref idref="oc-8f"/>
      </symbol>
      <symbol id="sm-414">
         <name>__aeabi_uldivmod</name>
         <value>0x214b</value>
         <object_component_ref idref="oc-265"/>
      </symbol>
      <symbol id="sm-43c">
         <name>__TI_auto_init_nobinit_nopinit</name>
         <value>0x2631</value>
         <object_component_ref idref="oc-e3"/>
      </symbol>
      <symbol id="sm-446">
         <name>_system_pre_init</name>
         <value>0x2931</value>
         <object_component_ref idref="oc-95"/>
      </symbol>
      <symbol id="sm-452">
         <name>C$$EXIT</name>
         <value>0x2935</value>
         <object_component_ref idref="oc-d7"/>
      </symbol>
      <symbol id="sm-453">
         <name>abort</name>
         <value>0x2935</value>
         <object_component_ref idref="oc-d7"/>
      </symbol>
      <symbol id="sm-463">
         <name>__TI_ltoa</name>
         <value>0x24f7</value>
         <object_component_ref idref="oc-280"/>
      </symbol>
      <symbol id="sm-47a">
         <name>atoi</name>
         <value>0x259d</value>
         <object_component_ref idref="oc-1f9"/>
      </symbol>
      <symbol id="sm-485">
         <name>_ctypes_</name>
         <value>0x2938</value>
         <object_component_ref idref="oc-260"/>
      </symbol>
      <symbol id="sm-495">
         <name>memccpy</name>
         <value>0x282b</value>
         <object_component_ref idref="oc-222"/>
      </symbol>
      <symbol id="sm-4a5">
         <name>strchr</name>
         <value>0x2891</value>
         <object_component_ref idref="oc-2b2"/>
      </symbol>
      <symbol id="sm-4b3">
         <name>strlen</name>
         <value>0x28bb</value>
         <object_component_ref idref="oc-1f3"/>
      </symbol>
      <symbol id="sm-4c9">
         <name>__aeabi_errno_addr</name>
         <value>0x2929</value>
         <object_component_ref idref="oc-22e"/>
      </symbol>
      <symbol id="sm-4ca">
         <name>errno</name>
         <value>0x200012d8</value>
         <object_component_ref idref="oc-2c2"/>
      </symbol>
      <symbol id="sm-4e3">
         <name>wcslen</name>
         <value>0x28cf</value>
         <object_component_ref idref="oc-228"/>
      </symbol>
      <symbol id="sm-503">
         <name>frexpl</name>
         <value>0x243d</value>
         <object_component_ref idref="oc-2a6"/>
      </symbol>
      <symbol id="sm-504">
         <name>frexp</name>
         <value>0x243d</value>
         <object_component_ref idref="oc-2a6"/>
      </symbol>
      <symbol id="sm-521">
         <name>scalbn</name>
         <value>0x1df1</value>
         <object_component_ref idref="oc-2ac"/>
      </symbol>
      <symbol id="sm-522">
         <name>scalbnl</name>
         <value>0x1df1</value>
         <object_component_ref idref="oc-2ac"/>
      </symbol>
      <symbol id="sm-523">
         <name>ldexpl</name>
         <value>0x1df1</value>
         <object_component_ref idref="oc-2ac"/>
      </symbol>
      <symbol id="sm-524">
         <name>ldexp</name>
         <value>0x1df1</value>
         <object_component_ref idref="oc-2ac"/>
      </symbol>
      <symbol id="sm-52e">
         <name>__aeabi_idiv0</name>
         <value>0xcbb</value>
         <object_component_ref idref="oc-2da"/>
      </symbol>
      <symbol id="sm-52f">
         <name>__aeabi_ldiv0</name>
         <value>0xcbb</value>
         <object_component_ref idref="oc-2da"/>
      </symbol>
      <symbol id="sm-539">
         <name>copysign</name>
         <value>0x2847</value>
         <object_component_ref idref="oc-2f2"/>
      </symbol>
      <symbol id="sm-53a">
         <name>copysignl</name>
         <value>0x2847</value>
         <object_component_ref idref="oc-2f2"/>
      </symbol>
      <symbol id="sm-569">
         <name>IntRegister</name>
         <value>0x26f5</value>
         <object_component_ref idref="oc-117"/>
      </symbol>
      <symbol id="sm-56a">
         <name>g_pfnRAMVectors</name>
         <value>0x20000000</value>
         <object_component_ref idref="oc-17e"/>
      </symbol>
      <symbol id="sm-56b">
         <name>IntMasterEnable</name>
         <value>0x28e1</value>
         <object_component_ref idref="oc-145"/>
      </symbol>
      <symbol id="sm-575">
         <name>CPUcpsie</name>
         <value>0x290f</value>
         <object_component_ref idref="oc-1b8"/>
      </symbol>
      <symbol id="sm-576">
         <name>__TI_static_base__</name>
         <value>0x0</value>
      </symbol>
      <symbol id="sm-579">
         <name>__mpu_init</name>
         <value>0x0</value>
      </symbol>
      <symbol id="sm-57a">
         <name>_system_post_cinit</name>
         <value>0x0</value>
      </symbol>
   </symbol_table>
   <title>Link successful</title>
</link_info>
