******************************************************************************
                  TI ARM Linker PC v20.2.7                     
******************************************************************************
>> Linked Mon Apr  7 17:44:24 2025

OUTPUT FILE NAME:   <Lab09.out>
ENTRY POINT SYMBOL: "_c_int00_noargs"  address: 00002729


MEMORY CONFIGURATION

         name            origin    length      used     unused   attr    fill
----------------------  --------  ---------  --------  --------  ----  --------
  FLASH                 00000000   00040000  00002a81  0003d57f  R  X
  SRAM                  20000000   00008000  000012d9  00006d27  RW X


SEGMENT ALLOCATION MAP

run origin  load origin   length   init length attrs members
----------  ----------- ---------- ----------- ----- -------
00000000    00000000    00002a88   00002a88    r-x
  00000000    00000000    0000026c   0000026c    r-- .intvecs
  0000026c    0000026c    000026cc   000026cc    r-x .text
  00002938    00002938    00000109   00000109    r-- .const
  00002a48    00002a48    00000040   00000040    r-- .cinit
20000000    20000000    000012dd   00000000    rw-
  20000000    20000000    0000026c   00000000    rw- .vtable
  20000270    20000270    00001000   00000000    rw- .stack
  20001270    20001270    00000058   00000000    rw- .bss
  200012c8    200012c8    00000015   00000000    rw- .data


SECTION ALLOCATION MAP

 output                                  attributes/
section   page    origin      length       input sections
--------  ----  ----------  ----------   ----------------
.intvecs   0    00000000    0000026c     
                  00000000    0000026c     tm4c123gh6pm_startup_ccs.obj (.intvecs)

.text      0    0000026c    000026cc     
                  0000026c    00000a4e     rtsv7M4_T_le_v4SPD16_eabi.lib : _printfi.c.obj (.text:__TI_printfi)
                  00000cba    00000002                                   : div0.asm.obj (.text)
                  00000cbc    00000328     lcd.obj (.text)
                  00000fe4    00000270     rtsv7M4_T_le_v4SPD16_eabi.lib : _printfi.c.obj (.text:_pconv_a)
                  00001254    00000248     Timer.obj (.text)
                  0000149c    00000234     ping.obj (.text)
                  000016d0    000001d0     rtsv7M4_T_le_v4SPD16_eabi.lib : _printfi.c.obj (.text:_pconv_g)
                  000018a0    000001b6                                   : fd_add_t2.asm.obj (.text)
                  00001a56    00000002     --HOLE-- [fill = 0]
                  00001a58    0000013c                                   : _printfi.c.obj (.text:_pconv_e)
                  00001b94    00000136                                   : fd_div_t2.asm.obj (.text)
                  00001cca    00000002     --HOLE-- [fill = 0]
                  00001ccc    00000124                                   : _printfi.c.obj (.text:fcvt)
                  00001df0    00000110                                   : s_scalbn.c.obj (.text:scalbn)
                  00001f00    000000fc                                   : fd_mul_t2.asm.obj (.text)
                  00001ffc    000000b1                                   : _printfi.c.obj (.text:_ltostr)
                  000020ad    00000001     --HOLE-- [fill = 0]
                  000020ae    0000009c                                   : memcpy_t2.asm.obj (.text)
                  0000214a    00000096                                   : ull_div_t2.asm.obj (.text)
                  000021e0    00000086                                   : fd_cmp_t2.asm.obj (.text:__aeabi_cdcmple)
                  00002266    00000086                                   : fd_cmp_t2.asm.obj (.text:__aeabi_cdrcmple)
                  000022ec    0000007a                                   : memset_t2.asm.obj (.text)
                  00002366    0000006e                                   : _printfi.c.obj (.text:_mcpy)
                  000023d4    00000068                                   : copy_decompress_lzss.c.obj (.text:decompress:lzss:__TI_decompress_lzss)
                  0000243c    00000064                                   : s_frexp.c.obj (.text:frexp)
                  000024a0    00000056                                   : _printfi.c.obj (.text:_pconv_f)
                  000024f6    00000054                                   : _ltoa.c.obj (.text:__TI_ltoa)
                  0000254a    00000052                                   : _printfi.c.obj (.text:_ecpy)
                  0000259c    0000004c                                   : atoi.c.obj (.text:atoi)
                  000025e8    00000048                                   : fd_toi_t2.asm.obj (.text)
                  00002630    00000044                                   : autoinit.c.obj (.text:__TI_auto_init_nobinit_nopinit:__TI_auto_init_nobinit_nopinit)
                  00002674    00000040                                   : vsnprintf.c.obj (.text:vsnprintf)
                  000026b4    0000003e                                   : _printfi.c.obj (.text:_fcpy)
                  000026f2    00000002     --HOLE-- [fill = 0]
                  000026f4    00000034     driverlib.lib : interrupt.obj (.text:IntRegister)
                  00002728    00000034     rtsv7M4_T_le_v4SPD16_eabi.lib : boot_cortex_m.c.obj (.text:_c_int00_noargs:_c_int00_noargs)
                  0000275c    00000034     main.obj (.text)
                  00002790    00000030     rtsv7M4_T_le_v4SPD16_eabi.lib : vsnprintf.c.obj (.text:_outs)
                  000027c0    0000002e                                   : i_tofd_t2.asm.obj (.text)
                  000027ee    00000020                                   : u_tofd_t2.asm.obj (.text)
                  0000280e    0000001c                                   : copy_zero_init.c.obj (.text:decompress:ZI:__TI_zero_init_nomemset:__TI_zero_init_nomemset)
                  0000282a    0000001c                                   : memccpy.c.obj (.text:memccpy)
                  00002846    0000001a                                   : s_copysign.c.obj (.text:copysign)
                  00002860    00000018                                   : vsnprintf.c.obj (.text:_outc)
                  00002878    00000018                                   : strcmp.c.obj (.text:strcmp)
                  00002890    00000016                                   : strchr.c.obj (.text:strchr)
                  000028a6    00000014                                   : strcpy.c.obj (.text:strcpy)
                  000028ba    00000014                                   : strlen.c.obj (.text:strlen)
                  000028ce    00000012                                   : wcslen.c.obj (.text:wcslen)
                  000028e0    00000010     driverlib.lib : interrupt.obj (.text:IntMasterEnable)
                  000028f0    00000010     lcd.obj (.text:lcd_clear)
                  00002900    0000000e     rtsv7M4_T_le_v4SPD16_eabi.lib : copy_decompress_none.c.obj (.text:decompress:none:__TI_decompress_none)
                  0000290e    0000000c     driverlib.lib : cpu.obj (.text:CPUcpsie)
                  0000291a    0000000c     tm4c123gh6pm_startup_ccs.obj (.text)
                  00002926    00000002     --HOLE-- [fill = 0]
                  00002928    00000008     rtsv7M4_T_le_v4SPD16_eabi.lib : errno.c.obj (.text:__aeabi_errno_addr)
                  00002930    00000004                                   : pre_init.c.obj (.text:_system_pre_init)
                  00002934    00000004                                   : exit.c.obj (.text:abort:abort)

.const     0    00002938    00000109     
                  00002938    00000101     rtsv7M4_T_le_v4SPD16_eabi.lib : ctype.c.obj (.const:.string:_ctypes_)
                  00002a39    00000004     lcd.obj (.const:.string:lineAddress$1)
                  00002a3d    00000004     lcd.obj (.const:.string:lineAddresses$2)

.cinit     0    00002a48    00000040     
                  00002a48    0000000c     (.cinit..data.load) [load image, compression = lzss]
                  00002a54    0000000c     (__TI_handler_table)
                  00002a60    00000008     (.cinit..bss.load) [load image, compression = zero_init]
                  00002a68    00000008     (.cinit..vtable.load) [load image, compression = zero_init]
                  00002a70    00000018     (__TI_cinit_table)

.init_array 
*          0    00000000    00000000     UNINITIALIZED

.vtable    0    20000000    0000026c     UNINITIALIZED
                  20000000    0000026c     driverlib.lib : interrupt.obj (.vtable)

.bss       0    20001270    00000058     UNINITIALIZED
                  20001270    00000054     lcd.obj (.bss:lastbuffer$3)
                  200012c4    00000004     (.common:_timeout_ticks)

.data      0    200012c8    00000015     UNINITIALIZED
                  200012c8    00000010     ping.obj (.data)
                  200012d8    00000004     rtsv7M4_T_le_v4SPD16_eabi.lib : errno.c.obj (.data)
                  200012dc    00000001     Timer.obj (.data)

.stack     0    20000270    00001000     UNINITIALIZED
                  20000270    00000004     rtsv7M4_T_le_v4SPD16_eabi.lib : boot_cortex_m.c.obj (.stack)
                  20000274    00000ffc     --HOLE--

__llvm_prf_cnts 
*          0    20000000    00000000     UNINITIALIZED

MODULE SUMMARY

       Module                         code   ro data   rw data
       ------                         ----   -------   -------
    .\
       lcd.obj                        824    8         84     
       tm4c123gh6pm_startup_ccs.obj   12     620       0      
       Timer.obj                      584    0         5      
       ping.obj                       564    0         16     
       main.obj                       52     0         0      
    +--+------------------------------+------+---------+---------+
       Total:                         2036   628       105    
                                                              
    C:/ti/TivaWare_C_Series-2.2.0.295/driverlib/ccs/Debug/driverlib.lib
       interrupt.obj                  68     0         620    
       cpu.obj                        12     0         0      
    +--+------------------------------+------+---------+---------+
       Total:                         80     0         620    
                                                              
    C:\ti\ccs1271\ccs\tools\compiler\ti-cgt-arm_20.2.7.LTS\lib\rtsv7M4_T_le_v4SPD16_eabi.lib
       _printfi.c.obj                 4851   0         0      
       fd_add_t2.asm.obj              438    0         0      
       fd_div_t2.asm.obj              310    0         0      
       s_scalbn.c.obj                 272    0         0      
       fd_cmp_t2.asm.obj              268    0         0      
       ctype.c.obj                    0      257       0      
       fd_mul_t2.asm.obj              252    0         0      
       memcpy_t2.asm.obj              156    0         0      
       ull_div_t2.asm.obj             150    0         0      
       vsnprintf.c.obj                136    0         0      
       memset_t2.asm.obj              122    0         0      
       copy_decompress_lzss.c.obj     104    0         0      
       s_frexp.c.obj                  100    0         0      
       _ltoa.c.obj                    84     0         0      
       atoi.c.obj                     76     0         0      
       fd_toi_t2.asm.obj              72     0         0      
       autoinit.c.obj                 68     0         0      
       boot_cortex_m.c.obj            52     0         0      
       i_tofd_t2.asm.obj              46     0         0      
       u_tofd_t2.asm.obj              32     0         0      
       copy_zero_init.c.obj           28     0         0      
       memccpy.c.obj                  28     0         0      
       s_copysign.c.obj               26     0         0      
       strcmp.c.obj                   24     0         0      
       strchr.c.obj                   22     0         0      
       strcpy.c.obj                   20     0         0      
       strlen.c.obj                   20     0         0      
       wcslen.c.obj                   18     0         0      
       copy_decompress_none.c.obj     14     0         0      
       errno.c.obj                    8      0         4      
       exit.c.obj                     4      0         0      
       pre_init.c.obj                 4      0         0      
       div0.asm.obj                   2      0         0      
    +--+------------------------------+------+---------+---------+
       Total:                         7807   257       4      
                                                              
       Stack:                         0      0         4096   
       Linker Generated:              0      64        0      
    +--+------------------------------+------+---------+---------+
       Grand Total:                   9923   949       4825   


LINKER GENERATED COPY TABLES

__TI_cinit_table @ 00002a70 records: 3, size/record: 8, table size: 24
	.data: load addr=00002a48, load size=0000000c bytes, run addr=200012c8, run size=00000015 bytes, compression=lzss
	.bss: load addr=00002a60, load size=00000008 bytes, run addr=20001270, run size=00000058 bytes, compression=zero_init
	.vtable: load addr=00002a68, load size=00000008 bytes, run addr=20000000, run size=0000026c bytes, compression=zero_init


LINKER GENERATED HANDLER TABLE

__TI_handler_table @ 00002a54 records: 3, size/record: 4, table size: 12
	index: 0, handler: __TI_zero_init
	index: 1, handler: __TI_decompress_lzss
	index: 2, handler: __TI_decompress_none


GLOBAL SYMBOLS: SORTED ALPHABETICALLY BY Name 

address   name                          
-------   ----                          
00002935  C$$EXIT                       
0000290f  CPUcpsie                      
000028e1  IntMasterEnable               
000026f5  IntRegister                   
0000291b  ResetISR                      
000015d5  TIMER3B_Handler               
20001270  __STACK_END                   
00001000  __STACK_SIZE                  
20000470  __STACK_TOP                   
00002a70  __TI_CINIT_Base               
00002a88  __TI_CINIT_Limit              
00002a54  __TI_Handler_Table_Base       
00002a60  __TI_Handler_Table_Limit      
00002631  __TI_auto_init_nobinit_nopinit
000023d5  __TI_decompress_lzss          
00002901  __TI_decompress_none          
000024f7  __TI_ltoa                     
ffffffff  __TI_pprof_out_hndl           
0000026d  __TI_printfi                  
ffffffff  __TI_prof_data_size           
ffffffff  __TI_prof_data_start          
00000000  __TI_static_base__            
0000280f  __TI_zero_init_nomemset       
000021e1  __aeabi_cdcmpeq               
000021e1  __aeabi_cdcmple               
00002267  __aeabi_cdrcmple              
000025e9  __aeabi_d2iz                  
000018ab  __aeabi_dadd                  
00001b95  __aeabi_ddiv                  
00001f01  __aeabi_dmul                  
000018a1  __aeabi_dsub                  
00002929  __aeabi_errno_addr            
000027c1  __aeabi_i2d                   
00000cbb  __aeabi_idiv0                 
00000cbb  __aeabi_ldiv0                 
000022ed  __aeabi_memclr                
000022ed  __aeabi_memclr4               
000022ed  __aeabi_memclr8               
000020af  __aeabi_memcpy                
000020af  __aeabi_memcpy4               
000020af  __aeabi_memcpy8               
000022ef  __aeabi_memset                
000022ef  __aeabi_memset4               
000022ef  __aeabi_memset8               
000027ef  __aeabi_ui2d                  
0000214b  __aeabi_uldivmod              
ffffffff  __binit__                     
ffffffff  __c_args__                    
UNDEFED   __mpu_init                    
20000270  __stack                       
20000000  __start___llvm_prf_cnts       
20000000  __stop___llvm_prf_cnts        
00002729  _c_int00_noargs               
00002938  _ctypes_                      
200012dc  _running                      
UNDEFED   _system_post_cinit            
00002931  _system_pre_init              
200012c4  _timeout_ticks                
00002935  abort                         
0000259d  atoi                          
ffffffff  binit                         
00002847  copysign                      
00002847  copysignl                     
200012d8  errno                         
0000243d  frexp                         
0000243d  frexpl                        
200012cc  g_end_time                    
20000000  g_pfnRAMVectors               
00000000  g_pfnVectors                  
200012c8  g_start_time                  
200012d0  g_state                       
000028f1  lcd_clear                     
00000e91  lcd_gotoLine                  
00000cf9  lcd_init                      
00000ef7  lcd_printf                    
00000db9  lcd_putc                      
00000df1  lcd_puts                      
00000cbd  lcd_reverseNibble             
00000e0f  lcd_sendCommand               
00000e4d  lcd_sendNibble                
00000eb9  lcd_setCursorPos              
00001df1  ldexp                         
00001df1  ldexpl                        
0000275d  main                          
0000282b  memccpy                       
000020af  memcpy                        
000022f5  memset                        
0000167f  ping_getDistance              
0000149d  ping_init                     
00001559  ping_trigger                  
00001df1  scalbn                        
00001df1  scalbnl                       
0000165b  send_pulse                    
00002891  strchr                        
00002879  strcmp                        
000028a7  strcpy                        
000028bb  strlen                        
00001373  timer_getMicros               
0000131b  timer_getMillis               
00001255  timer_init                    
000012f7  timer_pause                   
00001309  timer_resume                  
000012cd  timer_stop                    
000013cd  timer_waitMicros              
000013ff  timer_waitMillis              
00002675  vsnprintf                     
000028cf  wcslen                        


GLOBAL SYMBOLS: SORTED BY Symbol Address 

address   name                          
-------   ----                          
00000000  __TI_static_base__            
00000000  g_pfnVectors                  
0000026d  __TI_printfi                  
00000cbb  __aeabi_idiv0                 
00000cbb  __aeabi_ldiv0                 
00000cbd  lcd_reverseNibble             
00000cf9  lcd_init                      
00000db9  lcd_putc                      
00000df1  lcd_puts                      
00000e0f  lcd_sendCommand               
00000e4d  lcd_sendNibble                
00000e91  lcd_gotoLine                  
00000eb9  lcd_setCursorPos              
00000ef7  lcd_printf                    
00001000  __STACK_SIZE                  
00001255  timer_init                    
000012cd  timer_stop                    
000012f7  timer_pause                   
00001309  timer_resume                  
0000131b  timer_getMillis               
00001373  timer_getMicros               
000013cd  timer_waitMicros              
000013ff  timer_waitMillis              
0000149d  ping_init                     
00001559  ping_trigger                  
000015d5  TIMER3B_Handler               
0000165b  send_pulse                    
0000167f  ping_getDistance              
000018a1  __aeabi_dsub                  
000018ab  __aeabi_dadd                  
00001b95  __aeabi_ddiv                  
00001df1  ldexp                         
00001df1  ldexpl                        
00001df1  scalbn                        
00001df1  scalbnl                       
00001f01  __aeabi_dmul                  
000020af  __aeabi_memcpy                
000020af  __aeabi_memcpy4               
000020af  __aeabi_memcpy8               
000020af  memcpy                        
0000214b  __aeabi_uldivmod              
000021e1  __aeabi_cdcmpeq               
000021e1  __aeabi_cdcmple               
00002267  __aeabi_cdrcmple              
000022ed  __aeabi_memclr                
000022ed  __aeabi_memclr4               
000022ed  __aeabi_memclr8               
000022ef  __aeabi_memset                
000022ef  __aeabi_memset4               
000022ef  __aeabi_memset8               
000022f5  memset                        
000023d5  __TI_decompress_lzss          
0000243d  frexp                         
0000243d  frexpl                        
000024f7  __TI_ltoa                     
0000259d  atoi                          
000025e9  __aeabi_d2iz                  
00002631  __TI_auto_init_nobinit_nopinit
00002675  vsnprintf                     
000026f5  IntRegister                   
00002729  _c_int00_noargs               
0000275d  main                          
000027c1  __aeabi_i2d                   
000027ef  __aeabi_ui2d                  
0000280f  __TI_zero_init_nomemset       
0000282b  memccpy                       
00002847  copysign                      
00002847  copysignl                     
00002879  strcmp                        
00002891  strchr                        
000028a7  strcpy                        
000028bb  strlen                        
000028cf  wcslen                        
000028e1  IntMasterEnable               
000028f1  lcd_clear                     
00002901  __TI_decompress_none          
0000290f  CPUcpsie                      
0000291b  ResetISR                      
00002929  __aeabi_errno_addr            
00002931  _system_pre_init              
00002935  C$$EXIT                       
00002935  abort                         
00002938  _ctypes_                      
00002a54  __TI_Handler_Table_Base       
00002a60  __TI_Handler_Table_Limit      
00002a70  __TI_CINIT_Base               
00002a88  __TI_CINIT_Limit              
20000000  __start___llvm_prf_cnts       
20000000  __stop___llvm_prf_cnts        
20000000  g_pfnRAMVectors               
20000270  __stack                       
20000470  __STACK_TOP                   
20001270  __STACK_END                   
200012c4  _timeout_ticks                
200012c8  g_start_time                  
200012cc  g_end_time                    
200012d0  g_state                       
200012d8  errno                         
200012dc  _running                      
ffffffff  __TI_pprof_out_hndl           
ffffffff  __TI_prof_data_size           
ffffffff  __TI_prof_data_start          
ffffffff  __binit__                     
ffffffff  __c_args__                    
ffffffff  binit                         
UNDEFED   __mpu_init                    
UNDEFED   _system_post_cinit            

[107 symbols]
