******************************************************************************
                  TI ARM Linker PC v20.2.7                     
******************************************************************************
>> Linked Mon Apr 14 16:45:02 2025

OUTPUT FILE NAME:   <Lab10.out>
ENTRY POINT SYMBOL: "_c_int00_noargs"  address: 0000293d


MEMORY CONFIGURATION

         name            origin    length      used     unused   attr    fill
----------------------  --------  ---------  --------  --------  ----  --------
  FLASH                 00000000   00040000  00002c6d  0003d393  R  X
  SRAM                  20000000   00008000  000012d2  00006d2e  RW X


SEGMENT ALLOCATION MAP

run origin  load origin   length   init length attrs members
----------  ----------- ---------- ----------- ----- -------
00000000    00000000    00002c70   00002c70    r-x
  00000000    00000000    0000026c   0000026c    r-- .intvecs
  0000026c    0000026c    00002890   00002890    r-x .text
  00002afc    00002afc    00000131   00000131    r-- .const
  00002c30    00002c30    00000040   00000040    r-- .cinit
20000000    20000000    000012d6   00000000    rw-
  20000000    20000000    0000026c   00000000    rw- .vtable
  20000270    20000270    00001000   00000000    rw- .stack
  20001270    20001270    00000058   00000000    rw- .bss
  200012c8    200012c8    0000000e   00000000    rw- .data


SECTION ALLOCATION MAP

 output                                  attributes/
section   page    origin      length       input sections
--------  ----  ----------  ----------   ----------------
.intvecs   0    00000000    0000026c     
                  00000000    0000026c     tm4c123gh6pm_startup_ccs.obj (.intvecs)

.text      0    0000026c    00002890     
                  0000026c    00000a4e     rtsv7M4_T_le_v4SPD16_eabi.lib : _printfi.c.obj (.text:__TI_printfi)
                  00000cba    00000002                                   : div0.asm.obj (.text)
                  00000cbc    00000328     lcd.obj (.text)
                  00000fe4    00000270     rtsv7M4_T_le_v4SPD16_eabi.lib : _printfi.c.obj (.text:_pconv_a)
                  00001254    00000248     Timer.obj (.text)
                  0000149c    000001f0     main.obj (.text)
                  0000168c    000001d0     rtsv7M4_T_le_v4SPD16_eabi.lib : _printfi.c.obj (.text:_pconv_g)
                  0000185c    000001b6                                   : fd_add_t2.asm.obj (.text)
                  00001a12    00000002     --HOLE-- [fill = 0]
                  00001a14    0000017c     servo.obj (.text)
                  00001b90    0000013c     rtsv7M4_T_le_v4SPD16_eabi.lib : _printfi.c.obj (.text:_pconv_e)
                  00001ccc    00000136                                   : fd_div_t2.asm.obj (.text)
                  00001e02    00000002     --HOLE-- [fill = 0]
                  00001e04    00000124                                   : _printfi.c.obj (.text:fcvt)
                  00001f28    00000110                                   : s_scalbn.c.obj (.text:scalbn)
                  00002038    000000fc                                   : fd_mul_t2.asm.obj (.text)
                  00002134    000000b1                                   : _printfi.c.obj (.text:_ltostr)
                  000021e5    00000001     --HOLE-- [fill = 0]
                  000021e6    0000009c                                   : memcpy_t2.asm.obj (.text)
                  00002282    00000002     --HOLE-- [fill = 0]
                  00002284    00000098     button.obj (.text)
                  0000231c    00000096     rtsv7M4_T_le_v4SPD16_eabi.lib : ull_div_t2.asm.obj (.text)
                  000023b2    00000086                                   : fd_cmp_t2.asm.obj (.text:__aeabi_cdcmple)
                  00002438    00000086                                   : fd_cmp_t2.asm.obj (.text:__aeabi_cdrcmple)
                  000024be    0000007a                                   : memset_t2.asm.obj (.text)
                  00002538    0000006e                                   : _printfi.c.obj (.text:_mcpy)
                  000025a6    00000068                                   : copy_decompress_lzss.c.obj (.text:decompress:lzss:__TI_decompress_lzss)
                  0000260e    00000002     --HOLE-- [fill = 0]
                  00002610    00000064                                   : s_frexp.c.obj (.text:frexp)
                  00002674    00000056                                   : _printfi.c.obj (.text:_pconv_f)
                  000026ca    00000054                                   : _ltoa.c.obj (.text:__TI_ltoa)
                  0000271e    00000052                                   : _printfi.c.obj (.text:_ecpy)
                  00002770    0000004c                                   : atoi.c.obj (.text:atoi)
                  000027bc    00000048                                   : fd_toi_t2.asm.obj (.text)
                  00002804    00000044                                   : autoinit.c.obj (.text:__TI_auto_init_nobinit_nopinit:__TI_auto_init_nobinit_nopinit)
                  00002848    00000040                                   : sprintf.c.obj (.text:sprintf)
                  00002888    00000040                                   : vsnprintf.c.obj (.text:vsnprintf)
                  000028c8    0000003e                                   : _printfi.c.obj (.text:_fcpy)
                  00002906    00000002     --HOLE-- [fill = 0]
                  00002908    00000034     driverlib.lib : interrupt.obj (.text:IntRegister)
                  0000293c    00000034     rtsv7M4_T_le_v4SPD16_eabi.lib : boot_cortex_m.c.obj (.text:_c_int00_noargs:_c_int00_noargs)
                  00002970    00000030                                   : vsnprintf.c.obj (.text:_outs)
                  000029a0    0000002e                                   : i_tofd_t2.asm.obj (.text)
                  000029ce    0000001c                                   : copy_zero_init.c.obj (.text:decompress:ZI:__TI_zero_init_nomemset:__TI_zero_init_nomemset)
                  000029ea    0000001c                                   : memccpy.c.obj (.text:memccpy)
                  00002a06    0000001a                                   : s_copysign.c.obj (.text:copysign)
                  00002a20    00000018                                   : vsnprintf.c.obj (.text:_outc)
                  00002a38    00000018                                   : sprintf.c.obj (.text:_outs)
                  00002a50    00000018                                   : strcmp.c.obj (.text:strcmp)
                  00002a68    00000016                                   : strchr.c.obj (.text:strchr)
                  00002a7e    00000014                                   : strcpy.c.obj (.text:strcpy)
                  00002a92    00000014                                   : strlen.c.obj (.text:strlen)
                  00002aa6    00000012                                   : wcslen.c.obj (.text:wcslen)
                  00002ab8    00000010     lcd.obj (.text:lcd_clear)
                  00002ac8    0000000e     rtsv7M4_T_le_v4SPD16_eabi.lib : copy_decompress_none.c.obj (.text:decompress:none:__TI_decompress_none)
                  00002ad6    0000000c     tm4c123gh6pm_startup_ccs.obj (.text)
                  00002ae2    0000000a     rtsv7M4_T_le_v4SPD16_eabi.lib : sprintf.c.obj (.text:_outc)
                  00002aec    00000008                                   : errno.c.obj (.text:__aeabi_errno_addr)
                  00002af4    00000004                                   : pre_init.c.obj (.text:_system_pre_init)
                  00002af8    00000004                                   : exit.c.obj (.text:abort:abort)

.const     0    00002afc    00000131     
                  00002afc    00000101     rtsv7M4_T_le_v4SPD16_eabi.lib : ctype.c.obj (.const:.string:_ctypes_)
                  00002bfd    00000028     main.obj (.const:.string:$P$T0$1)
                  00002c25    00000004     lcd.obj (.const:.string:lineAddress$1)
                  00002c29    00000004     lcd.obj (.const:.string:lineAddresses$2)

.cinit     0    00002c30    00000040     
                  00002c30    0000000c     (.cinit..data.load) [load image, compression = lzss]
                  00002c3c    0000000c     (__TI_handler_table)
                  00002c48    00000008     (.cinit..bss.load) [load image, compression = zero_init]
                  00002c50    00000008     (.cinit..vtable.load) [load image, compression = zero_init]
                  00002c58    00000018     (__TI_cinit_table)

.init_array 
*          0    00000000    00000000     UNINITIALIZED

.vtable    0    20000000    0000026c     UNINITIALIZED
                  20000000    0000026c     driverlib.lib : interrupt.obj (.vtable)

.bss       0    20001270    00000058     UNINITIALIZED
                  20001270    00000054     lcd.obj (.bss:lastbuffer$3)
                  200012c4    00000004     (.common:_timeout_ticks)

.data      0    200012c8    0000000e     UNINITIALIZED
                  200012c8    00000008     main.obj (.data)
                  200012d0    00000004     rtsv7M4_T_le_v4SPD16_eabi.lib : errno.c.obj (.data)
                  200012d4    00000001     Timer.obj (.data)
                  200012d5    00000001     button.obj (.data)

.stack     0    20000270    00001000     UNINITIALIZED
                  20000270    00000004     rtsv7M4_T_le_v4SPD16_eabi.lib : boot_cortex_m.c.obj (.stack)
                  20000274    00000ffc     --HOLE--

__llvm_prf_cnts 
*          0    20000000    00000000     UNINITIALIZED

MODULE SUMMARY

       Module                         code    ro data   rw data
       ------                         ----    -------   -------
    .\
       lcd.obj                        824     8         84     
       tm4c123gh6pm_startup_ccs.obj   12      620       0      
       Timer.obj                      584     0         5      
       main.obj                       496     40        8      
       servo.obj                      380     0         0      
       button.obj                     152     0         1      
    +--+------------------------------+-------+---------+---------+
       Total:                         2448    668       98     
                                                               
    C:/ti/TivaWare_C_Series-2.2.0.295/driverlib/ccs/Debug/driverlib.lib
       interrupt.obj                  52      0         620    
    +--+------------------------------+-------+---------+---------+
       Total:                         52      0         620    
                                                               
    C:\ti\ccs1271\ccs\tools\compiler\ti-cgt-arm_20.2.7.LTS\lib\rtsv7M4_T_le_v4SPD16_eabi.lib
       _printfi.c.obj                 4851    0         0      
       fd_add_t2.asm.obj              438     0         0      
       fd_div_t2.asm.obj              310     0         0      
       s_scalbn.c.obj                 272     0         0      
       fd_cmp_t2.asm.obj              268     0         0      
       ctype.c.obj                    0       257       0      
       fd_mul_t2.asm.obj              252     0         0      
       memcpy_t2.asm.obj              156     0         0      
       ull_div_t2.asm.obj             150     0         0      
       vsnprintf.c.obj                136     0         0      
       memset_t2.asm.obj              122     0         0      
       copy_decompress_lzss.c.obj     104     0         0      
       s_frexp.c.obj                  100     0         0      
       sprintf.c.obj                  98      0         0      
       _ltoa.c.obj                    84      0         0      
       atoi.c.obj                     76      0         0      
       fd_toi_t2.asm.obj              72      0         0      
       autoinit.c.obj                 68      0         0      
       boot_cortex_m.c.obj            52      0         0      
       i_tofd_t2.asm.obj              46      0         0      
       copy_zero_init.c.obj           28      0         0      
       memccpy.c.obj                  28      0         0      
       s_copysign.c.obj               26      0         0      
       strcmp.c.obj                   24      0         0      
       strchr.c.obj                   22      0         0      
       strcpy.c.obj                   20      0         0      
       strlen.c.obj                   20      0         0      
       wcslen.c.obj                   18      0         0      
       copy_decompress_none.c.obj     14      0         0      
       errno.c.obj                    8       0         4      
       exit.c.obj                     4       0         0      
       pre_init.c.obj                 4       0         0      
       div0.asm.obj                   2       0         0      
    +--+------------------------------+-------+---------+---------+
       Total:                         7873    257       4      
                                                               
       Stack:                         0       0         4096   
       Linker Generated:              0       64        0      
    +--+------------------------------+-------+---------+---------+
       Grand Total:                   10373   989       4818   


LINKER GENERATED COPY TABLES

__TI_cinit_table @ 00002c58 records: 3, size/record: 8, table size: 24
	.data: load addr=00002c30, load size=0000000c bytes, run addr=200012c8, run size=0000000e bytes, compression=lzss
	.bss: load addr=00002c48, load size=00000008 bytes, run addr=20001270, run size=00000058 bytes, compression=zero_init
	.vtable: load addr=00002c50, load size=00000008 bytes, run addr=20000000, run size=0000026c bytes, compression=zero_init


LINKER GENERATED HANDLER TABLE

__TI_handler_table @ 00002c3c records: 3, size/record: 4, table size: 12
	index: 0, handler: __TI_zero_init
	index: 1, handler: __TI_decompress_lzss
	index: 2, handler: __TI_decompress_none


GLOBAL SYMBOLS: SORTED ALPHABETICALLY BY Name 

address   name                          
-------   ----                          
00002af9  C$$EXIT                       
00002909  IntRegister                   
00002ad7  ResetISR                      
20001270  __STACK_END                   
00001000  __STACK_SIZE                  
20000470  __STACK_TOP                   
00002c58  __TI_CINIT_Base               
00002c70  __TI_CINIT_Limit              
00002c3c  __TI_Handler_Table_Base       
00002c48  __TI_Handler_Table_Limit      
00002805  __TI_auto_init_nobinit_nopinit
000025a7  __TI_decompress_lzss          
00002ac9  __TI_decompress_none          
000026cb  __TI_ltoa                     
ffffffff  __TI_pprof_out_hndl           
0000026d  __TI_printfi                  
ffffffff  __TI_prof_data_size           
ffffffff  __TI_prof_data_start          
00000000  __TI_static_base__            
000029cf  __TI_zero_init_nomemset       
000023b3  __aeabi_cdcmpeq               
000023b3  __aeabi_cdcmple               
00002439  __aeabi_cdrcmple              
000027bd  __aeabi_d2iz                  
00001867  __aeabi_dadd                  
00001ccd  __aeabi_ddiv                  
00002039  __aeabi_dmul                  
0000185d  __aeabi_dsub                  
00002aed  __aeabi_errno_addr            
000029a1  __aeabi_i2d                   
00000cbb  __aeabi_idiv0                 
00000cbb  __aeabi_ldiv0                 
000024bf  __aeabi_memclr                
000024bf  __aeabi_memclr4               
000024bf  __aeabi_memclr8               
000021e7  __aeabi_memcpy                
000021e7  __aeabi_memcpy4               
000021e7  __aeabi_memcpy8               
000024c1  __aeabi_memset                
000024c1  __aeabi_memset4               
000024c1  __aeabi_memset8               
0000231d  __aeabi_uldivmod              
ffffffff  __binit__                     
ffffffff  __c_args__                    
UNDEFED   __mpu_init                    
20000270  __stack                       
20000000  __start___llvm_prf_cnts       
20000000  __stop___llvm_prf_cnts        
0000293d  _c_int00_noargs               
00002afc  _ctypes_                      
200012d4  _running                      
UNDEFED   _system_post_cinit            
00002af5  _system_pre_init              
200012c4  _timeout_ticks                
00002af9  abort                         
200012cc  angle                         
00002771  atoi                          
ffffffff  binit                         
000022b9  button_getButton              
00002285  button_init                   
0000149d  button_press                  
00002a07  copysign                      
00002a07  copysignl                     
200012d0  errno                         
00002611  frexp                         
00002611  frexpl                        
20000000  g_pfnRAMVectors               
00000000  g_pfnVectors                  
00002ab9  lcd_clear                     
00000e91  lcd_gotoLine                  
00000cf9  lcd_init                      
00000ef7  lcd_printf                    
00000db9  lcd_putc                      
00000df1  lcd_puts                      
00000cbd  lcd_reverseNibble             
00000e0f  lcd_sendCommand               
00000e4d  lcd_sendNibble                
00000eb9  lcd_setCursorPos              
00001f29  ldexp                         
00001f29  ldexpl                        
000015f5  main                          
000029eb  memccpy                       
000021e7  memcpy                        
000024c7  memset                        
00001f29  scalbn                        
00001f29  scalbnl                       
200012c8  servo_dir                     
00001a15  servo_init                    
00001ac1  servo_move                    
00002849  sprintf                       
00002a69  strchr                        
00002a51  strcmp                        
00002a7f  strcpy                        
00002a93  strlen                        
00001373  timer_getMicros               
0000131b  timer_getMillis               
00001255  timer_init                    
000012f7  timer_pause                   
00001309  timer_resume                  
000012cd  timer_stop                    
000013cd  timer_waitMicros              
000013ff  timer_waitMillis              
00002889  vsnprintf                     
00002aa7  wcslen                        


GLOBAL SYMBOLS: SORTED BY Symbol Address 

address   name                          
-------   ----                          
00000000  __TI_static_base__            
00000000  g_pfnVectors                  
0000026d  __TI_printfi                  
00000cbb  __aeabi_idiv0                 
00000cbb  __aeabi_ldiv0                 
00000cbd  lcd_reverseNibble             
00000cf9  lcd_init                      
00000db9  lcd_putc                      
00000df1  lcd_puts                      
00000e0f  lcd_sendCommand               
00000e4d  lcd_sendNibble                
00000e91  lcd_gotoLine                  
00000eb9  lcd_setCursorPos              
00000ef7  lcd_printf                    
00001000  __STACK_SIZE                  
00001255  timer_init                    
000012cd  timer_stop                    
000012f7  timer_pause                   
00001309  timer_resume                  
0000131b  timer_getMillis               
00001373  timer_getMicros               
000013cd  timer_waitMicros              
000013ff  timer_waitMillis              
0000149d  button_press                  
000015f5  main                          
0000185d  __aeabi_dsub                  
00001867  __aeabi_dadd                  
00001a15  servo_init                    
00001ac1  servo_move                    
00001ccd  __aeabi_ddiv                  
00001f29  ldexp                         
00001f29  ldexpl                        
00001f29  scalbn                        
00001f29  scalbnl                       
00002039  __aeabi_dmul                  
000021e7  __aeabi_memcpy                
000021e7  __aeabi_memcpy4               
000021e7  __aeabi_memcpy8               
000021e7  memcpy                        
00002285  button_init                   
000022b9  button_getButton              
0000231d  __aeabi_uldivmod              
000023b3  __aeabi_cdcmpeq               
000023b3  __aeabi_cdcmple               
00002439  __aeabi_cdrcmple              
000024bf  __aeabi_memclr                
000024bf  __aeabi_memclr4               
000024bf  __aeabi_memclr8               
000024c1  __aeabi_memset                
000024c1  __aeabi_memset4               
000024c1  __aeabi_memset8               
000024c7  memset                        
000025a7  __TI_decompress_lzss          
00002611  frexp                         
00002611  frexpl                        
000026cb  __TI_ltoa                     
00002771  atoi                          
000027bd  __aeabi_d2iz                  
00002805  __TI_auto_init_nobinit_nopinit
00002849  sprintf                       
00002889  vsnprintf                     
00002909  IntRegister                   
0000293d  _c_int00_noargs               
000029a1  __aeabi_i2d                   
000029cf  __TI_zero_init_nomemset       
000029eb  memccpy                       
00002a07  copysign                      
00002a07  copysignl                     
00002a51  strcmp                        
00002a69  strchr                        
00002a7f  strcpy                        
00002a93  strlen                        
00002aa7  wcslen                        
00002ab9  lcd_clear                     
00002ac9  __TI_decompress_none          
00002ad7  ResetISR                      
00002aed  __aeabi_errno_addr            
00002af5  _system_pre_init              
00002af9  C$$EXIT                       
00002af9  abort                         
00002afc  _ctypes_                      
00002c3c  __TI_Handler_Table_Base       
00002c48  __TI_Handler_Table_Limit      
00002c58  __TI_CINIT_Base               
00002c70  __TI_CINIT_Limit              
20000000  __start___llvm_prf_cnts       
20000000  __stop___llvm_prf_cnts        
20000000  g_pfnRAMVectors               
20000270  __stack                       
20000470  __STACK_TOP                   
20001270  __STACK_END                   
200012c4  _timeout_ticks                
200012c8  servo_dir                     
200012cc  angle                         
200012d0  errno                         
200012d4  _running                      
ffffffff  __TI_pprof_out_hndl           
ffffffff  __TI_prof_data_size           
ffffffff  __TI_prof_data_start          
ffffffff  __binit__                     
ffffffff  __c_args__                    
ffffffff  binit                         
UNDEFED   __mpu_init                    
UNDEFED   _system_post_cinit            

[104 symbols]
